[0.637s] Invoking command in '/home/angelina/EAT40005-Project/ros2_ws/build/data_tools': CMAKE_PREFIX_PATH=${CMAKE_PREFIX_PATH}:/home/angelina/turtlebot3_ws/install/turtlebot3_teleop:/home/angelina/turtlebot3_ws/install/turtlebot3_example:/opt/ros/humble /usr/bin/cmake /home/angelina/EAT40005-Project/ros2_ws/src/cam_lidar_tools/data_tools -DCMAKE_INSTALL_PREFIX=/home/angelina/EAT40005-Project/ros2_ws/install/data_tools
[2.679s] [31mCMake Error at CMakeLists.txt:27 (find_package):
[2.679s]   By not providing "Findpcl_ros.cmake" in CMAKE_MODULE_PATH this project has
[2.679s]   asked CMake to find a package configuration file provided by "pcl_ros", but
[2.679s]   CMake did not find one.
[2.679s] 
[2.679s]   Could not find a package configuration file provided by "pcl_ros" with any
[2.679s]   of the following names:
[2.679s] 
[2.679s]     pcl_rosConfig.cmake
[2.679s]     pcl_ros-config.cmake
[2.679s] 
[2.679s]   Add the installation prefix of "pcl_ros" to CMAKE_PREFIX_PATH or set
[2.679s]   "pcl_ros_DIR" to a directory containing one of the above files.  If
[2.679s]   "pcl_ros" provides a separate development package or SDK, be sure it has
[2.679s]   been installed.
[2.679s] 
[2.679s] [0m
[2.680s] -- Found ament_cmake: 1.3.11 (/opt/ros/humble/share/ament_cmake/cmake)
[2.680s] -- Found rclcpp: 16.0.12 (/opt/ros/humble/share/rclcpp/cmake)
[2.680s] -- Found rosidl_generator_c: 3.1.6 (/opt/ros/humble/share/rosidl_generator_c/cmake)
[2.680s] -- Found rosidl_adapter: 3.1.6 (/opt/ros/humble/share/rosidl_adapter/cmake)
[2.680s] -- Found rosidl_generator_cpp: 3.1.6 (/opt/ros/humble/share/rosidl_generator_cpp/cmake)
[2.680s] -- Using all available rosidl_typesupport_c: rosidl_typesupport_fastrtps_c;rosidl_typesupport_introspection_c
[2.680s] -- Using all available rosidl_typesupport_cpp: rosidl_typesupport_fastrtps_cpp;rosidl_typesupport_introspection_cpp
[2.680s] -- Found rmw_implementation_cmake: 6.1.2 (/opt/ros/humble/share/rmw_implementation_cmake/cmake)
[2.680s] -- Found rmw_cyclonedds_cpp: 1.3.4 (/opt/ros/humble/share/rmw_cyclonedds_cpp/cmake)
[2.681s] -- Using RMW implementation 'rmw_cyclonedds_cpp' as default
[2.681s] -- Found sensor_msgs: 4.8.0 (/opt/ros/humble/share/sensor_msgs/cmake)
[2.681s] -- Found visualization_msgs: 4.8.0 (/opt/ros/humble/share/visualization_msgs/cmake)
[2.681s] -- Configuring incomplete, errors occurred!
[2.681s] See also "/home/angelina/EAT40005-Project/ros2_ws/build/data_tools/CMakeFiles/CMakeOutput.log".
[2.929s] Invoked command in '/home/angelina/EAT40005-Project/ros2_ws/build/data_tools' returned '1': CMAKE_PREFIX_PATH=${CMAKE_PREFIX_PATH}:/home/angelina/turtlebot3_ws/install/turtlebot3_teleop:/home/angelina/turtlebot3_ws/install/turtlebot3_example:/opt/ros/humble /usr/bin/cmake /home/angelina/EAT40005-Project/ros2_ws/src/cam_lidar_tools/data_tools -DCMAKE_INSTALL_PREFIX=/home/angelina/EAT40005-Project/ros2_ws/install/data_tools
