[3.105s] Invoking command in '/home/angelina/EAT40005-Project/ros2_ws/src/odom_to_base_link_tf': PYTHONPATH=/home/angelina/EAT40005-Project/ros2_ws/build/odom_to_base_link_tf/prefix_override:/usr/lib/python3/dist-packages/colcon_core/task/python/colcon_distutils_commands:/home/angelina/EAT40005-Project/ros2_ws/install/odom_to_base_link_tf/lib/python3.10/site-packages:${PYTHONPATH} /usr/bin/python3 -W ignore:setup.py install is deprecated -W ignore:easy_install command is deprecated setup.py egg_info --egg-base ../../build/odom_to_base_link_tf build --build-base /home/angelina/EAT40005-Project/ros2_ws/build/odom_to_base_link_tf/build install --record /home/angelina/EAT40005-Project/ros2_ws/build/odom_to_base_link_tf/install.log --single-version-externally-managed install_data
[3.579s] running egg_info
[3.580s] writing ../../build/odom_to_base_link_tf/odom_to_base_link_tf.egg-info/PKG-INFO
[3.581s] writing dependency_links to ../../build/odom_to_base_link_tf/odom_to_base_link_tf.egg-info/dependency_links.txt
[3.581s] writing entry points to ../../build/odom_to_base_link_tf/odom_to_base_link_tf.egg-info/entry_points.txt
[3.582s] writing requirements to ../../build/odom_to_base_link_tf/odom_to_base_link_tf.egg-info/requires.txt
[3.582s] writing top-level names to ../../build/odom_to_base_link_tf/odom_to_base_link_tf.egg-info/top_level.txt
[3.583s] reading manifest file '../../build/odom_to_base_link_tf/odom_to_base_link_tf.egg-info/SOURCES.txt'
[3.586s] writing manifest file '../../build/odom_to_base_link_tf/odom_to_base_link_tf.egg-info/SOURCES.txt'
[3.586s] running build
[3.586s] running build_py
[3.587s] running install
[3.587s] running install_lib
[3.589s] running install_data
[3.589s] running install_egg_info
[3.589s] removing '/home/angelina/EAT40005-Project/ros2_ws/install/odom_to_base_link_tf/lib/python3.10/site-packages/odom_to_base_link_tf-0.0.0-py3.10.egg-info' (and everything under it)
[3.590s] Copying ../../build/odom_to_base_link_tf/odom_to_base_link_tf.egg-info to /home/angelina/EAT40005-Project/ros2_ws/install/odom_to_base_link_tf/lib/python3.10/site-packages/odom_to_base_link_tf-0.0.0-py3.10.egg-info
[3.591s] running install_scripts
[3.615s] Installing odom_to_base_link_tf_node script to /home/angelina/EAT40005-Project/ros2_ws/install/odom_to_base_link_tf/lib/odom_to_base_link_tf
[3.615s] writing list of installed files to '/home/angelina/EAT40005-Project/ros2_ws/build/odom_to_base_link_tf/install.log'
[3.642s] Invoked command in '/home/angelina/EAT40005-Project/ros2_ws/src/odom_to_base_link_tf' returned '0': PYTHONPATH=/home/angelina/EAT40005-Project/ros2_ws/build/odom_to_base_link_tf/prefix_override:/usr/lib/python3/dist-packages/colcon_core/task/python/colcon_distutils_commands:/home/angelina/EAT40005-Project/ros2_ws/install/odom_to_base_link_tf/lib/python3.10/site-packages:${PYTHONPATH} /usr/bin/python3 -W ignore:setup.py install is deprecated -W ignore:easy_install command is deprecated setup.py egg_info --egg-base ../../build/odom_to_base_link_tf build --build-base /home/angelina/EAT40005-Project/ros2_ws/build/odom_to_base_link_tf/build install --record /home/angelina/EAT40005-Project/ros2_ws/build/odom_to_base_link_tf/install.log --single-version-externally-managed install_data
