[0.068s] Invoking command in '/home/angelina/EAT40005-Project/ros2_ws/build/cam2image': CMAKE_PREFIX_PATH=${CMAKE_PREFIX_PATH}:/home/angelina/turtlebot3_ws/install/turtlebot3_teleop:/home/angelina/turtlebot3_ws/install/turtlebot3_example:/opt/ros/humble /usr/bin/cmake /home/angelina/EAT40005-Project/ros2_ws/src/cam_lidar_tools/drivers/cam2image -DCMAKE_INSTALL_PREFIX=/home/angelina/EAT40005-Project/ros2_ws/install/cam2image
[1.916s] -- The C compiler identification is GNU 11.4.0
[1.945s] -- The CXX compiler identification is GNU 11.4.0
[1.969s] -- Detecting C compiler ABI info
[2.055s] -- Detecting C compiler ABI info - done
[2.063s] -- Check for working C compiler: /usr/bin/cc - skipped
[2.063s] -- Detecting C compile features
[2.063s] -- Detecting C compile features - done
[2.069s] -- Detecting CXX compiler ABI info
[2.152s] -- Detecting CXX compiler ABI info - done
[2.160s] -- Check for working CXX compiler: /usr/bin/c++ - skipped
[2.161s] -- Detecting CXX compile features
[2.163s] -- Detecting CXX compile features - done
[2.179s] -- Found ament_cmake: 1.3.11 (/opt/ros/humble/share/ament_cmake/cmake)
[2.463s] -- Found Python3: /usr/bin/python3 (found version "3.10.12") found components: Interpreter 
[2.728s] -- Found rclcpp: 16.0.12 (/opt/ros/humble/share/rclcpp/cmake)
[2.841s] -- Found rosidl_generator_c: 3.1.6 (/opt/ros/humble/share/rosidl_generator_c/cmake)
[2.858s] -- Found rosidl_adapter: 3.1.6 (/opt/ros/humble/share/rosidl_adapter/cmake)
[2.886s] -- Found rosidl_generator_cpp: 3.1.6 (/opt/ros/humble/share/rosidl_generator_cpp/cmake)
[2.933s] -- Using all available rosidl_typesupport_c: rosidl_typesupport_fastrtps_c;rosidl_typesupport_introspection_c
[2.996s] -- Using all available rosidl_typesupport_cpp: rosidl_typesupport_fastrtps_cpp;rosidl_typesupport_introspection_cpp
[3.181s] -- Found rmw_implementation_cmake: 6.1.2 (/opt/ros/humble/share/rmw_implementation_cmake/cmake)
[3.199s] -- Found rmw_cyclonedds_cpp: 1.3.4 (/opt/ros/humble/share/rmw_cyclonedds_cpp/cmake)
[3.306s] -- Using RMW implementation 'rmw_cyclonedds_cpp' as default
[3.352s] -- Looking for pthread.h
[3.503s] -- Looking for pthread.h - found
[3.503s] -- Performing Test CMAKE_HAVE_LIBC_PTHREAD
[3.605s] -- Performing Test CMAKE_HAVE_LIBC_PTHREAD - Success
[3.608s] -- Found Threads: TRUE  
[3.726s] -- Found rclcpp_components: 16.0.12 (/opt/ros/humble/share/rclcpp_components/cmake)
[3.797s] -- Found sensor_msgs: 4.8.0 (/opt/ros/humble/share/sensor_msgs/cmake)
[3.842s] -- Found OpenCV: /usr (found version "4.5.4") 
[3.849s] -- Found ament_lint_auto: 0.12.12 (/opt/ros/humble/share/ament_lint_auto/cmake)
[3.942s] -- Found python_cmake_module: 0.10.0 (/opt/ros/humble/share/python_cmake_module/cmake)
[3.962s] -- Found PythonInterp: /usr/bin/python3 (found suitable version "3.10.12", minimum required is "3.6") 
[3.975s] -- Found PythonLibs: /usr/lib/x86_64-linux-gnu/libpython3.10.so (found suitable version "3.10.12", minimum required is "3.5") 
[3.975s] -- Using PYTHON_EXECUTABLE: /usr/bin/python3
[3.975s] -- Using PYTHON_INCLUDE_DIRS: /usr/include/python3.10
[3.976s] -- Using PYTHON_LIBRARIES: /usr/lib/x86_64-linux-gnu/libpython3.10.so
[3.992s] -- Found PythonExtra: .so  
[4.101s] -- Added test 'copyright' to check source files copyright and LICENSE
[4.104s] -- Added test 'cppcheck' to perform static code analysis on C / C++ code
[4.105s] -- Configured cppcheck include dirs: /home/angelina/EAT40005-Project/ros2_ws/src/cam_lidar_tools/drivers/cam2image/include
[4.105s] -- Configured cppcheck exclude dirs and/or files: 
[4.105s] -- Added test 'cpplint' to check C / C++ code against the Google style
[4.105s] -- Configured cpplint exclude dirs and/or files: 
[4.106s] -- Added test 'flake8' to check Python code syntax and style conventions
[4.106s] -- Added test 'lint_cmake' to check CMake code style
[4.107s] -- Added test 'pep257' to check Python code against some of the docstring style conventions in PEP 257
[4.107s] -- Added test 'uncrustify' to check C / C++ code style
[4.107s] -- Configured uncrustify additional arguments: 
[4.108s] -- Added test 'xmllint' to check XML markup files
[4.109s] -- Configuring done
[4.123s] -- Generating done
[4.127s] -- Build files have been written to: /home/angelina/EAT40005-Project/ros2_ws/build/cam2image
