[0.425s] Invoking command in '/home/angelina/EAT40005-Project/ros2_ws/build/data_tools': CMAKE_PREFIX_PATH=${CMAKE_PREFIX_PATH}:/home/angelina/turtlebot3_ws/install/turtlebot3_teleop:/home/angelina/turtlebot3_ws/install/turtlebot3_example:/opt/ros/humble /usr/bin/cmake /home/angelina/EAT40005-Project/ros2_ws/src/cam_lidar_tools/data_tools -DCMAKE_INSTALL_PREFIX=/home/angelina/EAT40005-Project/ros2_ws/install/data_tools
[1.898s] -- The C compiler identification is GNU 11.4.0
[1.925s] -- The CXX compiler identification is GNU 11.4.0
[1.950s] -- Detecting C compiler ABI info
[2.033s] -- Detecting C compiler ABI info - done
[2.041s] -- Check for working C compiler: /usr/bin/cc - skipped
[2.041s] -- Detecting C compile features
[2.043s] -- Detecting C compile features - done
[2.049s] -- Detecting CXX compiler ABI info
[2.134s] -- Detecting CXX compiler ABI info - done
[2.142s] -- Check for working CXX compiler: /usr/bin/c++ - skipped
[2.142s] -- Detecting CXX compile features
[2.143s] -- Detecting CXX compile features - done
[2.160s] -- Found ament_cmake: 1.3.11 (/opt/ros/humble/share/ament_cmake/cmake)
[2.485s] -- Found Python3: /usr/bin/python3 (found version "3.10.12") found components: Interpreter 
[2.708s] -- Found rclcpp: 16.0.12 (/opt/ros/humble/share/rclcpp/cmake)
[2.821s] -- Found rosidl_generator_c: 3.1.6 (/opt/ros/humble/share/rosidl_generator_c/cmake)
[2.838s] -- Found rosidl_adapter: 3.1.6 (/opt/ros/humble/share/rosidl_adapter/cmake)
[2.866s] -- Found rosidl_generator_cpp: 3.1.6 (/opt/ros/humble/share/rosidl_generator_cpp/cmake)
[2.914s] -- Using all available rosidl_typesupport_c: rosidl_typesupport_fastrtps_c;rosidl_typesupport_introspection_c
[2.976s] -- Using all available rosidl_typesupport_cpp: rosidl_typesupport_fastrtps_cpp;rosidl_typesupport_introspection_cpp
[3.161s] -- Found rmw_implementation_cmake: 6.1.2 (/opt/ros/humble/share/rmw_implementation_cmake/cmake)
[3.179s] -- Found rmw_cyclonedds_cpp: 1.3.4 (/opt/ros/humble/share/rmw_cyclonedds_cpp/cmake)
[3.286s] -- Using RMW implementation 'rmw_cyclonedds_cpp' as default
[3.332s] -- Looking for pthread.h
[3.484s] -- Looking for pthread.h - found
[3.485s] -- Performing Test CMAKE_HAVE_LIBC_PTHREAD
[3.598s] -- Performing Test CMAKE_HAVE_LIBC_PTHREAD - Success
[3.600s] -- Found Threads: TRUE  
[3.705s] -- Found sensor_msgs: 4.8.0 (/opt/ros/humble/share/sensor_msgs/cmake)
[3.733s] -- Found visualization_msgs: 4.8.0 (/opt/ros/humble/share/visualization_msgs/cmake)
[3.771s] -- Configuring incomplete, errors occurred!
[3.771s] See also "/home/angelina/EAT40005-Project/ros2_ws/build/data_tools/CMakeFiles/CMakeOutput.log".
[3.771s] [31mCMake Error at CMakeLists.txt:27 (find_package):
[3.771s]   By not providing "Findpcl_ros.cmake" in CMAKE_MODULE_PATH this project has
[3.771s]   asked CMake to find a package configuration file provided by "pcl_ros", but
[3.771s]   CMake did not find one.
[3.771s] 
[3.772s]   Could not find a package configuration file provided by "pcl_ros" with any
[3.772s]   of the following names:
[3.772s] 
[3.772s]     pcl_rosConfig.cmake
[3.772s]     pcl_ros-config.cmake
[3.772s] 
[3.772s]   Add the installation prefix of "pcl_ros" to CMAKE_PREFIX_PATH or set
[3.772s]   "pcl_ros_DIR" to a directory containing one of the above files.  If
[3.772s]   "pcl_ros" provides a separate development package or SDK, be sure it has
[3.772s]   been installed.
[3.772s] 
[3.772s] [0m
[3.778s] Invoked command in '/home/angelina/EAT40005-Project/ros2_ws/build/data_tools' returned '1': CMAKE_PREFIX_PATH=${CMAKE_PREFIX_PATH}:/home/angelina/turtlebot3_ws/install/turtlebot3_teleop:/home/angelina/turtlebot3_ws/install/turtlebot3_example:/opt/ros/humble /usr/bin/cmake /home/angelina/EAT40005-Project/ros2_ws/src/cam_lidar_tools/data_tools -DCMAKE_INSTALL_PREFIX=/home/angelina/EAT40005-Project/ros2_ws/install/data_tools
