[0.465s] Invoking command in '/home/angelina/EAT40005-Project/ros2_ws/src/odom_receiver': PYTHONPATH=/home/angelina/EAT40005-Project/ros2_ws/build/odom_receiver/prefix_override:/usr/lib/python3/dist-packages/colcon_core/task/python/colcon_distutils_commands:/home/angelina/EAT40005-Project/ros2_ws/install/odom_receiver/lib/python3.10/site-packages:${PYTHONPATH} /usr/bin/python3 -W ignore:setup.py install is deprecated -W ignore:easy_install command is deprecated setup.py egg_info --egg-base ../../build/odom_receiver build --build-base /home/angelina/EAT40005-Project/ros2_ws/build/odom_receiver/build install --record /home/angelina/EAT40005-Project/ros2_ws/build/odom_receiver/install.log --single-version-externally-managed
[0.586s] running egg_info
[0.586s] writing ../../build/odom_receiver/odom_receiver.egg-info/PKG-INFO
[0.586s] writing dependency_links to ../../build/odom_receiver/odom_receiver.egg-info/dependency_links.txt
[0.586s] writing entry points to ../../build/odom_receiver/odom_receiver.egg-info/entry_points.txt
[0.587s] writing requirements to ../../build/odom_receiver/odom_receiver.egg-info/requires.txt
[0.587s] writing top-level names to ../../build/odom_receiver/odom_receiver.egg-info/top_level.txt
[0.587s] reading manifest file '../../build/odom_receiver/odom_receiver.egg-info/SOURCES.txt'
[0.588s] writing manifest file '../../build/odom_receiver/odom_receiver.egg-info/SOURCES.txt'
[0.588s] running build
[0.588s] running build_py
[0.588s] copying odom_receiver/odom_receiver.py -> /home/angelina/EAT40005-Project/ros2_ws/build/odom_receiver/build/lib/odom_receiver
[0.588s] running install
[0.588s] running install_lib
[0.588s] copying /home/angelina/EAT40005-Project/ros2_ws/build/odom_receiver/build/lib/odom_receiver/odom_receiver.py -> /home/angelina/EAT40005-Project/ros2_ws/install/odom_receiver/lib/python3.10/site-packages/odom_receiver
[0.589s] byte-compiling /home/angelina/EAT40005-Project/ros2_ws/install/odom_receiver/lib/python3.10/site-packages/odom_receiver/odom_receiver.py to odom_receiver.cpython-310.pyc
[0.589s] Sorry: TabError: inconsistent use of tabs and spaces in indentation (odom_receiver.py, line 48)
[0.589s] running install_egg_info
[0.590s] removing '/home/angelina/EAT40005-Project/ros2_ws/install/odom_receiver/lib/python3.10/site-packages/odom_receiver-0.0.0-py3.10.egg-info' (and everything under it)
[0.590s] Copying ../../build/odom_receiver/odom_receiver.egg-info to /home/angelina/EAT40005-Project/ros2_ws/install/odom_receiver/lib/python3.10/site-packages/odom_receiver-0.0.0-py3.10.egg-info
[0.591s] running install_scripts
[0.602s] Installing odom_receiver script to /home/angelina/EAT40005-Project/ros2_ws/install/odom_receiver/lib/odom_receiver
[0.602s] writing list of installed files to '/home/angelina/EAT40005-Project/ros2_ws/build/odom_receiver/install.log'
[0.616s] Invoked command in '/home/angelina/EAT40005-Project/ros2_ws/src/odom_receiver' returned '0': PYTHONPATH=/home/angelina/EAT40005-Project/ros2_ws/build/odom_receiver/prefix_override:/usr/lib/python3/dist-packages/colcon_core/task/python/colcon_distutils_commands:/home/angelina/EAT40005-Project/ros2_ws/install/odom_receiver/lib/python3.10/site-packages:${PYTHONPATH} /usr/bin/python3 -W ignore:setup.py install is deprecated -W ignore:easy_install command is deprecated setup.py egg_info --egg-base ../../build/odom_receiver build --build-base /home/angelina/EAT40005-Project/ros2_ws/build/odom_receiver/build install --record /home/angelina/EAT40005-Project/ros2_ws/build/odom_receiver/install.log --single-version-externally-managed
