running egg_info
creating ../../build/lidar_socket_pub/lidar_socket_pub.egg-info
writing ../../build/lidar_socket_pub/lidar_socket_pub.egg-info/PKG-INFO
writing dependency_links to ../../build/lidar_socket_pub/lidar_socket_pub.egg-info/dependency_links.txt
writing entry points to ../../build/lidar_socket_pub/lidar_socket_pub.egg-info/entry_points.txt
writing requirements to ../../build/lidar_socket_pub/lidar_socket_pub.egg-info/requires.txt
writing top-level names to ../../build/lidar_socket_pub/lidar_socket_pub.egg-info/top_level.txt
writing manifest file '../../build/lidar_socket_pub/lidar_socket_pub.egg-info/SOURCES.txt'
reading manifest file '../../build/lidar_socket_pub/lidar_socket_pub.egg-info/SOURCES.txt'
writing manifest file '../../build/lidar_socket_pub/lidar_socket_pub.egg-info/SOURCES.txt'
running build
running build_py
creating /home/angelina/EAT40005-Project/lidar_ws/build/lidar_socket_pub/build
creating /home/angelina/EAT40005-Project/lidar_ws/build/lidar_socket_pub/build/lib
creating /home/angelina/EAT40005-Project/lidar_ws/build/lidar_socket_pub/build/lib/lidar_socket_pub
copying lidar_socket_pub/__init__.py -> /home/angelina/EAT40005-Project/lidar_ws/build/lidar_socket_pub/build/lib/lidar_socket_pub
copying lidar_socket_pub/lidar_socket_pub.py -> /home/angelina/EAT40005-Project/lidar_ws/build/lidar_socket_pub/build/lib/lidar_socket_pub
running install
running install_lib
creating /home/angelina/EAT40005-Project/lidar_ws/install/lidar_socket_pub/lib/python3.10/site-packages/lidar_socket_pub
copying /home/angelina/EAT40005-Project/lidar_ws/build/lidar_socket_pub/build/lib/lidar_socket_pub/__init__.py -> /home/angelina/EAT40005-Project/lidar_ws/install/lidar_socket_pub/lib/python3.10/site-packages/lidar_socket_pub
copying /home/angelina/EAT40005-Project/lidar_ws/build/lidar_socket_pub/build/lib/lidar_socket_pub/lidar_socket_pub.py -> /home/angelina/EAT40005-Project/lidar_ws/install/lidar_socket_pub/lib/python3.10/site-packages/lidar_socket_pub
byte-compiling /home/angelina/EAT40005-Project/lidar_ws/install/lidar_socket_pub/lib/python3.10/site-packages/lidar_socket_pub/__init__.py to __init__.cpython-310.pyc
byte-compiling /home/angelina/EAT40005-Project/lidar_ws/install/lidar_socket_pub/lib/python3.10/site-packages/lidar_socket_pub/lidar_socket_pub.py to lidar_socket_pub.cpython-310.pyc
running install_data
creating /home/angelina/EAT40005-Project/lidar_ws/install/lidar_socket_pub/share/ament_index
creating /home/angelina/EAT40005-Project/lidar_ws/install/lidar_socket_pub/share/ament_index/resource_index
creating /home/angelina/EAT40005-Project/lidar_ws/install/lidar_socket_pub/share/ament_index/resource_index/packages
copying resource/lidar_socket_pub -> /home/angelina/EAT40005-Project/lidar_ws/install/lidar_socket_pub/share/ament_index/resource_index/packages
copying package.xml -> /home/angelina/EAT40005-Project/lidar_ws/install/lidar_socket_pub/share/lidar_socket_pub
running install_egg_info
Copying ../../build/lidar_socket_pub/lidar_socket_pub.egg-info to /home/angelina/EAT40005-Project/lidar_ws/install/lidar_socket_pub/lib/python3.10/site-packages/lidar_socket_pub-0.0.0-py3.10.egg-info
running install_scripts
Installing lidar_socket_pub script to /home/angelina/EAT40005-Project/lidar_ws/install/lidar_socket_pub/lib/lidar_socket_pub
writing list of installed files to '/home/angelina/EAT40005-Project/lidar_ws/build/lidar_socket_pub/install.log'
