[0.911s] Invoking command in '/home/angelina/EAT40005-Project/lidar_ws/src/lidar_socket_pub': PYTHONPATH=/home/angelina/EAT40005-Project/lidar_ws/build/lidar_socket_pub/prefix_override:/usr/lib/python3/dist-packages/colcon_core/task/python/colcon_distutils_commands:/home/angelina/EAT40005-Project/lidar_ws/install/lidar_socket_pub/lib/python3.10/site-packages:${PYTHONPATH} /usr/bin/python3 -W ignore:setup.py install is deprecated -W ignore:easy_install command is deprecated setup.py egg_info --egg-base ../../build/lidar_socket_pub build --build-base /home/angelina/EAT40005-Project/lidar_ws/build/lidar_socket_pub/build install --record /home/angelina/EAT40005-Project/lidar_ws/build/lidar_socket_pub/install.log --single-version-externally-managed install_data
[1.035s] running egg_info
[1.036s] creating ../../build/lidar_socket_pub/lidar_socket_pub.egg-info
[1.036s] writing ../../build/lidar_socket_pub/lidar_socket_pub.egg-info/PKG-INFO
[1.036s] writing dependency_links to ../../build/lidar_socket_pub/lidar_socket_pub.egg-info/dependency_links.txt
[1.036s] writing entry points to ../../build/lidar_socket_pub/lidar_socket_pub.egg-info/entry_points.txt
[1.036s] writing requirements to ../../build/lidar_socket_pub/lidar_socket_pub.egg-info/requires.txt
[1.036s] writing top-level names to ../../build/lidar_socket_pub/lidar_socket_pub.egg-info/top_level.txt
[1.036s] writing manifest file '../../build/lidar_socket_pub/lidar_socket_pub.egg-info/SOURCES.txt'
[1.037s] reading manifest file '../../build/lidar_socket_pub/lidar_socket_pub.egg-info/SOURCES.txt'
[1.037s] writing manifest file '../../build/lidar_socket_pub/lidar_socket_pub.egg-info/SOURCES.txt'
[1.037s] running build
[1.037s] running build_py
[1.037s] creating /home/angelina/EAT40005-Project/lidar_ws/build/lidar_socket_pub/build
[1.037s] creating /home/angelina/EAT40005-Project/lidar_ws/build/lidar_socket_pub/build/lib
[1.037s] creating /home/angelina/EAT40005-Project/lidar_ws/build/lidar_socket_pub/build/lib/lidar_socket_pub
[1.037s] copying lidar_socket_pub/__init__.py -> /home/angelina/EAT40005-Project/lidar_ws/build/lidar_socket_pub/build/lib/lidar_socket_pub
[1.037s] copying lidar_socket_pub/lidar_socket_pub.py -> /home/angelina/EAT40005-Project/lidar_ws/build/lidar_socket_pub/build/lib/lidar_socket_pub
[1.038s] running install
[1.038s] running install_lib
[1.039s] creating /home/angelina/EAT40005-Project/lidar_ws/install/lidar_socket_pub/lib/python3.10/site-packages/lidar_socket_pub
[1.039s] copying /home/angelina/EAT40005-Project/lidar_ws/build/lidar_socket_pub/build/lib/lidar_socket_pub/__init__.py -> /home/angelina/EAT40005-Project/lidar_ws/install/lidar_socket_pub/lib/python3.10/site-packages/lidar_socket_pub
[1.039s] copying /home/angelina/EAT40005-Project/lidar_ws/build/lidar_socket_pub/build/lib/lidar_socket_pub/lidar_socket_pub.py -> /home/angelina/EAT40005-Project/lidar_ws/install/lidar_socket_pub/lib/python3.10/site-packages/lidar_socket_pub
[1.039s] byte-compiling /home/angelina/EAT40005-Project/lidar_ws/install/lidar_socket_pub/lib/python3.10/site-packages/lidar_socket_pub/__init__.py to __init__.cpython-310.pyc
[1.039s] byte-compiling /home/angelina/EAT40005-Project/lidar_ws/install/lidar_socket_pub/lib/python3.10/site-packages/lidar_socket_pub/lidar_socket_pub.py to lidar_socket_pub.cpython-310.pyc
[1.039s] running install_data
[1.039s] creating /home/angelina/EAT40005-Project/lidar_ws/install/lidar_socket_pub/share/ament_index
[1.040s] creating /home/angelina/EAT40005-Project/lidar_ws/install/lidar_socket_pub/share/ament_index/resource_index
[1.040s] creating /home/angelina/EAT40005-Project/lidar_ws/install/lidar_socket_pub/share/ament_index/resource_index/packages
[1.040s] copying resource/lidar_socket_pub -> /home/angelina/EAT40005-Project/lidar_ws/install/lidar_socket_pub/share/ament_index/resource_index/packages
[1.040s] copying package.xml -> /home/angelina/EAT40005-Project/lidar_ws/install/lidar_socket_pub/share/lidar_socket_pub
[1.040s] running install_egg_info
[1.041s] Copying ../../build/lidar_socket_pub/lidar_socket_pub.egg-info to /home/angelina/EAT40005-Project/lidar_ws/install/lidar_socket_pub/lib/python3.10/site-packages/lidar_socket_pub-0.0.0-py3.10.egg-info
[1.041s] running install_scripts
[1.052s] Installing lidar_socket_pub script to /home/angelina/EAT40005-Project/lidar_ws/install/lidar_socket_pub/lib/lidar_socket_pub
[1.052s] writing list of installed files to '/home/angelina/EAT40005-Project/lidar_ws/build/lidar_socket_pub/install.log'
[1.064s] Invoked command in '/home/angelina/EAT40005-Project/lidar_ws/src/lidar_socket_pub' returned '0': PYTHONPATH=/home/angelina/EAT40005-Project/lidar_ws/build/lidar_socket_pub/prefix_override:/usr/lib/python3/dist-packages/colcon_core/task/python/colcon_distutils_commands:/home/angelina/EAT40005-Project/lidar_ws/install/lidar_socket_pub/lib/python3.10/site-packages:${PYTHONPATH} /usr/bin/python3 -W ignore:setup.py install is deprecated -W ignore:easy_install command is deprecated setup.py egg_info --egg-base ../../build/lidar_socket_pub build --build-base /home/angelina/EAT40005-Project/lidar_ws/build/lidar_socket_pub/build install --record /home/angelina/EAT40005-Project/lidar_ws/build/lidar_socket_pub/install.log --single-version-externally-managed install_data
