[0.845s] Invoking command in '/home/angelina/EAT40005-Project/ros2_ws/src/odom_receiver': PYTHONPATH=/home/angelina/EAT40005-Project/ros2_ws/build/odom_receiver/prefix_override:/usr/lib/python3/dist-packages/colcon_core/task/python/colcon_distutils_commands:/home/angelina/EAT40005-Project/ros2_ws/install/odom_receiver/lib/python3.10/site-packages:${PYTHONPATH} /usr/bin/python3 -W ignore:setup.py install is deprecated -W ignore:easy_install command is deprecated setup.py egg_info --egg-base ../../build/odom_receiver build --build-base /home/angelina/EAT40005-Project/ros2_ws/build/odom_receiver/build install --record /home/angelina/EAT40005-Project/ros2_ws/build/odom_receiver/install.log --single-version-externally-managed install_data
[0.964s] running egg_info
[0.965s] creating ../../build/odom_receiver/odom_receiver.egg-info
[0.965s] writing ../../build/odom_receiver/odom_receiver.egg-info/PKG-INFO
[0.965s] writing dependency_links to ../../build/odom_receiver/odom_receiver.egg-info/dependency_links.txt
[0.965s] writing entry points to ../../build/odom_receiver/odom_receiver.egg-info/entry_points.txt
[0.965s] writing requirements to ../../build/odom_receiver/odom_receiver.egg-info/requires.txt
[0.965s] writing top-level names to ../../build/odom_receiver/odom_receiver.egg-info/top_level.txt
[0.965s] writing manifest file '../../build/odom_receiver/odom_receiver.egg-info/SOURCES.txt'
[0.966s] reading manifest file '../../build/odom_receiver/odom_receiver.egg-info/SOURCES.txt'
[0.966s] writing manifest file '../../build/odom_receiver/odom_receiver.egg-info/SOURCES.txt'
[0.966s] running build
[0.966s] running build_py
[0.966s] creating /home/angelina/EAT40005-Project/ros2_ws/build/odom_receiver/build
[0.966s] creating /home/angelina/EAT40005-Project/ros2_ws/build/odom_receiver/build/lib
[0.966s] creating /home/angelina/EAT40005-Project/ros2_ws/build/odom_receiver/build/lib/odom_receiver
[0.966s] copying odom_receiver/__init__.py -> /home/angelina/EAT40005-Project/ros2_ws/build/odom_receiver/build/lib/odom_receiver
[0.966s] copying odom_receiver/odom_receiver.py -> /home/angelina/EAT40005-Project/ros2_ws/build/odom_receiver/build/lib/odom_receiver
[0.966s] running install
[0.967s] running install_lib
[0.967s] creating /home/angelina/EAT40005-Project/ros2_ws/install/odom_receiver/lib/python3.10/site-packages/odom_receiver
[0.967s] copying /home/angelina/EAT40005-Project/ros2_ws/build/odom_receiver/build/lib/odom_receiver/__init__.py -> /home/angelina/EAT40005-Project/ros2_ws/install/odom_receiver/lib/python3.10/site-packages/odom_receiver
[0.967s] copying /home/angelina/EAT40005-Project/ros2_ws/build/odom_receiver/build/lib/odom_receiver/odom_receiver.py -> /home/angelina/EAT40005-Project/ros2_ws/install/odom_receiver/lib/python3.10/site-packages/odom_receiver
[0.967s] byte-compiling /home/angelina/EAT40005-Project/ros2_ws/install/odom_receiver/lib/python3.10/site-packages/odom_receiver/__init__.py to __init__.cpython-310.pyc
[0.967s] byte-compiling /home/angelina/EAT40005-Project/ros2_ws/install/odom_receiver/lib/python3.10/site-packages/odom_receiver/odom_receiver.py to odom_receiver.cpython-310.pyc
[0.968s] running install_data
[0.968s] creating /home/angelina/EAT40005-Project/ros2_ws/install/odom_receiver/share/ament_index
[0.968s] creating /home/angelina/EAT40005-Project/ros2_ws/install/odom_receiver/share/ament_index/resource_index
[0.968s] creating /home/angelina/EAT40005-Project/ros2_ws/install/odom_receiver/share/ament_index/resource_index/packages
[0.968s] copying resource/odom_receiver -> /home/angelina/EAT40005-Project/ros2_ws/install/odom_receiver/share/ament_index/resource_index/packages
[0.968s] copying package.xml -> /home/angelina/EAT40005-Project/ros2_ws/install/odom_receiver/share/odom_receiver
[0.968s] running install_egg_info
[0.969s] Copying ../../build/odom_receiver/odom_receiver.egg-info to /home/angelina/EAT40005-Project/ros2_ws/install/odom_receiver/lib/python3.10/site-packages/odom_receiver-0.0.0-py3.10.egg-info
[0.969s] running install_scripts
[0.980s] writing list of installed files to '/home/angelina/EAT40005-Project/ros2_ws/build/odom_receiver/install.log'
[0.992s] Invoked command in '/home/angelina/EAT40005-Project/ros2_ws/src/odom_receiver' returned '0': PYTHONPATH=/home/angelina/EAT40005-Project/ros2_ws/build/odom_receiver/prefix_override:/usr/lib/python3/dist-packages/colcon_core/task/python/colcon_distutils_commands:/home/angelina/EAT40005-Project/ros2_ws/install/odom_receiver/lib/python3.10/site-packages:${PYTHONPATH} /usr/bin/python3 -W ignore:setup.py install is deprecated -W ignore:easy_install command is deprecated setup.py egg_info --egg-base ../../build/odom_receiver build --build-base /home/angelina/EAT40005-Project/ros2_ws/build/odom_receiver/build install --record /home/angelina/EAT40005-Project/ros2_ws/build/odom_receiver/install.log --single-version-externally-managed install_data
