[1.014s] Invoking command in '/home/angelina/EAT40005-Project/ros2_ws/src/lidar_socket_pub': PYTHONPATH=/home/angelina/EAT40005-Project/ros2_ws/build/lidar_socket_pub/prefix_override:/usr/lib/python3/dist-packages/colcon_core/task/python/colcon_distutils_commands:/home/angelina/EAT40005-Project/ros2_ws/install/lidar_socket_pub/lib/python3.10/site-packages:${PYTHONPATH} /usr/bin/python3 -W ignore:setup.py install is deprecated -W ignore:easy_install command is deprecated setup.py egg_info --egg-base ../../build/lidar_socket_pub build --build-base /home/angelina/EAT40005-Project/ros2_ws/build/lidar_socket_pub/build install --record /home/angelina/EAT40005-Project/ros2_ws/build/lidar_socket_pub/install.log --single-version-externally-managed install_data
[1.151s] running egg_info
[1.151s] writing ../../build/lidar_socket_pub/lidar_socket_pub.egg-info/PKG-INFO
[1.152s] writing dependency_links to ../../build/lidar_socket_pub/lidar_socket_pub.egg-info/dependency_links.txt
[1.152s] writing entry points to ../../build/lidar_socket_pub/lidar_socket_pub.egg-info/entry_points.txt
[1.152s] writing requirements to ../../build/lidar_socket_pub/lidar_socket_pub.egg-info/requires.txt
[1.152s] writing top-level names to ../../build/lidar_socket_pub/lidar_socket_pub.egg-info/top_level.txt
[1.157s] reading manifest file '../../build/lidar_socket_pub/lidar_socket_pub.egg-info/SOURCES.txt'
[1.159s] writing manifest file '../../build/lidar_socket_pub/lidar_socket_pub.egg-info/SOURCES.txt'
[1.159s] running build
[1.159s] running build_py
[1.159s] running install
[1.159s] running install_lib
[1.160s] copying /home/angelina/EAT40005-Project/ros2_ws/build/lidar_socket_pub/build/lib/lidar_socket_pub/lidar_socket_pub.py -> /home/angelina/EAT40005-Project/ros2_ws/install/lidar_socket_pub/lib/python3.10/site-packages/lidar_socket_pub
[1.160s] byte-compiling /home/angelina/EAT40005-Project/ros2_ws/install/lidar_socket_pub/lib/python3.10/site-packages/lidar_socket_pub/lidar_socket_pub.py to lidar_socket_pub.cpython-310.pyc
[1.161s] running install_data
[1.161s] running install_egg_info
[1.162s] removing '/home/angelina/EAT40005-Project/ros2_ws/install/lidar_socket_pub/lib/python3.10/site-packages/lidar_socket_pub-0.0.0-py3.10.egg-info' (and everything under it)
[1.162s] Copying ../../build/lidar_socket_pub/lidar_socket_pub.egg-info to /home/angelina/EAT40005-Project/ros2_ws/install/lidar_socket_pub/lib/python3.10/site-packages/lidar_socket_pub-0.0.0-py3.10.egg-info
[1.164s] running install_scripts
[1.177s] Installing lidar_socket_pub script to /home/angelina/EAT40005-Project/ros2_ws/install/lidar_socket_pub/lib/lidar_socket_pub
[1.177s] writing list of installed files to '/home/angelina/EAT40005-Project/ros2_ws/build/lidar_socket_pub/install.log'
[1.194s] Invoked command in '/home/angelina/EAT40005-Project/ros2_ws/src/lidar_socket_pub' returned '0': PYTHONPATH=/home/angelina/EAT40005-Project/ros2_ws/build/lidar_socket_pub/prefix_override:/usr/lib/python3/dist-packages/colcon_core/task/python/colcon_distutils_commands:/home/angelina/EAT40005-Project/ros2_ws/install/lidar_socket_pub/lib/python3.10/site-packages:${PYTHONPATH} /usr/bin/python3 -W ignore:setup.py install is deprecated -W ignore:easy_install command is deprecated setup.py egg_info --egg-base ../../build/lidar_socket_pub build --build-base /home/angelina/EAT40005-Project/ros2_ws/build/lidar_socket_pub/build install --record /home/angelina/EAT40005-Project/ros2_ws/build/lidar_socket_pub/install.log --single-version-externally-managed install_data
