[0.461s] Invoking command in '/home/angelina/EAT40005-Project/lidar_ws/src/csv_odom_pkg': PYTHONPATH=/home/angelina/EAT40005-Project/lidar_ws/build/csv_odom_pkg/prefix_override:/usr/lib/python3/dist-packages/colcon_core/task/python/colcon_distutils_commands:/home/angelina/EAT40005-Project/lidar_ws/install/csv_odom_pkg/lib/python3.10/site-packages:${PYTHONPATH} /usr/bin/python3 -W ignore:setup.py install is deprecated -W ignore:easy_install command is deprecated setup.py egg_info --egg-base ../../build/csv_odom_pkg build --build-base /home/angelina/EAT40005-Project/lidar_ws/build/csv_odom_pkg/build install --record /home/angelina/EAT40005-Project/lidar_ws/build/csv_odom_pkg/install.log --single-version-externally-managed install_data
[0.581s] running egg_info
[0.581s] writing ../../build/csv_odom_pkg/csv_odom_pkg.egg-info/PKG-INFO
[0.581s] writing dependency_links to ../../build/csv_odom_pkg/csv_odom_pkg.egg-info/dependency_links.txt
[0.581s] writing entry points to ../../build/csv_odom_pkg/csv_odom_pkg.egg-info/entry_points.txt
[0.581s] writing requirements to ../../build/csv_odom_pkg/csv_odom_pkg.egg-info/requires.txt
[0.581s] writing top-level names to ../../build/csv_odom_pkg/csv_odom_pkg.egg-info/top_level.txt
[0.582s] reading manifest file '../../build/csv_odom_pkg/csv_odom_pkg.egg-info/SOURCES.txt'
[0.583s] writing manifest file '../../build/csv_odom_pkg/csv_odom_pkg.egg-info/SOURCES.txt'
[0.583s] running build
[0.583s] running build_py
[0.583s] copying csv_odom_pkg/csv_odom_publisher.py -> /home/angelina/EAT40005-Project/lidar_ws/build/csv_odom_pkg/build/lib/csv_odom_pkg
[0.583s] running install
[0.583s] running install_lib
[0.583s] copying /home/angelina/EAT40005-Project/lidar_ws/build/csv_odom_pkg/build/lib/csv_odom_pkg/csv_odom_publisher.py -> /home/angelina/EAT40005-Project/lidar_ws/install/csv_odom_pkg/lib/python3.10/site-packages/csv_odom_pkg
[0.583s] byte-compiling /home/angelina/EAT40005-Project/lidar_ws/install/csv_odom_pkg/lib/python3.10/site-packages/csv_odom_pkg/csv_odom_publisher.py to csv_odom_publisher.cpython-310.pyc
[0.584s] running install_data
[0.584s] running install_egg_info
[0.585s] removing '/home/angelina/EAT40005-Project/lidar_ws/install/csv_odom_pkg/lib/python3.10/site-packages/csv_odom_pkg-0.0.0-py3.10.egg-info' (and everything under it)
[0.585s] Copying ../../build/csv_odom_pkg/csv_odom_pkg.egg-info to /home/angelina/EAT40005-Project/lidar_ws/install/csv_odom_pkg/lib/python3.10/site-packages/csv_odom_pkg-0.0.0-py3.10.egg-info
[0.585s] running install_scripts
[0.597s] Installing csv_odom_publisher script to /home/angelina/EAT40005-Project/lidar_ws/install/csv_odom_pkg/lib/csv_odom_pkg
[0.597s] writing list of installed files to '/home/angelina/EAT40005-Project/lidar_ws/build/csv_odom_pkg/install.log'
[0.611s] Invoked command in '/home/angelina/EAT40005-Project/lidar_ws/src/csv_odom_pkg' returned '0': PYTHONPATH=/home/angelina/EAT40005-Project/lidar_ws/build/csv_odom_pkg/prefix_override:/usr/lib/python3/dist-packages/colcon_core/task/python/colcon_distutils_commands:/home/angelina/EAT40005-Project/lidar_ws/install/csv_odom_pkg/lib/python3.10/site-packages:${PYTHONPATH} /usr/bin/python3 -W ignore:setup.py install is deprecated -W ignore:easy_install command is deprecated setup.py egg_info --egg-base ../../build/csv_odom_pkg build --build-base /home/angelina/EAT40005-Project/lidar_ws/build/csv_odom_pkg/build install --record /home/angelina/EAT40005-Project/lidar_ws/build/csv_odom_pkg/install.log --single-version-externally-managed install_data
