[0.053s] DEBUG:colcon:Command line arguments: ['/usr/bin/colcon', 'build', '--packages-select', 'map_to_odom_broadcaster']
[0.053s] DEBUG:colcon:Parsed command line arguments: Namespace(log_base=None, log_level=None, verb_name='build', build_base='build', install_base='install', merge_install=False, symlink_install=False, test_result_base=None, continue_on_error=False, executor='parallel', parallel_workers=20, event_handlers=None, ignore_user_meta=False, metas=['./colcon.meta'], base_paths=['.'], packages_ignore=None, packages_ignore_regex=None, paths=None, packages_up_to=None, packages_up_to_regex=None, packages_above=None, packages_above_and_dependencies=None, packages_above_depth=None, packages_select_by_dep=None, packages_skip_by_dep=None, packages_skip_up_to=None, packages_select_build_failed=False, packages_skip_build_finished=False, packages_select_test_failures=False, packages_skip_test_passed=False, packages_select=['map_to_odom_broadcaster'], packages_skip=None, packages_select_regex=None, packages_skip_regex=None, packages_start=None, packages_end=None, allow_overriding=[], cmake_args=None, cmake_target=None, cmake_target_skip_unavailable=False, cmake_clean_cache=False, cmake_clean_first=False, cmake_force_configure=False, ament_cmake_args=None, catkin_cmake_args=None, catkin_skip_building_tests=False, verb_parser=<colcon_defaults.argument_parser.defaults.DefaultArgumentsDecorator object at 0x7af6ef161810>, verb_extension=<colcon_core.verb.build.BuildVerb object at 0x7af6ef161240>, main=<bound method BuildVerb.main of <colcon_core.verb.build.BuildVerb object at 0x7af6ef161240>>)
[0.133s] Level 1:colcon.colcon_core.package_discovery:discover_packages(colcon_meta) check parameters
[0.133s] Level 1:colcon.colcon_core.package_discovery:discover_packages(recursive) check parameters
[0.133s] Level 1:colcon.colcon_core.package_discovery:discover_packages(ignore) check parameters
[0.133s] Level 1:colcon.colcon_core.package_discovery:discover_packages(path) check parameters
[0.133s] Level 1:colcon.colcon_core.package_discovery:discover_packages(colcon_meta) discover
[0.133s] Level 1:colcon.colcon_core.package_discovery:discover_packages(recursive) discover
[0.133s] INFO:colcon.colcon_core.package_discovery:Crawling recursively for packages in '/home/angelina/EAT40005-Project/ros2_ws'
[0.133s] Level 1:colcon.colcon_core.package_identification:_identify(.) by extensions ['ignore', 'ignore_ament_install']
[0.133s] Level 1:colcon.colcon_core.package_identification:_identify(.) by extension 'ignore'
[0.133s] Level 1:colcon.colcon_core.package_identification:_identify(.) by extension 'ignore_ament_install'
[0.133s] Level 1:colcon.colcon_core.package_identification:_identify(.) by extensions ['colcon_pkg']
[0.133s] Level 1:colcon.colcon_core.package_identification:_identify(.) by extension 'colcon_pkg'
[0.133s] Level 1:colcon.colcon_core.package_identification:_identify(.) by extensions ['colcon_meta']
[0.133s] Level 1:colcon.colcon_core.package_identification:_identify(.) by extension 'colcon_meta'
[0.133s] Level 1:colcon.colcon_core.package_identification:_identify(.) by extensions ['ros']
[0.133s] Level 1:colcon.colcon_core.package_identification:_identify(.) by extension 'ros'
[0.139s] Level 1:colcon.colcon_core.package_identification:_identify(.) by extensions ['cmake', 'python']
[0.139s] Level 1:colcon.colcon_core.package_identification:_identify(.) by extension 'cmake'
[0.139s] Level 1:colcon.colcon_core.package_identification:_identify(.) by extension 'python'
[0.139s] Level 1:colcon.colcon_core.package_identification:_identify(.) by extensions ['python_setup_py']
[0.139s] Level 1:colcon.colcon_core.package_identification:_identify(.) by extension 'python_setup_py'
[0.139s] Level 1:colcon.colcon_core.package_identification:_identify(build) by extensions ['ignore', 'ignore_ament_install']
[0.139s] Level 1:colcon.colcon_core.package_identification:_identify(build) by extension 'ignore'
[0.139s] Level 1:colcon.colcon_core.package_identification:_identify(build) ignored
[0.139s] Level 1:colcon.colcon_core.package_identification:_identify(install) by extensions ['ignore', 'ignore_ament_install']
[0.139s] Level 1:colcon.colcon_core.package_identification:_identify(install) by extension 'ignore'
[0.139s] Level 1:colcon.colcon_core.package_identification:_identify(install) ignored
[0.139s] Level 1:colcon.colcon_core.package_identification:_identify(log) by extensions ['ignore', 'ignore_ament_install']
[0.139s] Level 1:colcon.colcon_core.package_identification:_identify(log) by extension 'ignore'
[0.139s] Level 1:colcon.colcon_core.package_identification:_identify(log) ignored
[0.139s] Level 1:colcon.colcon_core.package_identification:_identify(src) by extensions ['ignore', 'ignore_ament_install']
[0.139s] Level 1:colcon.colcon_core.package_identification:_identify(src) by extension 'ignore'
[0.139s] Level 1:colcon.colcon_core.package_identification:_identify(src) by extension 'ignore_ament_install'
[0.139s] Level 1:colcon.colcon_core.package_identification:_identify(src) by extensions ['colcon_pkg']
[0.139s] Level 1:colcon.colcon_core.package_identification:_identify(src) by extension 'colcon_pkg'
[0.139s] Level 1:colcon.colcon_core.package_identification:_identify(src) by extensions ['colcon_meta']
[0.139s] Level 1:colcon.colcon_core.package_identification:_identify(src) by extension 'colcon_meta'
[0.139s] Level 1:colcon.colcon_core.package_identification:_identify(src) by extensions ['ros']
[0.140s] Level 1:colcon.colcon_core.package_identification:_identify(src) by extension 'ros'
[0.140s] Level 1:colcon.colcon_core.package_identification:_identify(src) by extensions ['cmake', 'python']
[0.140s] Level 1:colcon.colcon_core.package_identification:_identify(src) by extension 'cmake'
[0.140s] Level 1:colcon.colcon_core.package_identification:_identify(src) by extension 'python'
[0.140s] Level 1:colcon.colcon_core.package_identification:_identify(src) by extensions ['python_setup_py']
[0.140s] Level 1:colcon.colcon_core.package_identification:_identify(src) by extension 'python_setup_py'
[0.140s] Level 1:colcon.colcon_core.package_identification:_identify(src/lidar_socket_pub) by extensions ['ignore', 'ignore_ament_install']
[0.140s] Level 1:colcon.colcon_core.package_identification:_identify(src/lidar_socket_pub) by extension 'ignore'
[0.140s] Level 1:colcon.colcon_core.package_identification:_identify(src/lidar_socket_pub) by extension 'ignore_ament_install'
[0.140s] Level 1:colcon.colcon_core.package_identification:_identify(src/lidar_socket_pub) by extensions ['colcon_pkg']
[0.140s] Level 1:colcon.colcon_core.package_identification:_identify(src/lidar_socket_pub) by extension 'colcon_pkg'
[0.140s] Level 1:colcon.colcon_core.package_identification:_identify(src/lidar_socket_pub) by extensions ['colcon_meta']
[0.140s] Level 1:colcon.colcon_core.package_identification:_identify(src/lidar_socket_pub) by extension 'colcon_meta'
[0.140s] Level 1:colcon.colcon_core.package_identification:_identify(src/lidar_socket_pub) by extensions ['ros']
[0.140s] Level 1:colcon.colcon_core.package_identification:_identify(src/lidar_socket_pub) by extension 'ros'
[0.141s] DEBUG:colcon.colcon_core.package_identification:Package 'src/lidar_socket_pub' with type 'ros.ament_python' and name 'lidar_socket_pub'
[0.141s] Level 1:colcon.colcon_core.package_identification:_identify(src/odom_receiver) by extensions ['ignore', 'ignore_ament_install']
[0.141s] Level 1:colcon.colcon_core.package_identification:_identify(src/odom_receiver) by extension 'ignore'
[0.141s] Level 1:colcon.colcon_core.package_identification:_identify(src/odom_receiver) by extension 'ignore_ament_install'
[0.141s] Level 1:colcon.colcon_core.package_identification:_identify(src/odom_receiver) by extensions ['colcon_pkg']
[0.141s] Level 1:colcon.colcon_core.package_identification:_identify(src/odom_receiver) by extension 'colcon_pkg'
[0.141s] Level 1:colcon.colcon_core.package_identification:_identify(src/odom_receiver) by extensions ['colcon_meta']
[0.141s] Level 1:colcon.colcon_core.package_identification:_identify(src/odom_receiver) by extension 'colcon_meta'
[0.141s] Level 1:colcon.colcon_core.package_identification:_identify(src/odom_receiver) by extensions ['ros']
[0.141s] Level 1:colcon.colcon_core.package_identification:_identify(src/odom_receiver) by extension 'ros'
[0.142s] DEBUG:colcon.colcon_core.package_identification:Package 'src/odom_receiver' with type 'ros.ament_python' and name 'odom_receiver'
[0.142s] Level 1:colcon.colcon_core.package_identification:_identify(src/odom_to_base_link_tf) by extensions ['ignore', 'ignore_ament_install']
[0.142s] Level 1:colcon.colcon_core.package_identification:_identify(src/odom_to_base_link_tf) by extension 'ignore'
[0.142s] Level 1:colcon.colcon_core.package_identification:_identify(src/odom_to_base_link_tf) by extension 'ignore_ament_install'
[0.142s] Level 1:colcon.colcon_core.package_identification:_identify(src/odom_to_base_link_tf) by extensions ['colcon_pkg']
[0.142s] Level 1:colcon.colcon_core.package_identification:_identify(src/odom_to_base_link_tf) by extension 'colcon_pkg'
[0.142s] Level 1:colcon.colcon_core.package_identification:_identify(src/odom_to_base_link_tf) by extensions ['colcon_meta']
[0.142s] Level 1:colcon.colcon_core.package_identification:_identify(src/odom_to_base_link_tf) by extension 'colcon_meta'
[0.142s] Level 1:colcon.colcon_core.package_identification:_identify(src/odom_to_base_link_tf) by extensions ['ros']
[0.142s] Level 1:colcon.colcon_core.package_identification:_identify(src/odom_to_base_link_tf) by extension 'ros'
[0.142s] DEBUG:colcon.colcon_core.package_identification:Package 'src/odom_to_base_link_tf' with type 'ros.ament_python' and name 'odom_to_base_link_tf'
[0.142s] Level 1:colcon.colcon_core.package_identification:_identify(src/test_odom) by extensions ['ignore', 'ignore_ament_install']
[0.142s] Level 1:colcon.colcon_core.package_identification:_identify(src/test_odom) by extension 'ignore'
[0.142s] Level 1:colcon.colcon_core.package_identification:_identify(src/test_odom) by extension 'ignore_ament_install'
[0.143s] Level 1:colcon.colcon_core.package_identification:_identify(src/test_odom) by extensions ['colcon_pkg']
[0.143s] Level 1:colcon.colcon_core.package_identification:_identify(src/test_odom) by extension 'colcon_pkg'
[0.143s] Level 1:colcon.colcon_core.package_identification:_identify(src/test_odom) by extensions ['colcon_meta']
[0.143s] Level 1:colcon.colcon_core.package_identification:_identify(src/test_odom) by extension 'colcon_meta'
[0.143s] Level 1:colcon.colcon_core.package_identification:_identify(src/test_odom) by extensions ['ros']
[0.143s] Level 1:colcon.colcon_core.package_identification:_identify(src/test_odom) by extension 'ros'
[0.143s] Level 1:colcon.colcon_core.package_identification:_identify(src/test_odom) by extensions ['cmake', 'python']
[0.143s] Level 1:colcon.colcon_core.package_identification:_identify(src/test_odom) by extension 'cmake'
[0.143s] Level 1:colcon.colcon_core.package_identification:_identify(src/test_odom) by extension 'python'
[0.143s] Level 1:colcon.colcon_core.package_identification:_identify(src/test_odom) by extensions ['python_setup_py']
[0.143s] Level 1:colcon.colcon_core.package_identification:_identify(src/test_odom) by extension 'python_setup_py'
[0.143s] Level 1:colcon.colcon_core.package_discovery:discover_packages(recursive) using defaults
[0.143s] Level 1:colcon.colcon_core.package_discovery:discover_packages(ignore) discover
[0.143s] Level 1:colcon.colcon_core.package_discovery:discover_packages(ignore) using defaults
[0.143s] Level 1:colcon.colcon_core.package_discovery:discover_packages(path) discover
[0.143s] Level 1:colcon.colcon_core.package_discovery:discover_packages(path) using defaults
[0.143s] WARNING:colcon.colcon_core.package_selection:ignoring unknown package 'map_to_odom_broadcaster' in --packages-select
[0.159s] INFO:colcon.colcon_core.package_selection:Skipping not selected package 'lidar_socket_pub' in 'src/lidar_socket_pub'
[0.159s] INFO:colcon.colcon_core.package_selection:Skipping not selected package 'odom_receiver' in 'src/odom_receiver'
[0.159s] INFO:colcon.colcon_core.package_selection:Skipping not selected package 'odom_to_base_link_tf' in 'src/odom_to_base_link_tf'
[0.159s] Level 1:colcon.colcon_core.package_discovery:discover_packages(prefix_path) check parameters
[0.159s] Level 1:colcon.colcon_core.package_discovery:discover_packages(prefix_path) discover
[0.160s] DEBUG:colcon.colcon_installed_package_information.package_discovery:Found 15 installed packages in /home/angelina/turtlebot3_ws/install
[0.161s] DEBUG:colcon.colcon_installed_package_information.package_discovery:Found 402 installed packages in /opt/ros/humble
[0.162s] Level 1:colcon.colcon_core.package_discovery:discover_packages(prefix_path) using defaults
[0.186s] INFO:colcon.colcon_core.executor:Executing jobs using 'parallel' executor
[0.187s] DEBUG:colcon.colcon_parallel_executor.executor.parallel:run_until_complete
[0.187s] DEBUG:colcon.colcon_parallel_executor.executor.parallel:closing loop
[0.187s] DEBUG:colcon.colcon_parallel_executor.executor.parallel:loop closed
[0.187s] DEBUG:colcon.colcon_parallel_executor.executor.parallel:run_until_complete finished with '0'
[0.187s] DEBUG:colcon.colcon_core.event_reactor:joining thread
[0.190s] INFO:colcon.colcon_core.plugin_system:Skipping extension 'colcon_notification.desktop_notification.terminal_notifier': Not used on non-Darwin systems
[0.190s] INFO:colcon.colcon_core.plugin_system:Skipping extension 'colcon_notification.desktop_notification.win32': Not used on non-Windows systems
[0.190s] INFO:colcon.colcon_notification.desktop_notification:Sending desktop notification using 'notify2'
[0.201s] DEBUG:colcon.colcon_core.event_reactor:joined thread
[0.202s] INFO:colcon.colcon_core.plugin_system:Skipping extension 'colcon_core.shell.bat': Not used on non-Windows systems
[0.202s] INFO:colcon.colcon_core.shell:Creating prefix script '/home/angelina/EAT40005-Project/ros2_ws/install/local_setup.ps1'
[0.203s] INFO:colcon.colcon_core.shell:Creating prefix util module '/home/angelina/EAT40005-Project/ros2_ws/install/_local_setup_util_ps1.py'
[0.204s] INFO:colcon.colcon_core.shell:Creating prefix chain script '/home/angelina/EAT40005-Project/ros2_ws/install/setup.ps1'
[0.204s] INFO:colcon.colcon_core.shell:Creating prefix script '/home/angelina/EAT40005-Project/ros2_ws/install/local_setup.sh'
[0.205s] INFO:colcon.colcon_core.shell:Creating prefix util module '/home/angelina/EAT40005-Project/ros2_ws/install/_local_setup_util_sh.py'
[0.205s] INFO:colcon.colcon_core.shell:Creating prefix chain script '/home/angelina/EAT40005-Project/ros2_ws/install/setup.sh'
[0.206s] INFO:colcon.colcon_core.shell:Creating prefix script '/home/angelina/EAT40005-Project/ros2_ws/install/local_setup.bash'
[0.206s] INFO:colcon.colcon_core.shell:Creating prefix chain script '/home/angelina/EAT40005-Project/ros2_ws/install/setup.bash'
[0.207s] INFO:colcon.colcon_core.shell:Creating prefix script '/home/angelina/EAT40005-Project/ros2_ws/install/local_setup.zsh'
[0.207s] INFO:colcon.colcon_core.shell:Creating prefix chain script '/home/angelina/EAT40005-Project/ros2_ws/install/setup.zsh'
