[0.008s] Invoking command in '/home/angelina/EAT40005-Project/lidar_ws/build/openslam_gmapping': CMAKE_PREFIX_PATH=${CMAKE_PREFIX_PATH}:/home/angelina/turtlebot3_ws/install/turtlebot3_teleop:/home/angelina/turtlebot3_ws/install/turtlebot3_example:/opt/ros/humble /usr/bin/cmake /home/angelina/EAT40005-Project/lidar_ws/src/slam_gmapping/openslam_gmapping -DCMAKE_INSTALL_PREFIX=/home/angelina/EAT40005-Project/lidar_ws/install/openslam_gmapping
[0.446s] -- The C compiler identification is GNU 11.4.0
[1.158s] -- The CXX compiler identification is GNU 11.4.0
[1.175s] -- Detecting C compiler ABI info
[1.250s] -- Detecting C compiler ABI info - done
[1.256s] -- Check for working C compiler: /usr/bin/cc - skipped
[1.257s] -- Detecting C compile features
[1.258s] -- Detecting C compile features - done
[1.264s] -- Detecting CXX compiler ABI info
[1.329s] -- Detecting CXX compiler ABI info - done
[1.333s] -- Check for working CXX compiler: /usr/bin/c++ - skipped
[1.333s] -- Detecting CXX compile features
[1.334s] -- Detecting CXX compile features - done
[1.337s] -- Found ament_cmake: 1.3.11 (/opt/ros/humble/share/ament_cmake/cmake)
[1.465s] -- Found Python3: /usr/bin/python3 (found version "3.10.12") found components: Interpreter 
[1.657s] -- Configuring done
[1.665s] -- Generating done
[1.667s] -- Build files have been written to: /home/angelina/EAT40005-Project/lidar_ws/build/openslam_gmapping
[1.671s] Invoked command in '/home/angelina/EAT40005-Project/lidar_ws/build/openslam_gmapping' returned '0': CMAKE_PREFIX_PATH=${CMAKE_PREFIX_PATH}:/home/angelina/turtlebot3_ws/install/turtlebot3_teleop:/home/angelina/turtlebot3_ws/install/turtlebot3_example:/opt/ros/humble /usr/bin/cmake /home/angelina/EAT40005-Project/lidar_ws/src/slam_gmapping/openslam_gmapping -DCMAKE_INSTALL_PREFIX=/home/angelina/EAT40005-Project/lidar_ws/install/openslam_gmapping
[1.672s] Invoking command in '/home/angelina/EAT40005-Project/lidar_ws/build/openslam_gmapping': CMAKE_PREFIX_PATH=${CMAKE_PREFIX_PATH}:/home/angelina/turtlebot3_ws/install/turtlebot3_teleop:/home/angelina/turtlebot3_ws/install/turtlebot3_example:/opt/ros/humble /usr/bin/cmake --build /home/angelina/EAT40005-Project/lidar_ws/build/openslam_gmapping -- -j20 -l20
[1.707s] [  4%] [32mBuilding CXX object utils/CMakeFiles/utils.dir/movement.cpp.o[0m
[1.708s] [ 13%] [32mBuilding CXX object utils/CMakeFiles/utils.dir/stat.cpp.o[0m
[1.708s] [ 13%] [32mBuilding CXX object sensor/sensor_base/CMakeFiles/sensor_base.dir/sensor.cpp.o[0m
[1.708s] [ 18%] [32mBuilding CXX object sensor/sensor_base/CMakeFiles/sensor_base.dir/sensorreading.cpp.o[0m
[1.934s] [ 22%] [32m[1mLinking CXX static library libsensor_base.a[0m
[1.968s] [ 22%] Built target sensor_base
[1.986s] [ 31%] [32mBuilding CXX object sensor/sensor_range/CMakeFiles/sensor_range.dir/rangereading.cpp.o[0m
[1.986s] [ 36%] [32mBuilding CXX object sensor/sensor_range/CMakeFiles/sensor_range.dir/rangesensor.cpp.o[0m
[1.986s] [ 36%] [32mBuilding CXX object sensor/sensor_odometry/CMakeFiles/sensor_odometry.dir/odometryreading.cpp.o[0m
[1.987s] [ 40%] [32mBuilding CXX object sensor/sensor_odometry/CMakeFiles/sensor_odometry.dir/odometrysensor.cpp.o[0m
[1.996s] [ 45%] [32m[1mLinking CXX static library libutils.a[0m
[2.025s] [ 45%] Built target utils
[2.175s] [ 50%] [32m[1mLinking CXX static library libsensor_odometry.a[0m
[2.203s] [ 50%] Built target sensor_odometry
[2.248s] [ 54%] [32m[1mLinking CXX static library libsensor_range.a[0m
[2.273s] [ 54%] Built target sensor_range
[2.289s] [ 59%] [32mBuilding CXX object scanmatcher/CMakeFiles/scanmatcher.dir/smmap.cpp.o[0m
[2.291s] [ 68%] [32mBuilding CXX object scanmatcher/CMakeFiles/scanmatcher.dir/eig3.cpp.o[0m
[2.291s] [ 72%] [32mBuilding CXX object scanmatcher/CMakeFiles/scanmatcher.dir/scanmatcherprocessor.cpp.o[0m
[2.291s] [ 72%] [32mBuilding CXX object scanmatcher/CMakeFiles/scanmatcher.dir/scanmatcher.cpp.o[0m
[2.998s] [ 77%] [32m[1mLinking CXX static library libscanmatcher.a[0m
[3.022s] [ 77%] Built target scanmatcher
[3.036s] [ 90%] [32mBuilding CXX object gridfastslam/CMakeFiles/gridfastslam.dir/gridslamprocessor_tree.cpp.o[0m
[3.036s] [ 90%] [32mBuilding CXX object gridfastslam/CMakeFiles/gridfastslam.dir/gridslamprocessor.cpp.o[0m
[3.036s] [ 90%] [32mBuilding CXX object gridfastslam/CMakeFiles/gridfastslam.dir/gfsreader.cpp.o[0m
[3.037s] [ 95%] [32mBuilding CXX object gridfastslam/CMakeFiles/gridfastslam.dir/motionmodel.cpp.o[0m
[3.899s] [100%] [32m[1mLinking CXX static library libgridfastslam.a[0m
[3.938s] [100%] Built target gridfastslam
[3.950s] Invoked command in '/home/angelina/EAT40005-Project/lidar_ws/build/openslam_gmapping' returned '0': CMAKE_PREFIX_PATH=${CMAKE_PREFIX_PATH}:/home/angelina/turtlebot3_ws/install/turtlebot3_teleop:/home/angelina/turtlebot3_ws/install/turtlebot3_example:/opt/ros/humble /usr/bin/cmake --build /home/angelina/EAT40005-Project/lidar_ws/build/openslam_gmapping -- -j20 -l20
[3.957s] Invoking command in '/home/angelina/EAT40005-Project/lidar_ws/build/openslam_gmapping': CMAKE_PREFIX_PATH=${CMAKE_PREFIX_PATH}:/home/angelina/turtlebot3_ws/install/turtlebot3_teleop:/home/angelina/turtlebot3_ws/install/turtlebot3_example:/opt/ros/humble /usr/bin/cmake --install /home/angelina/EAT40005-Project/lidar_ws/build/openslam_gmapping
[3.964s] -- Install configuration: ""
[3.964s] -- Installing: /home/angelina/EAT40005-Project/lidar_ws/install/openslam_gmapping/share/openslam_gmapping/environment/library_path.sh
[3.965s] -- Installing: /home/angelina/EAT40005-Project/lidar_ws/install/openslam_gmapping/share/openslam_gmapping/environment/library_path.dsv
[3.965s] -- Installing: /home/angelina/EAT40005-Project/lidar_ws/install/openslam_gmapping/include/
[3.965s] -- Installing: /home/angelina/EAT40005-Project/lidar_ws/install/openslam_gmapping/include//gmapping
[3.965s] -- Installing: /home/angelina/EAT40005-Project/lidar_ws/install/openslam_gmapping/include//gmapping/particlefilter
[3.965s] -- Installing: /home/angelina/EAT40005-Project/lidar_ws/install/openslam_gmapping/include//gmapping/particlefilter/particlefilter.h
[3.965s] -- Installing: /home/angelina/EAT40005-Project/lidar_ws/install/openslam_gmapping/include//gmapping/grid
[3.965s] -- Installing: /home/angelina/EAT40005-Project/lidar_ws/install/openslam_gmapping/include//gmapping/grid/map.h
[3.965s] -- Installing: /home/angelina/EAT40005-Project/lidar_ws/install/openslam_gmapping/include//gmapping/grid/array2d.h
[3.965s] -- Installing: /home/angelina/EAT40005-Project/lidar_ws/install/openslam_gmapping/include//gmapping/grid/accessstate.h
[3.965s] -- Installing: /home/angelina/EAT40005-Project/lidar_ws/install/openslam_gmapping/include//gmapping/grid/harray2d.h
[3.965s] -- Installing: /home/angelina/EAT40005-Project/lidar_ws/install/openslam_gmapping/include//gmapping/utils
[3.965s] -- Installing: /home/angelina/EAT40005-Project/lidar_ws/install/openslam_gmapping/include//gmapping/utils/commandline.h
[3.965s] -- Installing: /home/angelina/EAT40005-Project/lidar_ws/install/openslam_gmapping/include//gmapping/utils/macro_params.h
[3.966s] -- Installing: /home/angelina/EAT40005-Project/lidar_ws/install/openslam_gmapping/include//gmapping/utils/stat.h
[3.966s] -- Installing: /home/angelina/EAT40005-Project/lidar_ws/install/openslam_gmapping/include//gmapping/utils/point.h
[3.966s] -- Installing: /home/angelina/EAT40005-Project/lidar_ws/install/openslam_gmapping/include//gmapping/utils/autoptr.h
[3.966s] -- Installing: /home/angelina/EAT40005-Project/lidar_ws/install/openslam_gmapping/include//gmapping/utils/gvalues.h
[3.966s] -- Installing: /home/angelina/EAT40005-Project/lidar_ws/install/openslam_gmapping/include//gmapping/scanmatcher
[3.966s] -- Installing: /home/angelina/EAT40005-Project/lidar_ws/install/openslam_gmapping/include//gmapping/scanmatcher/scanmatcher.h
[3.966s] -- Installing: /home/angelina/EAT40005-Project/lidar_ws/install/openslam_gmapping/include//gmapping/scanmatcher/icp.h
[3.966s] -- Installing: /home/angelina/EAT40005-Project/lidar_ws/install/openslam_gmapping/include//gmapping/scanmatcher/smmap.h
[3.967s] -- Installing: /home/angelina/EAT40005-Project/lidar_ws/install/openslam_gmapping/include//gmapping/gridfastslam
[3.967s] -- Installing: /home/angelina/EAT40005-Project/lidar_ws/install/openslam_gmapping/include//gmapping/gridfastslam/gridslamprocessor.h
[3.967s] -- Installing: /home/angelina/EAT40005-Project/lidar_ws/install/openslam_gmapping/include//gmapping/gridfastslam/motionmodel.h
[3.967s] -- Installing: /home/angelina/EAT40005-Project/lidar_ws/install/openslam_gmapping/include//gmapping/gridfastslam/gridslamprocessor.hxx
[3.967s] -- Installing: /home/angelina/EAT40005-Project/lidar_ws/install/openslam_gmapping/include//gmapping/sensor
[3.967s] -- Installing: /home/angelina/EAT40005-Project/lidar_ws/install/openslam_gmapping/include//gmapping/sensor/sensor_range
[3.967s] -- Installing: /home/angelina/EAT40005-Project/lidar_ws/install/openslam_gmapping/include//gmapping/sensor/sensor_range/rangesensor.h
[3.967s] -- Installing: /home/angelina/EAT40005-Project/lidar_ws/install/openslam_gmapping/include//gmapping/sensor/sensor_range/rangereading.h
[3.967s] -- Installing: /home/angelina/EAT40005-Project/lidar_ws/install/openslam_gmapping/include//gmapping/sensor/sensor_base
[3.967s] -- Installing: /home/angelina/EAT40005-Project/lidar_ws/install/openslam_gmapping/include//gmapping/sensor/sensor_base/sensor.h
[3.967s] -- Installing: /home/angelina/EAT40005-Project/lidar_ws/install/openslam_gmapping/include//gmapping/sensor/sensor_base/sensorreading.h
[3.967s] -- Installing: /home/angelina/EAT40005-Project/lidar_ws/install/openslam_gmapping/include//gmapping/sensor/sensor_odometry
[3.967s] -- Installing: /home/angelina/EAT40005-Project/lidar_ws/install/openslam_gmapping/include//gmapping/sensor/sensor_odometry/odometrysensor.h
[3.967s] -- Installing: /home/angelina/EAT40005-Project/lidar_ws/install/openslam_gmapping/include//gmapping/sensor/sensor_odometry/odometryreading.h
[3.967s] -- Installing: /home/angelina/EAT40005-Project/lidar_ws/install/openslam_gmapping/include//gmapping/log
[3.968s] -- Installing: /home/angelina/EAT40005-Project/lidar_ws/install/openslam_gmapping/include//gmapping/log/sensorlog.h
[3.968s] -- Installing: /home/angelina/EAT40005-Project/lidar_ws/install/openslam_gmapping/include//gmapping/log/configuration.h
[3.968s] -- Installing: /home/angelina/EAT40005-Project/lidar_ws/install/openslam_gmapping/share/ament_index/resource_index/package_run_dependencies/openslam_gmapping
[3.968s] -- Installing: /home/angelina/EAT40005-Project/lidar_ws/install/openslam_gmapping/share/ament_index/resource_index/parent_prefix_path/openslam_gmapping
[3.968s] -- Installing: /home/angelina/EAT40005-Project/lidar_ws/install/openslam_gmapping/share/openslam_gmapping/environment/ament_prefix_path.sh
[3.968s] -- Installing: /home/angelina/EAT40005-Project/lidar_ws/install/openslam_gmapping/share/openslam_gmapping/environment/ament_prefix_path.dsv
[3.968s] -- Installing: /home/angelina/EAT40005-Project/lidar_ws/install/openslam_gmapping/share/openslam_gmapping/environment/path.sh
[3.968s] -- Installing: /home/angelina/EAT40005-Project/lidar_ws/install/openslam_gmapping/share/openslam_gmapping/environment/path.dsv
[3.968s] -- Installing: /home/angelina/EAT40005-Project/lidar_ws/install/openslam_gmapping/share/openslam_gmapping/local_setup.bash
[3.969s] -- Installing: /home/angelina/EAT40005-Project/lidar_ws/install/openslam_gmapping/share/openslam_gmapping/local_setup.sh
[3.969s] -- Installing: /home/angelina/EAT40005-Project/lidar_ws/install/openslam_gmapping/share/openslam_gmapping/local_setup.zsh
[3.969s] -- Installing: /home/angelina/EAT40005-Project/lidar_ws/install/openslam_gmapping/share/openslam_gmapping/local_setup.dsv
[3.969s] -- Installing: /home/angelina/EAT40005-Project/lidar_ws/install/openslam_gmapping/share/openslam_gmapping/package.dsv
[3.969s] -- Installing: /home/angelina/EAT40005-Project/lidar_ws/install/openslam_gmapping/share/ament_index/resource_index/packages/openslam_gmapping
[3.969s] -- Installing: /home/angelina/EAT40005-Project/lidar_ws/install/openslam_gmapping/share/openslam_gmapping/cmake/ament_cmake_export_libraries-extras.cmake
[3.969s] -- Installing: /home/angelina/EAT40005-Project/lidar_ws/install/openslam_gmapping/share/openslam_gmapping/cmake/ament_cmake_export_include_directories-extras.cmake
[3.969s] -- Installing: /home/angelina/EAT40005-Project/lidar_ws/install/openslam_gmapping/share/openslam_gmapping/cmake/openslam_gmappingConfig.cmake
[3.969s] -- Installing: /home/angelina/EAT40005-Project/lidar_ws/install/openslam_gmapping/share/openslam_gmapping/cmake/openslam_gmappingConfig-version.cmake
[3.969s] -- Installing: /home/angelina/EAT40005-Project/lidar_ws/install/openslam_gmapping/share/openslam_gmapping/package.xml
[3.969s] -- Installing: /home/angelina/EAT40005-Project/lidar_ws/install/openslam_gmapping/lib/libgridfastslam.a
[3.969s] -- Installing: /home/angelina/EAT40005-Project/lidar_ws/install/openslam_gmapping/lib/libscanmatcher.a
[3.969s] -- Up-to-date: /home/angelina/EAT40005-Project/lidar_ws/install/openslam_gmapping/share/openslam_gmapping/environment/library_path.sh
[3.969s] -- Up-to-date: /home/angelina/EAT40005-Project/lidar_ws/install/openslam_gmapping/share/openslam_gmapping/environment/library_path.dsv
[3.969s] -- Installing: /home/angelina/EAT40005-Project/lidar_ws/install/openslam_gmapping/lib/libsensor_base.a
[3.969s] -- Up-to-date: /home/angelina/EAT40005-Project/lidar_ws/install/openslam_gmapping/share/openslam_gmapping/environment/library_path.sh
[3.969s] -- Up-to-date: /home/angelina/EAT40005-Project/lidar_ws/install/openslam_gmapping/share/openslam_gmapping/environment/library_path.dsv
[3.969s] -- Installing: /home/angelina/EAT40005-Project/lidar_ws/install/openslam_gmapping/lib/libsensor_odometry.a
[3.970s] -- Installing: /home/angelina/EAT40005-Project/lidar_ws/install/openslam_gmapping/lib/libsensor_range.a
[3.970s] -- Installing: /home/angelina/EAT40005-Project/lidar_ws/install/openslam_gmapping/lib/libutils.a
[3.970s] -- Up-to-date: /home/angelina/EAT40005-Project/lidar_ws/install/openslam_gmapping/share/openslam_gmapping/environment/library_path.sh
[3.970s] -- Up-to-date: /home/angelina/EAT40005-Project/lidar_ws/install/openslam_gmapping/share/openslam_gmapping/environment/library_path.dsv
[3.972s] Invoked command in '/home/angelina/EAT40005-Project/lidar_ws/build/openslam_gmapping' returned '0': CMAKE_PREFIX_PATH=${CMAKE_PREFIX_PATH}:/home/angelina/turtlebot3_ws/install/turtlebot3_teleop:/home/angelina/turtlebot3_ws/install/turtlebot3_example:/opt/ros/humble /usr/bin/cmake --install /home/angelina/EAT40005-Project/lidar_ws/build/openslam_gmapping
