running egg_info
creating ../../../../build/fusion_3d/fusion_3d.egg-info
writing ../../../../build/fusion_3d/fusion_3d.egg-info/PKG-INFO
writing dependency_links to ../../../../build/fusion_3d/fusion_3d.egg-info/dependency_links.txt
writing entry points to ../../../../build/fusion_3d/fusion_3d.egg-info/entry_points.txt
writing requirements to ../../../../build/fusion_3d/fusion_3d.egg-info/requires.txt
writing top-level names to ../../../../build/fusion_3d/fusion_3d.egg-info/top_level.txt
writing manifest file '../../../../build/fusion_3d/fusion_3d.egg-info/SOURCES.txt'
reading manifest file '../../../../build/fusion_3d/fusion_3d.egg-info/SOURCES.txt'
writing manifest file '../../../../build/fusion_3d/fusion_3d.egg-info/SOURCES.txt'
running build
running build_py
creating /home/angelina/EAT40005-Project/ros2_ws/build/fusion_3d/build
creating /home/angelina/EAT40005-Project/ros2_ws/build/fusion_3d/build/lib
creating /home/angelina/EAT40005-Project/ros2_ws/build/fusion_3d/build/lib/fusion_3d
copying fusion_3d/__init__.py -> /home/angelina/EAT40005-Project/ros2_ws/build/fusion_3d/build/lib/fusion_3d
copying fusion_3d/fusion_3d_node.py -> /home/angelina/EAT40005-Project/ros2_ws/build/fusion_3d/build/lib/fusion_3d
copying fusion_3d/sort_modified.py -> /home/angelina/EAT40005-Project/ros2_ws/build/fusion_3d/build/lib/fusion_3d
copying fusion_3d/utils.py -> /home/angelina/EAT40005-Project/ros2_ws/build/fusion_3d/build/lib/fusion_3d
copying fusion_3d/fusion_3d_visualizer_node.py -> /home/angelina/EAT40005-Project/ros2_ws/build/fusion_3d/build/lib/fusion_3d
running install
running install_lib
creating /home/angelina/EAT40005-Project/ros2_ws/install/fusion_3d/lib/python3.10/site-packages/fusion_3d
copying /home/angelina/EAT40005-Project/ros2_ws/build/fusion_3d/build/lib/fusion_3d/__init__.py -> /home/angelina/EAT40005-Project/ros2_ws/install/fusion_3d/lib/python3.10/site-packages/fusion_3d
copying /home/angelina/EAT40005-Project/ros2_ws/build/fusion_3d/build/lib/fusion_3d/fusion_3d_node.py -> /home/angelina/EAT40005-Project/ros2_ws/install/fusion_3d/lib/python3.10/site-packages/fusion_3d
copying /home/angelina/EAT40005-Project/ros2_ws/build/fusion_3d/build/lib/fusion_3d/sort_modified.py -> /home/angelina/EAT40005-Project/ros2_ws/install/fusion_3d/lib/python3.10/site-packages/fusion_3d
copying /home/angelina/EAT40005-Project/ros2_ws/build/fusion_3d/build/lib/fusion_3d/utils.py -> /home/angelina/EAT40005-Project/ros2_ws/install/fusion_3d/lib/python3.10/site-packages/fusion_3d
copying /home/angelina/EAT40005-Project/ros2_ws/build/fusion_3d/build/lib/fusion_3d/fusion_3d_visualizer_node.py -> /home/angelina/EAT40005-Project/ros2_ws/install/fusion_3d/lib/python3.10/site-packages/fusion_3d
byte-compiling /home/angelina/EAT40005-Project/ros2_ws/install/fusion_3d/lib/python3.10/site-packages/fusion_3d/__init__.py to __init__.cpython-310.pyc
byte-compiling /home/angelina/EAT40005-Project/ros2_ws/install/fusion_3d/lib/python3.10/site-packages/fusion_3d/fusion_3d_node.py to fusion_3d_node.cpython-310.pyc
byte-compiling /home/angelina/EAT40005-Project/ros2_ws/install/fusion_3d/lib/python3.10/site-packages/fusion_3d/sort_modified.py to sort_modified.cpython-310.pyc
byte-compiling /home/angelina/EAT40005-Project/ros2_ws/install/fusion_3d/lib/python3.10/site-packages/fusion_3d/utils.py to utils.cpython-310.pyc
byte-compiling /home/angelina/EAT40005-Project/ros2_ws/install/fusion_3d/lib/python3.10/site-packages/fusion_3d/fusion_3d_visualizer_node.py to fusion_3d_visualizer_node.cpython-310.pyc
running install_data
creating /home/angelina/EAT40005-Project/ros2_ws/install/fusion_3d/share/ament_index
creating /home/angelina/EAT40005-Project/ros2_ws/install/fusion_3d/share/ament_index/resource_index
creating /home/angelina/EAT40005-Project/ros2_ws/install/fusion_3d/share/ament_index/resource_index/packages
copying resource/fusion_3d -> /home/angelina/EAT40005-Project/ros2_ws/install/fusion_3d/share/ament_index/resource_index/packages
copying package.xml -> /home/angelina/EAT40005-Project/ros2_ws/install/fusion_3d/share/fusion_3d
running install_egg_info
Copying ../../../../build/fusion_3d/fusion_3d.egg-info to /home/angelina/EAT40005-Project/ros2_ws/install/fusion_3d/lib/python3.10/site-packages/fusion_3d-0.0.0-py3.10.egg-info
running install_scripts
Installing fusion_3d_node script to /home/angelina/EAT40005-Project/ros2_ws/install/fusion_3d/lib/fusion_3d
Installing fusion_3d_viz_node script to /home/angelina/EAT40005-Project/ros2_ws/install/fusion_3d/lib/fusion_3d
writing list of installed files to '/home/angelina/EAT40005-Project/ros2_ws/build/fusion_3d/install.log'
