[3.111s] Invoking command in '/home/angelina/EAT40005-Project/ros2_ws/src/cam_lidar_tools/fusion/fusion_3d': PYTHONPATH=/home/angelina/EAT40005-Project/ros2_ws/build/fusion_3d/prefix_override:/usr/lib/python3/dist-packages/colcon_core/task/python/colcon_distutils_commands:/home/angelina/EAT40005-Project/ros2_ws/install/fusion_3d/lib/python3.10/site-packages:${PYTHONPATH} /usr/bin/python3 -W ignore:setup.py install is deprecated -W ignore:easy_install command is deprecated setup.py egg_info --egg-base ../../../../build/fusion_3d build --build-base /home/angelina/EAT40005-Project/ros2_ws/build/fusion_3d/build install --record /home/angelina/EAT40005-Project/ros2_ws/build/fusion_3d/install.log --single-version-externally-managed install_data
[3.442s] running egg_info
[3.443s] creating ../../../../build/fusion_3d/fusion_3d.egg-info
[3.443s] writing ../../../../build/fusion_3d/fusion_3d.egg-info/PKG-INFO
[3.443s] writing dependency_links to ../../../../build/fusion_3d/fusion_3d.egg-info/dependency_links.txt
[3.443s] writing entry points to ../../../../build/fusion_3d/fusion_3d.egg-info/entry_points.txt
[3.443s] writing requirements to ../../../../build/fusion_3d/fusion_3d.egg-info/requires.txt
[3.443s] writing top-level names to ../../../../build/fusion_3d/fusion_3d.egg-info/top_level.txt
[3.444s] writing manifest file '../../../../build/fusion_3d/fusion_3d.egg-info/SOURCES.txt'
[3.446s] reading manifest file '../../../../build/fusion_3d/fusion_3d.egg-info/SOURCES.txt'
[3.446s] writing manifest file '../../../../build/fusion_3d/fusion_3d.egg-info/SOURCES.txt'
[3.447s] running build
[3.447s] running build_py
[3.447s] creating /home/angelina/EAT40005-Project/ros2_ws/build/fusion_3d/build
[3.447s] creating /home/angelina/EAT40005-Project/ros2_ws/build/fusion_3d/build/lib
[3.448s] creating /home/angelina/EAT40005-Project/ros2_ws/build/fusion_3d/build/lib/fusion_3d
[3.448s] copying fusion_3d/__init__.py -> /home/angelina/EAT40005-Project/ros2_ws/build/fusion_3d/build/lib/fusion_3d
[3.448s] copying fusion_3d/fusion_3d_node.py -> /home/angelina/EAT40005-Project/ros2_ws/build/fusion_3d/build/lib/fusion_3d
[3.448s] copying fusion_3d/sort_modified.py -> /home/angelina/EAT40005-Project/ros2_ws/build/fusion_3d/build/lib/fusion_3d
[3.448s] copying fusion_3d/utils.py -> /home/angelina/EAT40005-Project/ros2_ws/build/fusion_3d/build/lib/fusion_3d
[3.448s] copying fusion_3d/fusion_3d_visualizer_node.py -> /home/angelina/EAT40005-Project/ros2_ws/build/fusion_3d/build/lib/fusion_3d
[3.449s] running install
[3.449s] running install_lib
[3.450s] creating /home/angelina/EAT40005-Project/ros2_ws/install/fusion_3d/lib/python3.10/site-packages/fusion_3d
[3.450s] copying /home/angelina/EAT40005-Project/ros2_ws/build/fusion_3d/build/lib/fusion_3d/__init__.py -> /home/angelina/EAT40005-Project/ros2_ws/install/fusion_3d/lib/python3.10/site-packages/fusion_3d
[3.450s] copying /home/angelina/EAT40005-Project/ros2_ws/build/fusion_3d/build/lib/fusion_3d/fusion_3d_node.py -> /home/angelina/EAT40005-Project/ros2_ws/install/fusion_3d/lib/python3.10/site-packages/fusion_3d
[3.451s] copying /home/angelina/EAT40005-Project/ros2_ws/build/fusion_3d/build/lib/fusion_3d/sort_modified.py -> /home/angelina/EAT40005-Project/ros2_ws/install/fusion_3d/lib/python3.10/site-packages/fusion_3d
[3.451s] copying /home/angelina/EAT40005-Project/ros2_ws/build/fusion_3d/build/lib/fusion_3d/utils.py -> /home/angelina/EAT40005-Project/ros2_ws/install/fusion_3d/lib/python3.10/site-packages/fusion_3d
[3.451s] copying /home/angelina/EAT40005-Project/ros2_ws/build/fusion_3d/build/lib/fusion_3d/fusion_3d_visualizer_node.py -> /home/angelina/EAT40005-Project/ros2_ws/install/fusion_3d/lib/python3.10/site-packages/fusion_3d
[3.452s] byte-compiling /home/angelina/EAT40005-Project/ros2_ws/install/fusion_3d/lib/python3.10/site-packages/fusion_3d/__init__.py to __init__.cpython-310.pyc
[3.452s] byte-compiling /home/angelina/EAT40005-Project/ros2_ws/install/fusion_3d/lib/python3.10/site-packages/fusion_3d/fusion_3d_node.py to fusion_3d_node.cpython-310.pyc
[3.456s] byte-compiling /home/angelina/EAT40005-Project/ros2_ws/install/fusion_3d/lib/python3.10/site-packages/fusion_3d/sort_modified.py to sort_modified.cpython-310.pyc
[3.459s] byte-compiling /home/angelina/EAT40005-Project/ros2_ws/install/fusion_3d/lib/python3.10/site-packages/fusion_3d/utils.py to utils.cpython-310.pyc
[3.460s] byte-compiling /home/angelina/EAT40005-Project/ros2_ws/install/fusion_3d/lib/python3.10/site-packages/fusion_3d/fusion_3d_visualizer_node.py to fusion_3d_visualizer_node.cpython-310.pyc
[3.461s] running install_data
[3.461s] creating /home/angelina/EAT40005-Project/ros2_ws/install/fusion_3d/share/ament_index
[3.461s] creating /home/angelina/EAT40005-Project/ros2_ws/install/fusion_3d/share/ament_index/resource_index
[3.461s] creating /home/angelina/EAT40005-Project/ros2_ws/install/fusion_3d/share/ament_index/resource_index/packages
[3.462s] copying resource/fusion_3d -> /home/angelina/EAT40005-Project/ros2_ws/install/fusion_3d/share/ament_index/resource_index/packages
[3.462s] copying package.xml -> /home/angelina/EAT40005-Project/ros2_ws/install/fusion_3d/share/fusion_3d
[3.462s] running install_egg_info
[3.464s] Copying ../../../../build/fusion_3d/fusion_3d.egg-info to /home/angelina/EAT40005-Project/ros2_ws/install/fusion_3d/lib/python3.10/site-packages/fusion_3d-0.0.0-py3.10.egg-info
[3.465s] running install_scripts
[3.493s] Installing fusion_3d_node script to /home/angelina/EAT40005-Project/ros2_ws/install/fusion_3d/lib/fusion_3d
[3.494s] Installing fusion_3d_viz_node script to /home/angelina/EAT40005-Project/ros2_ws/install/fusion_3d/lib/fusion_3d
[3.494s] writing list of installed files to '/home/angelina/EAT40005-Project/ros2_ws/build/fusion_3d/install.log'
[3.559s] Invoked command in '/home/angelina/EAT40005-Project/ros2_ws/src/cam_lidar_tools/fusion/fusion_3d' returned '0': PYTHONPATH=/home/angelina/EAT40005-Project/ros2_ws/build/fusion_3d/prefix_override:/usr/lib/python3/dist-packages/colcon_core/task/python/colcon_distutils_commands:/home/angelina/EAT40005-Project/ros2_ws/install/fusion_3d/lib/python3.10/site-packages:${PYTHONPATH} /usr/bin/python3 -W ignore:setup.py install is deprecated -W ignore:easy_install command is deprecated setup.py egg_info --egg-base ../../../../build/fusion_3d build --build-base /home/angelina/EAT40005-Project/ros2_ws/build/fusion_3d/build install --record /home/angelina/EAT40005-Project/ros2_ws/build/fusion_3d/install.log --single-version-externally-managed install_data
