[0.461s] Invoking command in '/home/angelina/EAT40005-Project/ros2_ws/src/lidar_socket_pub': PYTHONPATH=/home/angelina/EAT40005-Project/ros2_ws/build/lidar_socket_pub/prefix_override:/usr/lib/python3/dist-packages/colcon_core/task/python/colcon_distutils_commands:/home/angelina/EAT40005-Project/ros2_ws/install/lidar_socket_pub/lib/python3.10/site-packages:${PYTHONPATH} /usr/bin/python3 -W ignore:setup.py install is deprecated -W ignore:easy_install command is deprecated setup.py egg_info --egg-base ../../build/lidar_socket_pub build --build-base /home/angelina/EAT40005-Project/ros2_ws/build/lidar_socket_pub/build install --record /home/angelina/EAT40005-Project/ros2_ws/build/lidar_socket_pub/install.log --single-version-externally-managed install_data
[0.594s] running egg_info
[0.594s] writing ../../build/lidar_socket_pub/lidar_socket_pub.egg-info/PKG-INFO
[0.602s] writing dependency_links to ../../build/lidar_socket_pub/lidar_socket_pub.egg-info/dependency_links.txt
[0.602s] writing entry points to ../../build/lidar_socket_pub/lidar_socket_pub.egg-info/entry_points.txt
[0.602s] writing requirements to ../../build/lidar_socket_pub/lidar_socket_pub.egg-info/requires.txt
[0.603s] writing top-level names to ../../build/lidar_socket_pub/lidar_socket_pub.egg-info/top_level.txt
[0.604s] reading manifest file '../../build/lidar_socket_pub/lidar_socket_pub.egg-info/SOURCES.txt'
[0.606s] writing manifest file '../../build/lidar_socket_pub/lidar_socket_pub.egg-info/SOURCES.txt'
[0.606s] running build
[0.606s] running build_py
[0.609s] copying lidar_socket_pub/lidar_socket_pub.py -> /home/angelina/EAT40005-Project/ros2_ws/build/lidar_socket_pub/build/lib/lidar_socket_pub
[0.609s] running install
[0.609s] running install_lib
[0.610s] copying /home/angelina/EAT40005-Project/ros2_ws/build/lidar_socket_pub/build/lib/lidar_socket_pub/lidar_socket_pub.py -> /home/angelina/EAT40005-Project/ros2_ws/install/lidar_socket_pub/lib/python3.10/site-packages/lidar_socket_pub
[0.611s] byte-compiling /home/angelina/EAT40005-Project/ros2_ws/install/lidar_socket_pub/lib/python3.10/site-packages/lidar_socket_pub/lidar_socket_pub.py to lidar_socket_pub.cpython-310.pyc
[0.612s] running install_data
[0.613s] running install_egg_info
[0.614s] removing '/home/angelina/EAT40005-Project/ros2_ws/install/lidar_socket_pub/lib/python3.10/site-packages/lidar_socket_pub-0.0.0-py3.10.egg-info' (and everything under it)
[0.614s] Copying ../../build/lidar_socket_pub/lidar_socket_pub.egg-info to /home/angelina/EAT40005-Project/ros2_ws/install/lidar_socket_pub/lib/python3.10/site-packages/lidar_socket_pub-0.0.0-py3.10.egg-info
[0.615s] running install_scripts
[0.628s] Installing lidar_socket_pub script to /home/angelina/EAT40005-Project/ros2_ws/install/lidar_socket_pub/lib/lidar_socket_pub
[0.628s] writing list of installed files to '/home/angelina/EAT40005-Project/ros2_ws/build/lidar_socket_pub/install.log'
[0.642s] Invoked command in '/home/angelina/EAT40005-Project/ros2_ws/src/lidar_socket_pub' returned '0': PYTHONPATH=/home/angelina/EAT40005-Project/ros2_ws/build/lidar_socket_pub/prefix_override:/usr/lib/python3/dist-packages/colcon_core/task/python/colcon_distutils_commands:/home/angelina/EAT40005-Project/ros2_ws/install/lidar_socket_pub/lib/python3.10/site-packages:${PYTHONPATH} /usr/bin/python3 -W ignore:setup.py install is deprecated -W ignore:easy_install command is deprecated setup.py egg_info --egg-base ../../build/lidar_socket_pub build --build-base /home/angelina/EAT40005-Project/ros2_ws/build/lidar_socket_pub/build install --record /home/angelina/EAT40005-Project/ros2_ws/build/lidar_socket_pub/install.log --single-version-externally-managed install_data
