[3.147s] Invoking command in '/home/angelina/EAT40005-Project/ros2_ws/src/cam_lidar_tools/camera/camera_det2d': PYTHONPATH=/home/angelina/EAT40005-Project/ros2_ws/build/camera_det2d/prefix_override:/usr/lib/python3/dist-packages/colcon_core/task/python/colcon_distutils_commands:/home/angelina/EAT40005-Project/ros2_ws/install/camera_det2d/lib/python3.10/site-packages:${PYTHONPATH} /usr/bin/python3 -W ignore:setup.py install is deprecated -W ignore:easy_install command is deprecated setup.py egg_info --egg-base ../../../../build/camera_det2d build --build-base /home/angelina/EAT40005-Project/ros2_ws/build/camera_det2d/build install --record /home/angelina/EAT40005-Project/ros2_ws/build/camera_det2d/install.log --single-version-externally-managed install_data
[3.466s] running egg_info
[3.467s] creating ../../../../build/camera_det2d/camera_det2d.egg-info
[3.467s] writing ../../../../build/camera_det2d/camera_det2d.egg-info/PKG-INFO
[3.468s] writing dependency_links to ../../../../build/camera_det2d/camera_det2d.egg-info/dependency_links.txt
[3.468s] writing entry points to ../../../../build/camera_det2d/camera_det2d.egg-info/entry_points.txt
[3.468s] writing requirements to ../../../../build/camera_det2d/camera_det2d.egg-info/requires.txt
[3.468s] writing top-level names to ../../../../build/camera_det2d/camera_det2d.egg-info/top_level.txt
[3.469s] writing manifest file '../../../../build/camera_det2d/camera_det2d.egg-info/SOURCES.txt'
[3.470s] reading manifest file '../../../../build/camera_det2d/camera_det2d.egg-info/SOURCES.txt'
[3.470s] writing manifest file '../../../../build/camera_det2d/camera_det2d.egg-info/SOURCES.txt'
[3.470s] running build
[3.471s] running build_py
[3.471s] creating /home/angelina/EAT40005-Project/ros2_ws/build/camera_det2d/build
[3.471s] creating /home/angelina/EAT40005-Project/ros2_ws/build/camera_det2d/build/lib
[3.471s] creating /home/angelina/EAT40005-Project/ros2_ws/build/camera_det2d/build/lib/camera_det2d
[3.471s] copying camera_det2d/__init__.py -> /home/angelina/EAT40005-Project/ros2_ws/build/camera_det2d/build/lib/camera_det2d
[3.472s] copying camera_det2d/camera_processing_node.py -> /home/angelina/EAT40005-Project/ros2_ws/build/camera_det2d/build/lib/camera_det2d
[3.472s] running install
[3.472s] running install_lib
[3.473s] creating /home/angelina/EAT40005-Project/ros2_ws/install/camera_det2d/lib/python3.10/site-packages/camera_det2d
[3.473s] copying /home/angelina/EAT40005-Project/ros2_ws/build/camera_det2d/build/lib/camera_det2d/__init__.py -> /home/angelina/EAT40005-Project/ros2_ws/install/camera_det2d/lib/python3.10/site-packages/camera_det2d
[3.473s] copying /home/angelina/EAT40005-Project/ros2_ws/build/camera_det2d/build/lib/camera_det2d/camera_processing_node.py -> /home/angelina/EAT40005-Project/ros2_ws/install/camera_det2d/lib/python3.10/site-packages/camera_det2d
[3.474s] byte-compiling /home/angelina/EAT40005-Project/ros2_ws/install/camera_det2d/lib/python3.10/site-packages/camera_det2d/__init__.py to __init__.cpython-310.pyc
[3.474s] byte-compiling /home/angelina/EAT40005-Project/ros2_ws/install/camera_det2d/lib/python3.10/site-packages/camera_det2d/camera_processing_node.py to camera_processing_node.cpython-310.pyc
[3.477s] running install_data
[3.477s] creating /home/angelina/EAT40005-Project/ros2_ws/install/camera_det2d/share/ament_index
[3.477s] creating /home/angelina/EAT40005-Project/ros2_ws/install/camera_det2d/share/ament_index/resource_index
[3.477s] creating /home/angelina/EAT40005-Project/ros2_ws/install/camera_det2d/share/ament_index/resource_index/packages
[3.477s] copying resource/camera_det2d -> /home/angelina/EAT40005-Project/ros2_ws/install/camera_det2d/share/ament_index/resource_index/packages
[3.477s] copying package.xml -> /home/angelina/EAT40005-Project/ros2_ws/install/camera_det2d/share/camera_det2d
[3.477s] copying launch/top_level_launch.py -> /home/angelina/EAT40005-Project/ros2_ws/install/camera_det2d/share/camera_det2d
[3.477s] copying launch/cam_processor_launch.py -> /home/angelina/EAT40005-Project/ros2_ws/install/camera_det2d/share/camera_det2d
[3.478s] copying config/1280x720_ost.yaml -> /home/angelina/EAT40005-Project/ros2_ws/install/camera_det2d/share/camera_det2d
[3.478s] copying config/1920x1080_ost.yaml -> /home/angelina/EAT40005-Project/ros2_ws/install/camera_det2d/share/camera_det2d
[3.478s] copying config/rviz/brio_ouster_config_rviz.rviz -> /home/angelina/EAT40005-Project/ros2_ws/install/camera_det2d/share/camera_det2d
[3.478s] running install_egg_info
[3.479s] Copying ../../../../build/camera_det2d/camera_det2d.egg-info to /home/angelina/EAT40005-Project/ros2_ws/install/camera_det2d/lib/python3.10/site-packages/camera_det2d-0.0.0-py3.10.egg-info
[3.479s] running install_scripts
[3.507s] Installing camera_processor script to /home/angelina/EAT40005-Project/ros2_ws/install/camera_det2d/lib/camera_det2d
[3.508s] writing list of installed files to '/home/angelina/EAT40005-Project/ros2_ws/build/camera_det2d/install.log'
[3.565s] Invoked command in '/home/angelina/EAT40005-Project/ros2_ws/src/cam_lidar_tools/camera/camera_det2d' returned '0': PYTHONPATH=/home/angelina/EAT40005-Project/ros2_ws/build/camera_det2d/prefix_override:/usr/lib/python3/dist-packages/colcon_core/task/python/colcon_distutils_commands:/home/angelina/EAT40005-Project/ros2_ws/install/camera_det2d/lib/python3.10/site-packages:${PYTHONPATH} /usr/bin/python3 -W ignore:setup.py install is deprecated -W ignore:easy_install command is deprecated setup.py egg_info --egg-base ../../../../build/camera_det2d build --build-base /home/angelina/EAT40005-Project/ros2_ws/build/camera_det2d/build install --record /home/angelina/EAT40005-Project/ros2_ws/build/camera_det2d/install.log --single-version-externally-managed install_data
