[0.056s] DEBUG:colcon:Command line arguments: ['/usr/bin/colcon', 'build']
[0.057s] DEBUG:colcon:Parsed command line arguments: Namespace(log_base=None, log_level=None, verb_name='build', build_base='build', install_base='install', merge_install=False, symlink_install=False, test_result_base=None, continue_on_error=False, executor='parallel', parallel_workers=20, event_handlers=None, ignore_user_meta=False, metas=['./colcon.meta'], base_paths=['.'], packages_ignore=None, packages_ignore_regex=None, paths=None, packages_up_to=None, packages_up_to_regex=None, packages_above=None, packages_above_and_dependencies=None, packages_above_depth=None, packages_select_by_dep=None, packages_skip_by_dep=None, packages_skip_up_to=None, packages_select_build_failed=False, packages_skip_build_finished=False, packages_select_test_failures=False, packages_skip_test_passed=False, packages_select=None, packages_skip=None, packages_select_regex=None, packages_skip_regex=None, packages_start=None, packages_end=None, allow_overriding=[], cmake_args=None, cmake_target=None, cmake_target_skip_unavailable=False, cmake_clean_cache=False, cmake_clean_first=False, cmake_force_configure=False, ament_cmake_args=None, catkin_cmake_args=None, catkin_skip_building_tests=False, verb_parser=<colcon_defaults.argument_parser.defaults.DefaultArgumentsDecorator object at 0x724862069630>, verb_extension=<colcon_core.verb.build.BuildVerb object at 0x724862069060>, main=<bound method BuildVerb.main of <colcon_core.verb.build.BuildVerb object at 0x724862069060>>)
[0.152s] Level 1:colcon.colcon_core.package_discovery:discover_packages(colcon_meta) check parameters
[0.152s] Level 1:colcon.colcon_core.package_discovery:discover_packages(recursive) check parameters
[0.152s] Level 1:colcon.colcon_core.package_discovery:discover_packages(ignore) check parameters
[0.152s] Level 1:colcon.colcon_core.package_discovery:discover_packages(path) check parameters
[0.152s] Level 1:colcon.colcon_core.package_discovery:discover_packages(colcon_meta) discover
[0.152s] Level 1:colcon.colcon_core.package_discovery:discover_packages(recursive) discover
[0.152s] INFO:colcon.colcon_core.package_discovery:Crawling recursively for packages in '/home/angelina/EAT40005-Project/lidar_ws'
[0.152s] Level 1:colcon.colcon_core.package_identification:_identify(.) by extensions ['ignore', 'ignore_ament_install']
[0.152s] Level 1:colcon.colcon_core.package_identification:_identify(.) by extension 'ignore'
[0.152s] Level 1:colcon.colcon_core.package_identification:_identify(.) by extension 'ignore_ament_install'
[0.152s] Level 1:colcon.colcon_core.package_identification:_identify(.) by extensions ['colcon_pkg']
[0.152s] Level 1:colcon.colcon_core.package_identification:_identify(.) by extension 'colcon_pkg'
[0.152s] Level 1:colcon.colcon_core.package_identification:_identify(.) by extensions ['colcon_meta']
[0.152s] Level 1:colcon.colcon_core.package_identification:_identify(.) by extension 'colcon_meta'
[0.152s] Level 1:colcon.colcon_core.package_identification:_identify(.) by extensions ['ros']
[0.152s] Level 1:colcon.colcon_core.package_identification:_identify(.) by extension 'ros'
[0.158s] Level 1:colcon.colcon_core.package_identification:_identify(.) by extensions ['cmake', 'python']
[0.158s] Level 1:colcon.colcon_core.package_identification:_identify(.) by extension 'cmake'
[0.159s] Level 1:colcon.colcon_core.package_identification:_identify(.) by extension 'python'
[0.159s] Level 1:colcon.colcon_core.package_identification:_identify(.) by extensions ['python_setup_py']
[0.159s] Level 1:colcon.colcon_core.package_identification:_identify(.) by extension 'python_setup_py'
[0.159s] Level 1:colcon.colcon_core.package_identification:_identify(build) by extensions ['ignore', 'ignore_ament_install']
[0.159s] Level 1:colcon.colcon_core.package_identification:_identify(build) by extension 'ignore'
[0.159s] Level 1:colcon.colcon_core.package_identification:_identify(build) ignored
[0.159s] Level 1:colcon.colcon_core.package_identification:_identify(install) by extensions ['ignore', 'ignore_ament_install']
[0.159s] Level 1:colcon.colcon_core.package_identification:_identify(install) by extension 'ignore'
[0.159s] Level 1:colcon.colcon_core.package_identification:_identify(install) ignored
[0.159s] Level 1:colcon.colcon_core.package_identification:_identify(log) by extensions ['ignore', 'ignore_ament_install']
[0.159s] Level 1:colcon.colcon_core.package_identification:_identify(log) by extension 'ignore'
[0.159s] Level 1:colcon.colcon_core.package_identification:_identify(log) ignored
[0.159s] Level 1:colcon.colcon_core.package_identification:_identify(src) by extensions ['ignore', 'ignore_ament_install']
[0.159s] Level 1:colcon.colcon_core.package_identification:_identify(src) by extension 'ignore'
[0.159s] Level 1:colcon.colcon_core.package_identification:_identify(src) by extension 'ignore_ament_install'
[0.159s] Level 1:colcon.colcon_core.package_identification:_identify(src) by extensions ['colcon_pkg']
[0.159s] Level 1:colcon.colcon_core.package_identification:_identify(src) by extension 'colcon_pkg'
[0.159s] Level 1:colcon.colcon_core.package_identification:_identify(src) by extensions ['colcon_meta']
[0.159s] Level 1:colcon.colcon_core.package_identification:_identify(src) by extension 'colcon_meta'
[0.159s] Level 1:colcon.colcon_core.package_identification:_identify(src) by extensions ['ros']
[0.159s] Level 1:colcon.colcon_core.package_identification:_identify(src) by extension 'ros'
[0.159s] Level 1:colcon.colcon_core.package_identification:_identify(src) by extensions ['cmake', 'python']
[0.159s] Level 1:colcon.colcon_core.package_identification:_identify(src) by extension 'cmake'
[0.159s] Level 1:colcon.colcon_core.package_identification:_identify(src) by extension 'python'
[0.159s] Level 1:colcon.colcon_core.package_identification:_identify(src) by extensions ['python_setup_py']
[0.159s] Level 1:colcon.colcon_core.package_identification:_identify(src) by extension 'python_setup_py'
[0.159s] Level 1:colcon.colcon_core.package_identification:_identify(src/lidar_socket_pub) by extensions ['ignore', 'ignore_ament_install']
[0.159s] Level 1:colcon.colcon_core.package_identification:_identify(src/lidar_socket_pub) by extension 'ignore'
[0.159s] Level 1:colcon.colcon_core.package_identification:_identify(src/lidar_socket_pub) by extension 'ignore_ament_install'
[0.159s] Level 1:colcon.colcon_core.package_identification:_identify(src/lidar_socket_pub) by extensions ['colcon_pkg']
[0.159s] Level 1:colcon.colcon_core.package_identification:_identify(src/lidar_socket_pub) by extension 'colcon_pkg'
[0.159s] Level 1:colcon.colcon_core.package_identification:_identify(src/lidar_socket_pub) by extensions ['colcon_meta']
[0.159s] Level 1:colcon.colcon_core.package_identification:_identify(src/lidar_socket_pub) by extension 'colcon_meta'
[0.159s] Level 1:colcon.colcon_core.package_identification:_identify(src/lidar_socket_pub) by extensions ['ros']
[0.159s] Level 1:colcon.colcon_core.package_identification:_identify(src/lidar_socket_pub) by extension 'ros'
[0.161s] DEBUG:colcon.colcon_core.package_identification:Package 'src/lidar_socket_pub' with type 'ros.ament_python' and name 'lidar_socket_pub'
[0.161s] Level 1:colcon.colcon_core.package_identification:_identify(src/slam_gmapping) by extensions ['ignore', 'ignore_ament_install']
[0.161s] Level 1:colcon.colcon_core.package_identification:_identify(src/slam_gmapping) by extension 'ignore'
[0.161s] Level 1:colcon.colcon_core.package_identification:_identify(src/slam_gmapping) by extension 'ignore_ament_install'
[0.161s] Level 1:colcon.colcon_core.package_identification:_identify(src/slam_gmapping) by extensions ['colcon_pkg']
[0.161s] Level 1:colcon.colcon_core.package_identification:_identify(src/slam_gmapping) by extension 'colcon_pkg'
[0.161s] Level 1:colcon.colcon_core.package_identification:_identify(src/slam_gmapping) by extensions ['colcon_meta']
[0.161s] Level 1:colcon.colcon_core.package_identification:_identify(src/slam_gmapping) by extension 'colcon_meta'
[0.161s] Level 1:colcon.colcon_core.package_identification:_identify(src/slam_gmapping) by extensions ['ros']
[0.161s] Level 1:colcon.colcon_core.package_identification:_identify(src/slam_gmapping) by extension 'ros'
[0.161s] Level 1:colcon.colcon_core.package_identification:_identify(src/slam_gmapping) by extensions ['cmake', 'python']
[0.161s] Level 1:colcon.colcon_core.package_identification:_identify(src/slam_gmapping) by extension 'cmake'
[0.161s] Level 1:colcon.colcon_core.package_identification:_identify(src/slam_gmapping) by extension 'python'
[0.161s] Level 1:colcon.colcon_core.package_identification:_identify(src/slam_gmapping) by extensions ['python_setup_py']
[0.161s] Level 1:colcon.colcon_core.package_identification:_identify(src/slam_gmapping) by extension 'python_setup_py'
[0.161s] Level 1:colcon.colcon_core.package_identification:_identify(src/slam_gmapping/openslam_gmapping) by extensions ['ignore', 'ignore_ament_install']
[0.161s] Level 1:colcon.colcon_core.package_identification:_identify(src/slam_gmapping/openslam_gmapping) by extension 'ignore'
[0.161s] Level 1:colcon.colcon_core.package_identification:_identify(src/slam_gmapping/openslam_gmapping) by extension 'ignore_ament_install'
[0.161s] Level 1:colcon.colcon_core.package_identification:_identify(src/slam_gmapping/openslam_gmapping) by extensions ['colcon_pkg']
[0.161s] Level 1:colcon.colcon_core.package_identification:_identify(src/slam_gmapping/openslam_gmapping) by extension 'colcon_pkg'
[0.162s] Level 1:colcon.colcon_core.package_identification:_identify(src/slam_gmapping/openslam_gmapping) by extensions ['colcon_meta']
[0.162s] Level 1:colcon.colcon_core.package_identification:_identify(src/slam_gmapping/openslam_gmapping) by extension 'colcon_meta'
[0.162s] Level 1:colcon.colcon_core.package_identification:_identify(src/slam_gmapping/openslam_gmapping) by extensions ['ros']
[0.162s] Level 1:colcon.colcon_core.package_identification:_identify(src/slam_gmapping/openslam_gmapping) by extension 'ros'
[0.162s] DEBUG:colcon.colcon_core.package_identification:Package 'src/slam_gmapping/openslam_gmapping' with type 'ros.ament_cmake' and name 'openslam_gmapping'
[0.162s] Level 1:colcon.colcon_core.package_identification:_identify(src/slam_gmapping/slam_gmapping) by extensions ['ignore', 'ignore_ament_install']
[0.162s] Level 1:colcon.colcon_core.package_identification:_identify(src/slam_gmapping/slam_gmapping) by extension 'ignore'
[0.162s] Level 1:colcon.colcon_core.package_identification:_identify(src/slam_gmapping/slam_gmapping) by extension 'ignore_ament_install'
[0.162s] Level 1:colcon.colcon_core.package_identification:_identify(src/slam_gmapping/slam_gmapping) by extensions ['colcon_pkg']
[0.162s] Level 1:colcon.colcon_core.package_identification:_identify(src/slam_gmapping/slam_gmapping) by extension 'colcon_pkg'
[0.162s] Level 1:colcon.colcon_core.package_identification:_identify(src/slam_gmapping/slam_gmapping) by extensions ['colcon_meta']
[0.162s] Level 1:colcon.colcon_core.package_identification:_identify(src/slam_gmapping/slam_gmapping) by extension 'colcon_meta'
[0.162s] Level 1:colcon.colcon_core.package_identification:_identify(src/slam_gmapping/slam_gmapping) by extensions ['ros']
[0.162s] Level 1:colcon.colcon_core.package_identification:_identify(src/slam_gmapping/slam_gmapping) by extension 'ros'
[0.163s] DEBUG:colcon.colcon_core.package_identification:Package 'src/slam_gmapping/slam_gmapping' with type 'ros.ament_cmake' and name 'slam_gmapping'
[0.163s] Level 1:colcon.colcon_core.package_discovery:discover_packages(recursive) using defaults
[0.163s] Level 1:colcon.colcon_core.package_discovery:discover_packages(ignore) discover
[0.163s] Level 1:colcon.colcon_core.package_discovery:discover_packages(ignore) using defaults
[0.163s] Level 1:colcon.colcon_core.package_discovery:discover_packages(path) discover
[0.163s] Level 1:colcon.colcon_core.package_discovery:discover_packages(path) using defaults
[0.181s] Level 1:colcon.colcon_core.package_discovery:discover_packages(prefix_path) check parameters
[0.181s] Level 1:colcon.colcon_core.package_discovery:discover_packages(prefix_path) discover
[0.183s] DEBUG:colcon.colcon_installed_package_information.package_discovery:Found 15 installed packages in /home/angelina/turtlebot3_ws/install
[0.183s] DEBUG:colcon.colcon_installed_package_information.package_discovery:Found 402 installed packages in /opt/ros/humble
[0.185s] Level 1:colcon.colcon_core.package_discovery:discover_packages(prefix_path) using defaults
[0.217s] Level 5:colcon.colcon_core.verb:set package 'lidar_socket_pub' build argument 'cmake_args' from command line to 'None'
[0.217s] Level 5:colcon.colcon_core.verb:set package 'lidar_socket_pub' build argument 'cmake_target' from command line to 'None'
[0.217s] Level 5:colcon.colcon_core.verb:set package 'lidar_socket_pub' build argument 'cmake_target_skip_unavailable' from command line to 'False'
[0.217s] Level 5:colcon.colcon_core.verb:set package 'lidar_socket_pub' build argument 'cmake_clean_cache' from command line to 'False'
[0.217s] Level 5:colcon.colcon_core.verb:set package 'lidar_socket_pub' build argument 'cmake_clean_first' from command line to 'False'
[0.217s] Level 5:colcon.colcon_core.verb:set package 'lidar_socket_pub' build argument 'cmake_force_configure' from command line to 'False'
[0.217s] Level 5:colcon.colcon_core.verb:set package 'lidar_socket_pub' build argument 'ament_cmake_args' from command line to 'None'
[0.217s] Level 5:colcon.colcon_core.verb:set package 'lidar_socket_pub' build argument 'catkin_cmake_args' from command line to 'None'
[0.217s] Level 5:colcon.colcon_core.verb:set package 'lidar_socket_pub' build argument 'catkin_skip_building_tests' from command line to 'False'
[0.217s] DEBUG:colcon.colcon_core.verb:Building package 'lidar_socket_pub' with the following arguments: {'ament_cmake_args': None, 'build_base': '/home/angelina/EAT40005-Project/lidar_ws/build/lidar_socket_pub', 'catkin_cmake_args': None, 'catkin_skip_building_tests': False, 'cmake_args': None, 'cmake_clean_cache': False, 'cmake_clean_first': False, 'cmake_force_configure': False, 'cmake_target': None, 'cmake_target_skip_unavailable': False, 'install_base': '/home/angelina/EAT40005-Project/lidar_ws/install/lidar_socket_pub', 'merge_install': False, 'path': '/home/angelina/EAT40005-Project/lidar_ws/src/lidar_socket_pub', 'symlink_install': False, 'test_result_base': None}
[0.218s] Level 5:colcon.colcon_core.verb:set package 'openslam_gmapping' build argument 'cmake_args' from command line to 'None'
[0.218s] Level 5:colcon.colcon_core.verb:set package 'openslam_gmapping' build argument 'cmake_target' from command line to 'None'
[0.218s] Level 5:colcon.colcon_core.verb:set package 'openslam_gmapping' build argument 'cmake_target_skip_unavailable' from command line to 'False'
[0.218s] Level 5:colcon.colcon_core.verb:set package 'openslam_gmapping' build argument 'cmake_clean_cache' from command line to 'False'
[0.218s] Level 5:colcon.colcon_core.verb:set package 'openslam_gmapping' build argument 'cmake_clean_first' from command line to 'False'
[0.218s] Level 5:colcon.colcon_core.verb:set package 'openslam_gmapping' build argument 'cmake_force_configure' from command line to 'False'
[0.218s] Level 5:colcon.colcon_core.verb:set package 'openslam_gmapping' build argument 'ament_cmake_args' from command line to 'None'
[0.218s] Level 5:colcon.colcon_core.verb:set package 'openslam_gmapping' build argument 'catkin_cmake_args' from command line to 'None'
[0.218s] Level 5:colcon.colcon_core.verb:set package 'openslam_gmapping' build argument 'catkin_skip_building_tests' from command line to 'False'
[0.218s] DEBUG:colcon.colcon_core.verb:Building package 'openslam_gmapping' with the following arguments: {'ament_cmake_args': None, 'build_base': '/home/angelina/EAT40005-Project/lidar_ws/build/openslam_gmapping', 'catkin_cmake_args': None, 'catkin_skip_building_tests': False, 'cmake_args': None, 'cmake_clean_cache': False, 'cmake_clean_first': False, 'cmake_force_configure': False, 'cmake_target': None, 'cmake_target_skip_unavailable': False, 'install_base': '/home/angelina/EAT40005-Project/lidar_ws/install/openslam_gmapping', 'merge_install': False, 'path': '/home/angelina/EAT40005-Project/lidar_ws/src/slam_gmapping/openslam_gmapping', 'symlink_install': False, 'test_result_base': None}
[0.218s] Level 5:colcon.colcon_core.verb:set package 'slam_gmapping' build argument 'cmake_args' from command line to 'None'
[0.218s] Level 5:colcon.colcon_core.verb:set package 'slam_gmapping' build argument 'cmake_target' from command line to 'None'
[0.218s] Level 5:colcon.colcon_core.verb:set package 'slam_gmapping' build argument 'cmake_target_skip_unavailable' from command line to 'False'
[0.218s] Level 5:colcon.colcon_core.verb:set package 'slam_gmapping' build argument 'cmake_clean_cache' from command line to 'False'
[0.218s] Level 5:colcon.colcon_core.verb:set package 'slam_gmapping' build argument 'cmake_clean_first' from command line to 'False'
[0.218s] Level 5:colcon.colcon_core.verb:set package 'slam_gmapping' build argument 'cmake_force_configure' from command line to 'False'
[0.218s] Level 5:colcon.colcon_core.verb:set package 'slam_gmapping' build argument 'ament_cmake_args' from command line to 'None'
[0.218s] Level 5:colcon.colcon_core.verb:set package 'slam_gmapping' build argument 'catkin_cmake_args' from command line to 'None'
[0.218s] Level 5:colcon.colcon_core.verb:set package 'slam_gmapping' build argument 'catkin_skip_building_tests' from command line to 'False'
[0.218s] DEBUG:colcon.colcon_core.verb:Building package 'slam_gmapping' with the following arguments: {'ament_cmake_args': None, 'build_base': '/home/angelina/EAT40005-Project/lidar_ws/build/slam_gmapping', 'catkin_cmake_args': None, 'catkin_skip_building_tests': False, 'cmake_args': None, 'cmake_clean_cache': False, 'cmake_clean_first': False, 'cmake_force_configure': False, 'cmake_target': None, 'cmake_target_skip_unavailable': False, 'install_base': '/home/angelina/EAT40005-Project/lidar_ws/install/slam_gmapping', 'merge_install': False, 'path': '/home/angelina/EAT40005-Project/lidar_ws/src/slam_gmapping/slam_gmapping', 'symlink_install': False, 'test_result_base': None}
[0.218s] INFO:colcon.colcon_core.executor:Executing jobs using 'parallel' executor
[0.219s] DEBUG:colcon.colcon_parallel_executor.executor.parallel:run_until_complete
[0.219s] INFO:colcon.colcon_ros.task.ament_cmake.build:Building ROS package in '/home/angelina/EAT40005-Project/lidar_ws/src/slam_gmapping/openslam_gmapping' with build type 'ament_cmake'
[0.219s] INFO:colcon.colcon_cmake.task.cmake.build:Building CMake package in '/home/angelina/EAT40005-Project/lidar_ws/src/slam_gmapping/openslam_gmapping'
[0.220s] INFO:colcon.colcon_core.plugin_system:Skipping extension 'colcon_core.shell.bat': Not used on non-Windows systems
[0.220s] INFO:colcon.colcon_core.shell:Skip shell extension 'powershell' for command environment: Not usable outside of PowerShell
[0.220s] DEBUG:colcon.colcon_core.shell:Skip shell extension 'dsv' for command environment
[0.223s] INFO:colcon.colcon_ros.task.ament_python.build:Building ROS package in '/home/angelina/EAT40005-Project/lidar_ws/src/lidar_socket_pub' with build type 'ament_python'
[0.223s] Level 1:colcon.colcon_core.shell:create_environment_hook('lidar_socket_pub', 'ament_prefix_path')
[0.223s] INFO:colcon.colcon_core.shell:Creating environment hook '/home/angelina/EAT40005-Project/lidar_ws/install/lidar_socket_pub/share/lidar_socket_pub/hook/ament_prefix_path.ps1'
[0.223s] INFO:colcon.colcon_core.shell:Creating environment descriptor '/home/angelina/EAT40005-Project/lidar_ws/install/lidar_socket_pub/share/lidar_socket_pub/hook/ament_prefix_path.dsv'
[0.224s] INFO:colcon.colcon_core.shell:Creating environment hook '/home/angelina/EAT40005-Project/lidar_ws/install/lidar_socket_pub/share/lidar_socket_pub/hook/ament_prefix_path.sh'
[0.224s] INFO:colcon.colcon_core.shell:Skip shell extension 'powershell' for command environment: Not usable outside of PowerShell
[0.224s] DEBUG:colcon.colcon_core.shell:Skip shell extension 'dsv' for command environment
[0.228s] DEBUG:colcon.colcon_core.event_handler.log_command:Invoking command in '/home/angelina/EAT40005-Project/lidar_ws/build/openslam_gmapping': CMAKE_PREFIX_PATH=${CMAKE_PREFIX_PATH}:/home/angelina/turtlebot3_ws/install/turtlebot3_teleop:/home/angelina/turtlebot3_ws/install/turtlebot3_example:/opt/ros/humble /usr/bin/cmake /home/angelina/EAT40005-Project/lidar_ws/src/slam_gmapping/openslam_gmapping -DCMAKE_INSTALL_PREFIX=/home/angelina/EAT40005-Project/lidar_ws/install/openslam_gmapping
[0.365s] INFO:colcon.colcon_core.task.python.build:Building Python package in '/home/angelina/EAT40005-Project/lidar_ws/src/lidar_socket_pub'
[0.365s] INFO:colcon.colcon_core.shell:Skip shell extension 'powershell' for command environment: Not usable outside of PowerShell
[0.365s] DEBUG:colcon.colcon_core.shell:Skip shell extension 'dsv' for command environment
[0.581s] DEBUG:colcon.colcon_core.event_handler.log_command:Invoking command in '/home/angelina/EAT40005-Project/lidar_ws/src/lidar_socket_pub': PYTHONPATH=/home/angelina/EAT40005-Project/lidar_ws/build/lidar_socket_pub/prefix_override:/usr/lib/python3/dist-packages/colcon_core/task/python/colcon_distutils_commands:/home/angelina/EAT40005-Project/lidar_ws/install/lidar_socket_pub/lib/python3.10/site-packages:${PYTHONPATH} /usr/bin/python3 -W ignore:setup.py install is deprecated -W ignore:easy_install command is deprecated setup.py egg_info --egg-base ../../build/lidar_socket_pub build --build-base /home/angelina/EAT40005-Project/lidar_ws/build/lidar_socket_pub/build install --record /home/angelina/EAT40005-Project/lidar_ws/build/lidar_socket_pub/install.log --single-version-externally-managed install_data
[0.737s] DEBUG:colcon.colcon_core.event_handler.log_command:Invoked command in '/home/angelina/EAT40005-Project/lidar_ws/src/lidar_socket_pub' returned '0': PYTHONPATH=/home/angelina/EAT40005-Project/lidar_ws/build/lidar_socket_pub/prefix_override:/usr/lib/python3/dist-packages/colcon_core/task/python/colcon_distutils_commands:/home/angelina/EAT40005-Project/lidar_ws/install/lidar_socket_pub/lib/python3.10/site-packages:${PYTHONPATH} /usr/bin/python3 -W ignore:setup.py install is deprecated -W ignore:easy_install command is deprecated setup.py egg_info --egg-base ../../build/lidar_socket_pub build --build-base /home/angelina/EAT40005-Project/lidar_ws/build/lidar_socket_pub/build install --record /home/angelina/EAT40005-Project/lidar_ws/build/lidar_socket_pub/install.log --single-version-externally-managed install_data
[0.738s] Level 1:colcon.colcon_core.environment:checking '/home/angelina/EAT40005-Project/lidar_ws/install/lidar_socket_pub' for CMake module files
[0.738s] Level 1:colcon.colcon_core.environment:checking '/home/angelina/EAT40005-Project/lidar_ws/install/lidar_socket_pub' for CMake config files
[0.739s] Level 1:colcon.colcon_core.environment:checking '/home/angelina/EAT40005-Project/lidar_ws/install/lidar_socket_pub/lib'
[0.739s] Level 1:colcon.colcon_core.environment:checking '/home/angelina/EAT40005-Project/lidar_ws/install/lidar_socket_pub/bin'
[0.739s] Level 1:colcon.colcon_core.environment:checking '/home/angelina/EAT40005-Project/lidar_ws/install/lidar_socket_pub/lib/pkgconfig/lidar_socket_pub.pc'
[0.739s] Level 1:colcon.colcon_core.environment:checking '/home/angelina/EAT40005-Project/lidar_ws/install/lidar_socket_pub/lib/python3.10/site-packages'
[0.739s] Level 1:colcon.colcon_core.shell:create_environment_hook('lidar_socket_pub', 'pythonpath')
[0.739s] INFO:colcon.colcon_core.shell:Creating environment hook '/home/angelina/EAT40005-Project/lidar_ws/install/lidar_socket_pub/share/lidar_socket_pub/hook/pythonpath.ps1'
[0.740s] INFO:colcon.colcon_core.shell:Creating environment descriptor '/home/angelina/EAT40005-Project/lidar_ws/install/lidar_socket_pub/share/lidar_socket_pub/hook/pythonpath.dsv'
[0.740s] INFO:colcon.colcon_core.shell:Creating environment hook '/home/angelina/EAT40005-Project/lidar_ws/install/lidar_socket_pub/share/lidar_socket_pub/hook/pythonpath.sh'
[0.740s] Level 1:colcon.colcon_core.environment:checking '/home/angelina/EAT40005-Project/lidar_ws/install/lidar_socket_pub/bin'
[0.740s] Level 1:colcon.colcon_core.environment:create_environment_scripts_only(lidar_socket_pub)
[0.740s] INFO:colcon.colcon_core.shell:Creating package script '/home/angelina/EAT40005-Project/lidar_ws/install/lidar_socket_pub/share/lidar_socket_pub/package.ps1'
[0.741s] INFO:colcon.colcon_core.shell:Creating package descriptor '/home/angelina/EAT40005-Project/lidar_ws/install/lidar_socket_pub/share/lidar_socket_pub/package.dsv'
[0.741s] INFO:colcon.colcon_core.shell:Creating package script '/home/angelina/EAT40005-Project/lidar_ws/install/lidar_socket_pub/share/lidar_socket_pub/package.sh'
[0.741s] INFO:colcon.colcon_core.shell:Creating package script '/home/angelina/EAT40005-Project/lidar_ws/install/lidar_socket_pub/share/lidar_socket_pub/package.bash'
[0.742s] INFO:colcon.colcon_core.shell:Creating package script '/home/angelina/EAT40005-Project/lidar_ws/install/lidar_socket_pub/share/lidar_socket_pub/package.zsh'
[0.742s] Level 1:colcon.colcon_core.environment:create_file_with_runtime_dependencies(/home/angelina/EAT40005-Project/lidar_ws/install/lidar_socket_pub/share/colcon-core/packages/lidar_socket_pub)
[1.891s] DEBUG:colcon.colcon_core.event_handler.log_command:Invoked command in '/home/angelina/EAT40005-Project/lidar_ws/build/openslam_gmapping' returned '0': CMAKE_PREFIX_PATH=${CMAKE_PREFIX_PATH}:/home/angelina/turtlebot3_ws/install/turtlebot3_teleop:/home/angelina/turtlebot3_ws/install/turtlebot3_example:/opt/ros/humble /usr/bin/cmake /home/angelina/EAT40005-Project/lidar_ws/src/slam_gmapping/openslam_gmapping -DCMAKE_INSTALL_PREFIX=/home/angelina/EAT40005-Project/lidar_ws/install/openslam_gmapping
[1.891s] DEBUG:colcon.colcon_core.event_handler.log_command:Invoking command in '/home/angelina/EAT40005-Project/lidar_ws/build/openslam_gmapping': CMAKE_PREFIX_PATH=${CMAKE_PREFIX_PATH}:/home/angelina/turtlebot3_ws/install/turtlebot3_teleop:/home/angelina/turtlebot3_ws/install/turtlebot3_example:/opt/ros/humble /usr/bin/cmake --build /home/angelina/EAT40005-Project/lidar_ws/build/openslam_gmapping -- -j20 -l20
[4.169s] DEBUG:colcon.colcon_core.event_handler.log_command:Invoked command in '/home/angelina/EAT40005-Project/lidar_ws/build/openslam_gmapping' returned '0': CMAKE_PREFIX_PATH=${CMAKE_PREFIX_PATH}:/home/angelina/turtlebot3_ws/install/turtlebot3_teleop:/home/angelina/turtlebot3_ws/install/turtlebot3_example:/opt/ros/humble /usr/bin/cmake --build /home/angelina/EAT40005-Project/lidar_ws/build/openslam_gmapping -- -j20 -l20
[4.177s] DEBUG:colcon.colcon_core.event_handler.log_command:Invoking command in '/home/angelina/EAT40005-Project/lidar_ws/build/openslam_gmapping': CMAKE_PREFIX_PATH=${CMAKE_PREFIX_PATH}:/home/angelina/turtlebot3_ws/install/turtlebot3_teleop:/home/angelina/turtlebot3_ws/install/turtlebot3_example:/opt/ros/humble /usr/bin/cmake --install /home/angelina/EAT40005-Project/lidar_ws/build/openslam_gmapping
[4.191s] Level 1:colcon.colcon_core.environment:create_environment_scripts_only(openslam_gmapping)
[4.191s] Level 1:colcon.colcon_core.environment:checking '/home/angelina/EAT40005-Project/lidar_ws/install/openslam_gmapping' for CMake module files
[4.192s] DEBUG:colcon.colcon_core.event_handler.log_command:Invoked command in '/home/angelina/EAT40005-Project/lidar_ws/build/openslam_gmapping' returned '0': CMAKE_PREFIX_PATH=${CMAKE_PREFIX_PATH}:/home/angelina/turtlebot3_ws/install/turtlebot3_teleop:/home/angelina/turtlebot3_ws/install/turtlebot3_example:/opt/ros/humble /usr/bin/cmake --install /home/angelina/EAT40005-Project/lidar_ws/build/openslam_gmapping
[4.192s] Level 1:colcon.colcon_core.environment:checking '/home/angelina/EAT40005-Project/lidar_ws/install/openslam_gmapping' for CMake config files
[4.192s] Level 1:colcon.colcon_core.shell:create_environment_hook('openslam_gmapping', 'cmake_prefix_path')
[4.192s] INFO:colcon.colcon_core.shell:Creating environment hook '/home/angelina/EAT40005-Project/lidar_ws/install/openslam_gmapping/share/openslam_gmapping/hook/cmake_prefix_path.ps1'
[4.193s] INFO:colcon.colcon_core.shell:Creating environment descriptor '/home/angelina/EAT40005-Project/lidar_ws/install/openslam_gmapping/share/openslam_gmapping/hook/cmake_prefix_path.dsv'
[4.193s] INFO:colcon.colcon_core.shell:Creating environment hook '/home/angelina/EAT40005-Project/lidar_ws/install/openslam_gmapping/share/openslam_gmapping/hook/cmake_prefix_path.sh'
[4.193s] Level 1:colcon.colcon_core.environment:checking '/home/angelina/EAT40005-Project/lidar_ws/install/openslam_gmapping/lib'
[4.193s] Level 1:colcon.colcon_core.environment:checking '/home/angelina/EAT40005-Project/lidar_ws/install/openslam_gmapping/bin'
[4.193s] Level 1:colcon.colcon_core.environment:checking '/home/angelina/EAT40005-Project/lidar_ws/install/openslam_gmapping/lib/pkgconfig/openslam_gmapping.pc'
[4.194s] Level 1:colcon.colcon_core.environment:checking '/home/angelina/EAT40005-Project/lidar_ws/install/openslam_gmapping/lib/python3.10/site-packages'
[4.194s] Level 1:colcon.colcon_core.environment:checking '/home/angelina/EAT40005-Project/lidar_ws/install/openslam_gmapping/bin'
[4.194s] INFO:colcon.colcon_core.shell:Creating package script '/home/angelina/EAT40005-Project/lidar_ws/install/openslam_gmapping/share/openslam_gmapping/package.ps1'
[4.195s] INFO:colcon.colcon_core.shell:Creating package descriptor '/home/angelina/EAT40005-Project/lidar_ws/install/openslam_gmapping/share/openslam_gmapping/package.dsv'
[4.195s] INFO:colcon.colcon_core.shell:Creating package script '/home/angelina/EAT40005-Project/lidar_ws/install/openslam_gmapping/share/openslam_gmapping/package.sh'
[4.195s] INFO:colcon.colcon_core.shell:Creating package script '/home/angelina/EAT40005-Project/lidar_ws/install/openslam_gmapping/share/openslam_gmapping/package.bash'
[4.195s] INFO:colcon.colcon_core.shell:Creating package script '/home/angelina/EAT40005-Project/lidar_ws/install/openslam_gmapping/share/openslam_gmapping/package.zsh'
[4.196s] Level 1:colcon.colcon_core.environment:create_file_with_runtime_dependencies(/home/angelina/EAT40005-Project/lidar_ws/install/openslam_gmapping/share/colcon-core/packages/openslam_gmapping)
[4.196s] Level 1:colcon.colcon_core.environment:create_environment_scripts_only(openslam_gmapping)
[4.196s] Level 1:colcon.colcon_core.environment:checking '/home/angelina/EAT40005-Project/lidar_ws/install/openslam_gmapping' for CMake module files
[4.196s] Level 1:colcon.colcon_core.environment:checking '/home/angelina/EAT40005-Project/lidar_ws/install/openslam_gmapping' for CMake config files
[4.197s] Level 1:colcon.colcon_core.shell:create_environment_hook('openslam_gmapping', 'cmake_prefix_path')
[4.197s] INFO:colcon.colcon_core.shell:Creating environment hook '/home/angelina/EAT40005-Project/lidar_ws/install/openslam_gmapping/share/openslam_gmapping/hook/cmake_prefix_path.ps1'
[4.197s] INFO:colcon.colcon_core.shell:Creating environment descriptor '/home/angelina/EAT40005-Project/lidar_ws/install/openslam_gmapping/share/openslam_gmapping/hook/cmake_prefix_path.dsv'
[4.197s] INFO:colcon.colcon_core.shell:Creating environment hook '/home/angelina/EAT40005-Project/lidar_ws/install/openslam_gmapping/share/openslam_gmapping/hook/cmake_prefix_path.sh'
[4.197s] Level 1:colcon.colcon_core.environment:checking '/home/angelina/EAT40005-Project/lidar_ws/install/openslam_gmapping/lib'
[4.198s] Level 1:colcon.colcon_core.environment:checking '/home/angelina/EAT40005-Project/lidar_ws/install/openslam_gmapping/bin'
[4.198s] Level 1:colcon.colcon_core.environment:checking '/home/angelina/EAT40005-Project/lidar_ws/install/openslam_gmapping/lib/pkgconfig/openslam_gmapping.pc'
[4.198s] Level 1:colcon.colcon_core.environment:checking '/home/angelina/EAT40005-Project/lidar_ws/install/openslam_gmapping/lib/python3.10/site-packages'
[4.198s] Level 1:colcon.colcon_core.environment:checking '/home/angelina/EAT40005-Project/lidar_ws/install/openslam_gmapping/bin'
[4.198s] INFO:colcon.colcon_core.shell:Creating package script '/home/angelina/EAT40005-Project/lidar_ws/install/openslam_gmapping/share/openslam_gmapping/package.ps1'
[4.198s] INFO:colcon.colcon_core.shell:Creating package descriptor '/home/angelina/EAT40005-Project/lidar_ws/install/openslam_gmapping/share/openslam_gmapping/package.dsv'
[4.198s] INFO:colcon.colcon_core.shell:Creating package script '/home/angelina/EAT40005-Project/lidar_ws/install/openslam_gmapping/share/openslam_gmapping/package.sh'
[4.199s] INFO:colcon.colcon_core.shell:Creating package script '/home/angelina/EAT40005-Project/lidar_ws/install/openslam_gmapping/share/openslam_gmapping/package.bash'
[4.199s] INFO:colcon.colcon_core.shell:Creating package script '/home/angelina/EAT40005-Project/lidar_ws/install/openslam_gmapping/share/openslam_gmapping/package.zsh'
[4.199s] Level 1:colcon.colcon_core.environment:create_file_with_runtime_dependencies(/home/angelina/EAT40005-Project/lidar_ws/install/openslam_gmapping/share/colcon-core/packages/openslam_gmapping)
[4.199s] INFO:colcon.colcon_ros.task.ament_cmake.build:Building ROS package in '/home/angelina/EAT40005-Project/lidar_ws/src/slam_gmapping/slam_gmapping' with build type 'ament_cmake'
[4.199s] INFO:colcon.colcon_cmake.task.cmake.build:Building CMake package in '/home/angelina/EAT40005-Project/lidar_ws/src/slam_gmapping/slam_gmapping'
[4.199s] INFO:colcon.colcon_core.shell:Skip shell extension 'powershell' for command environment: Not usable outside of PowerShell
[4.199s] DEBUG:colcon.colcon_core.shell:Skip shell extension 'dsv' for command environment
[4.206s] DEBUG:colcon.colcon_core.event_handler.log_command:Invoking command in '/home/angelina/EAT40005-Project/lidar_ws/build/slam_gmapping': AMENT_PREFIX_PATH=/home/angelina/EAT40005-Project/lidar_ws/install/openslam_gmapping:${AMENT_PREFIX_PATH} CMAKE_PREFIX_PATH=/home/angelina/EAT40005-Project/lidar_ws/install/openslam_gmapping:/home/angelina/turtlebot3_ws/install/turtlebot3:/home/angelina/turtlebot3_ws/install/turtlebot3_simulations:/home/angelina/turtlebot3_ws/install/turtlebot3_bringup:/home/angelina/turtlebot3_ws/install/turtlebot3_node:/home/angelina/turtlebot3_ws/install/turtlebot3_navigation2:/home/angelina/turtlebot3_ws/install/turtlebot3_fake_node:/home/angelina/turtlebot3_ws/install/turtlebot3_msgs:/home/angelina/turtlebot3_ws/install/turtlebot3_gazebo:/home/angelina/turtlebot3_ws/install/turtlebot3_description:/home/angelina/turtlebot3_ws/install/turtlebot3_cartographer:/home/angelina/turtlebot3_ws/install/dynamixel_sdk_examples:/home/angelina/turtlebot3_ws/install/dynamixel_sdk_custom_interfaces:/home/angelina/turtlebot3_ws/install/dynamixel_sdk:/home/angelina/turtlebot3_ws/install/turtlebot3_teleop:/home/angelina/turtlebot3_ws/install/turtlebot3_example:/opt/ros/humble LD_LIBRARY_PATH=/home/angelina/EAT40005-Project/lidar_ws/install/openslam_gmapping/lib:${LD_LIBRARY_PATH} /usr/bin/cmake /home/angelina/EAT40005-Project/lidar_ws/src/slam_gmapping/slam_gmapping -DCMAKE_INSTALL_PREFIX=/home/angelina/EAT40005-Project/lidar_ws/install/slam_gmapping
[5.481s] DEBUG:colcon.colcon_core.event_handler.log_command:Invoked command in '/home/angelina/EAT40005-Project/lidar_ws/build/slam_gmapping' returned '0': AMENT_PREFIX_PATH=/home/angelina/EAT40005-Project/lidar_ws/install/openslam_gmapping:${AMENT_PREFIX_PATH} CMAKE_PREFIX_PATH=/home/angelina/EAT40005-Project/lidar_ws/install/openslam_gmapping:/home/angelina/turtlebot3_ws/install/turtlebot3:/home/angelina/turtlebot3_ws/install/turtlebot3_simulations:/home/angelina/turtlebot3_ws/install/turtlebot3_bringup:/home/angelina/turtlebot3_ws/install/turtlebot3_node:/home/angelina/turtlebot3_ws/install/turtlebot3_navigation2:/home/angelina/turtlebot3_ws/install/turtlebot3_fake_node:/home/angelina/turtlebot3_ws/install/turtlebot3_msgs:/home/angelina/turtlebot3_ws/install/turtlebot3_gazebo:/home/angelina/turtlebot3_ws/install/turtlebot3_description:/home/angelina/turtlebot3_ws/install/turtlebot3_cartographer:/home/angelina/turtlebot3_ws/install/dynamixel_sdk_examples:/home/angelina/turtlebot3_ws/install/dynamixel_sdk_custom_interfaces:/home/angelina/turtlebot3_ws/install/dynamixel_sdk:/home/angelina/turtlebot3_ws/install/turtlebot3_teleop:/home/angelina/turtlebot3_ws/install/turtlebot3_example:/opt/ros/humble LD_LIBRARY_PATH=/home/angelina/EAT40005-Project/lidar_ws/install/openslam_gmapping/lib:${LD_LIBRARY_PATH} /usr/bin/cmake /home/angelina/EAT40005-Project/lidar_ws/src/slam_gmapping/slam_gmapping -DCMAKE_INSTALL_PREFIX=/home/angelina/EAT40005-Project/lidar_ws/install/slam_gmapping
[5.482s] DEBUG:colcon.colcon_core.event_handler.log_command:Invoking command in '/home/angelina/EAT40005-Project/lidar_ws/build/slam_gmapping': AMENT_PREFIX_PATH=/home/angelina/EAT40005-Project/lidar_ws/install/openslam_gmapping:${AMENT_PREFIX_PATH} CMAKE_PREFIX_PATH=/home/angelina/EAT40005-Project/lidar_ws/install/openslam_gmapping:/home/angelina/turtlebot3_ws/install/turtlebot3:/home/angelina/turtlebot3_ws/install/turtlebot3_simulations:/home/angelina/turtlebot3_ws/install/turtlebot3_bringup:/home/angelina/turtlebot3_ws/install/turtlebot3_node:/home/angelina/turtlebot3_ws/install/turtlebot3_navigation2:/home/angelina/turtlebot3_ws/install/turtlebot3_fake_node:/home/angelina/turtlebot3_ws/install/turtlebot3_msgs:/home/angelina/turtlebot3_ws/install/turtlebot3_gazebo:/home/angelina/turtlebot3_ws/install/turtlebot3_description:/home/angelina/turtlebot3_ws/install/turtlebot3_cartographer:/home/angelina/turtlebot3_ws/install/dynamixel_sdk_examples:/home/angelina/turtlebot3_ws/install/dynamixel_sdk_custom_interfaces:/home/angelina/turtlebot3_ws/install/dynamixel_sdk:/home/angelina/turtlebot3_ws/install/turtlebot3_teleop:/home/angelina/turtlebot3_ws/install/turtlebot3_example:/opt/ros/humble LD_LIBRARY_PATH=/home/angelina/EAT40005-Project/lidar_ws/install/openslam_gmapping/lib:${LD_LIBRARY_PATH} /usr/bin/cmake --build /home/angelina/EAT40005-Project/lidar_ws/build/slam_gmapping -- -j20 -l20
[13.704s] DEBUG:colcon.colcon_core.event_handler.log_command:Invoked command in '/home/angelina/EAT40005-Project/lidar_ws/build/slam_gmapping' returned '0': AMENT_PREFIX_PATH=/home/angelina/EAT40005-Project/lidar_ws/install/openslam_gmapping:${AMENT_PREFIX_PATH} CMAKE_PREFIX_PATH=/home/angelina/EAT40005-Project/lidar_ws/install/openslam_gmapping:/home/angelina/turtlebot3_ws/install/turtlebot3:/home/angelina/turtlebot3_ws/install/turtlebot3_simulations:/home/angelina/turtlebot3_ws/install/turtlebot3_bringup:/home/angelina/turtlebot3_ws/install/turtlebot3_node:/home/angelina/turtlebot3_ws/install/turtlebot3_navigation2:/home/angelina/turtlebot3_ws/install/turtlebot3_fake_node:/home/angelina/turtlebot3_ws/install/turtlebot3_msgs:/home/angelina/turtlebot3_ws/install/turtlebot3_gazebo:/home/angelina/turtlebot3_ws/install/turtlebot3_description:/home/angelina/turtlebot3_ws/install/turtlebot3_cartographer:/home/angelina/turtlebot3_ws/install/dynamixel_sdk_examples:/home/angelina/turtlebot3_ws/install/dynamixel_sdk_custom_interfaces:/home/angelina/turtlebot3_ws/install/dynamixel_sdk:/home/angelina/turtlebot3_ws/install/turtlebot3_teleop:/home/angelina/turtlebot3_ws/install/turtlebot3_example:/opt/ros/humble LD_LIBRARY_PATH=/home/angelina/EAT40005-Project/lidar_ws/install/openslam_gmapping/lib:${LD_LIBRARY_PATH} /usr/bin/cmake --build /home/angelina/EAT40005-Project/lidar_ws/build/slam_gmapping -- -j20 -l20
[13.706s] DEBUG:colcon.colcon_core.event_handler.log_command:Invoking command in '/home/angelina/EAT40005-Project/lidar_ws/build/slam_gmapping': AMENT_PREFIX_PATH=/home/angelina/EAT40005-Project/lidar_ws/install/openslam_gmapping:${AMENT_PREFIX_PATH} CMAKE_PREFIX_PATH=/home/angelina/EAT40005-Project/lidar_ws/install/openslam_gmapping:/home/angelina/turtlebot3_ws/install/turtlebot3:/home/angelina/turtlebot3_ws/install/turtlebot3_simulations:/home/angelina/turtlebot3_ws/install/turtlebot3_bringup:/home/angelina/turtlebot3_ws/install/turtlebot3_node:/home/angelina/turtlebot3_ws/install/turtlebot3_navigation2:/home/angelina/turtlebot3_ws/install/turtlebot3_fake_node:/home/angelina/turtlebot3_ws/install/turtlebot3_msgs:/home/angelina/turtlebot3_ws/install/turtlebot3_gazebo:/home/angelina/turtlebot3_ws/install/turtlebot3_description:/home/angelina/turtlebot3_ws/install/turtlebot3_cartographer:/home/angelina/turtlebot3_ws/install/dynamixel_sdk_examples:/home/angelina/turtlebot3_ws/install/dynamixel_sdk_custom_interfaces:/home/angelina/turtlebot3_ws/install/dynamixel_sdk:/home/angelina/turtlebot3_ws/install/turtlebot3_teleop:/home/angelina/turtlebot3_ws/install/turtlebot3_example:/opt/ros/humble LD_LIBRARY_PATH=/home/angelina/EAT40005-Project/lidar_ws/install/openslam_gmapping/lib:${LD_LIBRARY_PATH} /usr/bin/cmake --install /home/angelina/EAT40005-Project/lidar_ws/build/slam_gmapping
[13.718s] Level 1:colcon.colcon_core.environment:create_environment_scripts_only(slam_gmapping)
[13.718s] Level 1:colcon.colcon_core.environment:checking '/home/angelina/EAT40005-Project/lidar_ws/install/slam_gmapping' for CMake module files
[13.719s] DEBUG:colcon.colcon_core.event_handler.log_command:Invoked command in '/home/angelina/EAT40005-Project/lidar_ws/build/slam_gmapping' returned '0': AMENT_PREFIX_PATH=/home/angelina/EAT40005-Project/lidar_ws/install/openslam_gmapping:${AMENT_PREFIX_PATH} CMAKE_PREFIX_PATH=/home/angelina/EAT40005-Project/lidar_ws/install/openslam_gmapping:/home/angelina/turtlebot3_ws/install/turtlebot3:/home/angelina/turtlebot3_ws/install/turtlebot3_simulations:/home/angelina/turtlebot3_ws/install/turtlebot3_bringup:/home/angelina/turtlebot3_ws/install/turtlebot3_node:/home/angelina/turtlebot3_ws/install/turtlebot3_navigation2:/home/angelina/turtlebot3_ws/install/turtlebot3_fake_node:/home/angelina/turtlebot3_ws/install/turtlebot3_msgs:/home/angelina/turtlebot3_ws/install/turtlebot3_gazebo:/home/angelina/turtlebot3_ws/install/turtlebot3_description:/home/angelina/turtlebot3_ws/install/turtlebot3_cartographer:/home/angelina/turtlebot3_ws/install/dynamixel_sdk_examples:/home/angelina/turtlebot3_ws/install/dynamixel_sdk_custom_interfaces:/home/angelina/turtlebot3_ws/install/dynamixel_sdk:/home/angelina/turtlebot3_ws/install/turtlebot3_teleop:/home/angelina/turtlebot3_ws/install/turtlebot3_example:/opt/ros/humble LD_LIBRARY_PATH=/home/angelina/EAT40005-Project/lidar_ws/install/openslam_gmapping/lib:${LD_LIBRARY_PATH} /usr/bin/cmake --install /home/angelina/EAT40005-Project/lidar_ws/build/slam_gmapping
[13.719s] Level 1:colcon.colcon_core.environment:checking '/home/angelina/EAT40005-Project/lidar_ws/install/slam_gmapping' for CMake config files
[13.719s] Level 1:colcon.colcon_core.shell:create_environment_hook('slam_gmapping', 'cmake_prefix_path')
[13.719s] INFO:colcon.colcon_core.shell:Creating environment hook '/home/angelina/EAT40005-Project/lidar_ws/install/slam_gmapping/share/slam_gmapping/hook/cmake_prefix_path.ps1'
[13.719s] INFO:colcon.colcon_core.shell:Creating environment descriptor '/home/angelina/EAT40005-Project/lidar_ws/install/slam_gmapping/share/slam_gmapping/hook/cmake_prefix_path.dsv'
[13.720s] INFO:colcon.colcon_core.shell:Creating environment hook '/home/angelina/EAT40005-Project/lidar_ws/install/slam_gmapping/share/slam_gmapping/hook/cmake_prefix_path.sh'
[13.720s] Level 1:colcon.colcon_core.environment:checking '/home/angelina/EAT40005-Project/lidar_ws/install/slam_gmapping/lib'
[13.720s] Level 1:colcon.colcon_core.environment:checking '/home/angelina/EAT40005-Project/lidar_ws/install/slam_gmapping/bin'
[13.720s] Level 1:colcon.colcon_core.environment:checking '/home/angelina/EAT40005-Project/lidar_ws/install/slam_gmapping/lib/pkgconfig/slam_gmapping.pc'
[13.720s] Level 1:colcon.colcon_core.environment:checking '/home/angelina/EAT40005-Project/lidar_ws/install/slam_gmapping/lib/python3.10/site-packages'
[13.720s] Level 1:colcon.colcon_core.environment:checking '/home/angelina/EAT40005-Project/lidar_ws/install/slam_gmapping/bin'
[13.720s] INFO:colcon.colcon_core.shell:Creating package script '/home/angelina/EAT40005-Project/lidar_ws/install/slam_gmapping/share/slam_gmapping/package.ps1'
[13.721s] INFO:colcon.colcon_core.shell:Creating package descriptor '/home/angelina/EAT40005-Project/lidar_ws/install/slam_gmapping/share/slam_gmapping/package.dsv'
[13.721s] INFO:colcon.colcon_core.shell:Creating package script '/home/angelina/EAT40005-Project/lidar_ws/install/slam_gmapping/share/slam_gmapping/package.sh'
[13.721s] INFO:colcon.colcon_core.shell:Creating package script '/home/angelina/EAT40005-Project/lidar_ws/install/slam_gmapping/share/slam_gmapping/package.bash'
[13.721s] INFO:colcon.colcon_core.shell:Creating package script '/home/angelina/EAT40005-Project/lidar_ws/install/slam_gmapping/share/slam_gmapping/package.zsh'
[13.721s] Level 1:colcon.colcon_core.environment:create_file_with_runtime_dependencies(/home/angelina/EAT40005-Project/lidar_ws/install/slam_gmapping/share/colcon-core/packages/slam_gmapping)
[13.722s] Level 1:colcon.colcon_core.environment:create_environment_scripts_only(slam_gmapping)
[13.722s] Level 1:colcon.colcon_core.environment:checking '/home/angelina/EAT40005-Project/lidar_ws/install/slam_gmapping' for CMake module files
[13.722s] Level 1:colcon.colcon_core.environment:checking '/home/angelina/EAT40005-Project/lidar_ws/install/slam_gmapping' for CMake config files
[13.722s] Level 1:colcon.colcon_core.shell:create_environment_hook('slam_gmapping', 'cmake_prefix_path')
[13.722s] INFO:colcon.colcon_core.shell:Creating environment hook '/home/angelina/EAT40005-Project/lidar_ws/install/slam_gmapping/share/slam_gmapping/hook/cmake_prefix_path.ps1'
[13.722s] INFO:colcon.colcon_core.shell:Creating environment descriptor '/home/angelina/EAT40005-Project/lidar_ws/install/slam_gmapping/share/slam_gmapping/hook/cmake_prefix_path.dsv'
[13.722s] INFO:colcon.colcon_core.shell:Creating environment hook '/home/angelina/EAT40005-Project/lidar_ws/install/slam_gmapping/share/slam_gmapping/hook/cmake_prefix_path.sh'
[13.723s] Level 1:colcon.colcon_core.environment:checking '/home/angelina/EAT40005-Project/lidar_ws/install/slam_gmapping/lib'
[13.723s] Level 1:colcon.colcon_core.environment:checking '/home/angelina/EAT40005-Project/lidar_ws/install/slam_gmapping/bin'
[13.723s] Level 1:colcon.colcon_core.environment:checking '/home/angelina/EAT40005-Project/lidar_ws/install/slam_gmapping/lib/pkgconfig/slam_gmapping.pc'
[13.723s] Level 1:colcon.colcon_core.environment:checking '/home/angelina/EAT40005-Project/lidar_ws/install/slam_gmapping/lib/python3.10/site-packages'
[13.723s] Level 1:colcon.colcon_core.environment:checking '/home/angelina/EAT40005-Project/lidar_ws/install/slam_gmapping/bin'
[13.723s] INFO:colcon.colcon_core.shell:Creating package script '/home/angelina/EAT40005-Project/lidar_ws/install/slam_gmapping/share/slam_gmapping/package.ps1'
[13.723s] INFO:colcon.colcon_core.shell:Creating package descriptor '/home/angelina/EAT40005-Project/lidar_ws/install/slam_gmapping/share/slam_gmapping/package.dsv'
[13.724s] INFO:colcon.colcon_core.shell:Creating package script '/home/angelina/EAT40005-Project/lidar_ws/install/slam_gmapping/share/slam_gmapping/package.sh'
[13.724s] INFO:colcon.colcon_core.shell:Creating package script '/home/angelina/EAT40005-Project/lidar_ws/install/slam_gmapping/share/slam_gmapping/package.bash'
[13.724s] INFO:colcon.colcon_core.shell:Creating package script '/home/angelina/EAT40005-Project/lidar_ws/install/slam_gmapping/share/slam_gmapping/package.zsh'
[13.724s] Level 1:colcon.colcon_core.environment:create_file_with_runtime_dependencies(/home/angelina/EAT40005-Project/lidar_ws/install/slam_gmapping/share/colcon-core/packages/slam_gmapping)
[13.724s] DEBUG:colcon.colcon_parallel_executor.executor.parallel:closing loop
[13.724s] DEBUG:colcon.colcon_parallel_executor.executor.parallel:loop closed
[13.724s] DEBUG:colcon.colcon_parallel_executor.executor.parallel:run_until_complete finished with '0'
[13.724s] DEBUG:colcon.colcon_core.event_reactor:joining thread
[13.728s] INFO:colcon.colcon_core.plugin_system:Skipping extension 'colcon_notification.desktop_notification.terminal_notifier': Not used on non-Darwin systems
[13.728s] INFO:colcon.colcon_core.plugin_system:Skipping extension 'colcon_notification.desktop_notification.win32': Not used on non-Windows systems
[13.728s] INFO:colcon.colcon_notification.desktop_notification:Sending desktop notification using 'notify2'
[13.737s] DEBUG:colcon.colcon_core.event_reactor:joined thread
[13.738s] INFO:colcon.colcon_core.shell:Creating prefix script '/home/angelina/EAT40005-Project/lidar_ws/install/local_setup.ps1'
[13.738s] INFO:colcon.colcon_core.shell:Creating prefix util module '/home/angelina/EAT40005-Project/lidar_ws/install/_local_setup_util_ps1.py'
[13.739s] INFO:colcon.colcon_core.shell:Creating prefix chain script '/home/angelina/EAT40005-Project/lidar_ws/install/setup.ps1'
[13.740s] INFO:colcon.colcon_core.shell:Creating prefix script '/home/angelina/EAT40005-Project/lidar_ws/install/local_setup.sh'
[13.740s] INFO:colcon.colcon_core.shell:Creating prefix util module '/home/angelina/EAT40005-Project/lidar_ws/install/_local_setup_util_sh.py'
[13.741s] INFO:colcon.colcon_core.shell:Creating prefix chain script '/home/angelina/EAT40005-Project/lidar_ws/install/setup.sh'
[13.742s] INFO:colcon.colcon_core.shell:Creating prefix script '/home/angelina/EAT40005-Project/lidar_ws/install/local_setup.bash'
[13.742s] INFO:colcon.colcon_core.shell:Creating prefix chain script '/home/angelina/EAT40005-Project/lidar_ws/install/setup.bash'
[13.742s] INFO:colcon.colcon_core.shell:Creating prefix script '/home/angelina/EAT40005-Project/lidar_ws/install/local_setup.zsh'
[13.743s] INFO:colcon.colcon_core.shell:Creating prefix chain script '/home/angelina/EAT40005-Project/lidar_ws/install/setup.zsh'
