[0.065s] Invoking command in '/home/angelina/EAT40005-Project/ros2_ws/build/cam_lidar_bringup': CMAKE_PREFIX_PATH=${CMAKE_PREFIX_PATH}:/home/angelina/turtlebot3_ws/install/turtlebot3_teleop:/home/angelina/turtlebot3_ws/install/turtlebot3_example:/opt/ros/humble /usr/bin/cmake /home/angelina/EAT40005-Project/ros2_ws/src/cam_lidar_tools/cam_lidar_bringup -DCMAKE_INSTALL_PREFIX=/home/angelina/EAT40005-Project/ros2_ws/install/cam_lidar_bringup
[1.912s] -- The C compiler identification is GNU 11.4.0
[1.940s] -- The CXX compiler identification is GNU 11.4.0
[1.966s] -- Detecting C compiler ABI info
[2.049s] -- Detecting C compiler ABI info - done
[2.056s] -- Check for working C compiler: /usr/bin/cc - skipped
[2.057s] -- Detecting C compile features
[2.059s] -- Detecting C compile features - done
[2.065s] -- Detecting CXX compiler ABI info
[2.150s] -- Detecting CXX compiler ABI info - done
[2.158s] -- Check for working CXX compiler: /usr/bin/c++ - skipped
[2.159s] -- Detecting CXX compile features
[2.159s] -- Detecting CXX compile features - done
[2.176s] -- Found ament_cmake: 1.3.11 (/opt/ros/humble/share/ament_cmake/cmake)
[2.474s] -- Found Python3: /usr/bin/python3 (found version "3.10.12") found components: Interpreter 
[2.720s] -- Found ament_lint_auto: 0.12.12 (/opt/ros/humble/share/ament_lint_auto/cmake)
[2.874s] -- Added test 'copyright' to check source files copyright and LICENSE
[2.878s] -- Added test 'flake8' to check Python code syntax and style conventions
[2.880s] -- Added test 'lint_cmake' to check CMake code style
[2.882s] -- Added test 'pep257' to check Python code against some of the docstring style conventions in PEP 257
[2.884s] -- Added test 'xmllint' to check XML markup files
[2.888s] -- Configuring done
[2.891s] -- Generating done
[2.893s] -- Build files have been written to: /home/angelina/EAT40005-Project/ros2_ws/build/cam_lidar_bringup
[2.898s] Invoked command in '/home/angelina/EAT40005-Project/ros2_ws/build/cam_lidar_bringup' returned '0': CMAKE_PREFIX_PATH=${CMAKE_PREFIX_PATH}:/home/angelina/turtlebot3_ws/install/turtlebot3_teleop:/home/angelina/turtlebot3_ws/install/turtlebot3_example:/opt/ros/humble /usr/bin/cmake /home/angelina/EAT40005-Project/ros2_ws/src/cam_lidar_tools/cam_lidar_bringup -DCMAKE_INSTALL_PREFIX=/home/angelina/EAT40005-Project/ros2_ws/install/cam_lidar_bringup
[2.901s] Invoking command in '/home/angelina/EAT40005-Project/ros2_ws/build/cam_lidar_bringup': CMAKE_PREFIX_PATH=${CMAKE_PREFIX_PATH}:/home/angelina/turtlebot3_ws/install/turtlebot3_teleop:/home/angelina/turtlebot3_ws/install/turtlebot3_example:/opt/ros/humble /usr/bin/cmake --build /home/angelina/EAT40005-Project/ros2_ws/build/cam_lidar_bringup -- -j20 -l20
[2.951s] Invoked command in '/home/angelina/EAT40005-Project/ros2_ws/build/cam_lidar_bringup' returned '0': CMAKE_PREFIX_PATH=${CMAKE_PREFIX_PATH}:/home/angelina/turtlebot3_ws/install/turtlebot3_teleop:/home/angelina/turtlebot3_ws/install/turtlebot3_example:/opt/ros/humble /usr/bin/cmake --build /home/angelina/EAT40005-Project/ros2_ws/build/cam_lidar_bringup -- -j20 -l20
[2.964s] Invoking command in '/home/angelina/EAT40005-Project/ros2_ws/build/cam_lidar_bringup': CMAKE_PREFIX_PATH=${CMAKE_PREFIX_PATH}:/home/angelina/turtlebot3_ws/install/turtlebot3_teleop:/home/angelina/turtlebot3_ws/install/turtlebot3_example:/opt/ros/humble /usr/bin/cmake --install /home/angelina/EAT40005-Project/ros2_ws/build/cam_lidar_bringup
[2.971s] -- Install configuration: ""
[2.971s] -- Installing: /home/angelina/EAT40005-Project/ros2_ws/install/cam_lidar_bringup/share/cam_lidar_bringup/launch
[2.971s] -- Installing: /home/angelina/EAT40005-Project/ros2_ws/install/cam_lidar_bringup/share/cam_lidar_bringup/launch/transform_explorer.launch.py
[2.971s] -- Installing: /home/angelina/EAT40005-Project/ros2_ws/install/cam_lidar_bringup/share/cam_lidar_bringup/launch/ouster_driver_launch.py
[2.971s] -- Installing: /home/angelina/EAT40005-Project/ros2_ws/install/cam_lidar_bringup/share/cam_lidar_bringup/launch/2d_fusion_demo.launch.py
[2.971s] -- Installing: /home/angelina/EAT40005-Project/ros2_ws/install/cam_lidar_bringup/share/cam_lidar_bringup/launch/3d_fusion_demo.launch.py
[2.971s] -- Installing: /home/angelina/EAT40005-Project/ros2_ws/install/cam_lidar_bringup/share/cam_lidar_bringup/launch/lidar_camera_drivers_launch.py
[2.972s] -- Installing: /home/angelina/EAT40005-Project/ros2_ws/install/cam_lidar_bringup/share/cam_lidar_bringup/configs
[2.972s] -- Installing: /home/angelina/EAT40005-Project/ros2_ws/install/cam_lidar_bringup/share/cam_lidar_bringup/configs/3d_demo_config.rviz
[2.972s] -- Installing: /home/angelina/EAT40005-Project/ros2_ws/install/cam_lidar_bringup/share/cam_lidar_bringup/configs/rviz.rviz
[2.972s] -- Installing: /home/angelina/EAT40005-Project/ros2_ws/install/cam_lidar_bringup/share/cam_lidar_bringup/configs/ouster_driver_config.yaml
[2.972s] -- Installing: /home/angelina/EAT40005-Project/ros2_ws/install/cam_lidar_bringup/share/ament_index/resource_index/package_run_dependencies/cam_lidar_bringup
[2.972s] -- Installing: /home/angelina/EAT40005-Project/ros2_ws/install/cam_lidar_bringup/share/ament_index/resource_index/parent_prefix_path/cam_lidar_bringup
[2.972s] -- Installing: /home/angelina/EAT40005-Project/ros2_ws/install/cam_lidar_bringup/share/cam_lidar_bringup/environment/ament_prefix_path.sh
[2.973s] -- Installing: /home/angelina/EAT40005-Project/ros2_ws/install/cam_lidar_bringup/share/cam_lidar_bringup/environment/ament_prefix_path.dsv
[2.973s] -- Installing: /home/angelina/EAT40005-Project/ros2_ws/install/cam_lidar_bringup/share/cam_lidar_bringup/environment/path.sh
[2.973s] -- Installing: /home/angelina/EAT40005-Project/ros2_ws/install/cam_lidar_bringup/share/cam_lidar_bringup/environment/path.dsv
[2.974s] -- Installing: /home/angelina/EAT40005-Project/ros2_ws/install/cam_lidar_bringup/share/cam_lidar_bringup/local_setup.bash
[2.974s] -- Installing: /home/angelina/EAT40005-Project/ros2_ws/install/cam_lidar_bringup/share/cam_lidar_bringup/local_setup.sh
[2.974s] -- Installing: /home/angelina/EAT40005-Project/ros2_ws/install/cam_lidar_bringup/share/cam_lidar_bringup/local_setup.zsh
[2.974s] -- Installing: /home/angelina/EAT40005-Project/ros2_ws/install/cam_lidar_bringup/share/cam_lidar_bringup/local_setup.dsv
[2.975s] -- Installing: /home/angelina/EAT40005-Project/ros2_ws/install/cam_lidar_bringup/share/cam_lidar_bringup/package.dsv
[2.975s] -- Installing: /home/angelina/EAT40005-Project/ros2_ws/install/cam_lidar_bringup/share/ament_index/resource_index/packages/cam_lidar_bringup
[2.975s] -- Installing: /home/angelina/EAT40005-Project/ros2_ws/install/cam_lidar_bringup/share/cam_lidar_bringup/cmake/cam_lidar_bringupConfig.cmake
[2.975s] -- Installing: /home/angelina/EAT40005-Project/ros2_ws/install/cam_lidar_bringup/share/cam_lidar_bringup/cmake/cam_lidar_bringupConfig-version.cmake
[2.975s] -- Installing: /home/angelina/EAT40005-Project/ros2_ws/install/cam_lidar_bringup/share/cam_lidar_bringup/package.xml
[2.977s] Invoked command in '/home/angelina/EAT40005-Project/ros2_ws/build/cam_lidar_bringup' returned '0': CMAKE_PREFIX_PATH=${CMAKE_PREFIX_PATH}:/home/angelina/turtlebot3_ws/install/turtlebot3_teleop:/home/angelina/turtlebot3_ws/install/turtlebot3_example:/opt/ros/humble /usr/bin/cmake --install /home/angelina/EAT40005-Project/ros2_ws/build/cam_lidar_bringup
