[3.144s] Invoking command in '/home/angelina/EAT40005-Project/ros2_ws/src/lidar_socket_pub': PYTHONPATH=/home/angelina/EAT40005-Project/ros2_ws/build/lidar_socket_pub/prefix_override:/usr/lib/python3/dist-packages/colcon_core/task/python/colcon_distutils_commands:/home/angelina/EAT40005-Project/ros2_ws/install/lidar_socket_pub/lib/python3.10/site-packages:${PYTHONPATH} /usr/bin/python3 -W ignore:setup.py install is deprecated -W ignore:easy_install command is deprecated setup.py egg_info --egg-base ../../build/lidar_socket_pub build --build-base /home/angelina/EAT40005-Project/ros2_ws/build/lidar_socket_pub/build install --record /home/angelina/EAT40005-Project/ros2_ws/build/lidar_socket_pub/install.log --single-version-externally-managed install_data
[3.615s] running egg_info
[3.616s] writing ../../build/lidar_socket_pub/lidar_socket_pub.egg-info/PKG-INFO
[3.616s] writing dependency_links to ../../build/lidar_socket_pub/lidar_socket_pub.egg-info/dependency_links.txt
[3.617s] writing entry points to ../../build/lidar_socket_pub/lidar_socket_pub.egg-info/entry_points.txt
[3.617s] writing requirements to ../../build/lidar_socket_pub/lidar_socket_pub.egg-info/requires.txt
[3.617s] writing top-level names to ../../build/lidar_socket_pub/lidar_socket_pub.egg-info/top_level.txt
[3.619s] reading manifest file '../../build/lidar_socket_pub/lidar_socket_pub.egg-info/SOURCES.txt'
[3.620s] writing manifest file '../../build/lidar_socket_pub/lidar_socket_pub.egg-info/SOURCES.txt'
[3.620s] running build
[3.620s] running build_py
[3.621s] running install
[3.621s] running install_lib
[3.622s] running install_data
[3.623s] running install_egg_info
[3.624s] removing '/home/angelina/EAT40005-Project/ros2_ws/install/lidar_socket_pub/lib/python3.10/site-packages/lidar_socket_pub-0.0.0-py3.10.egg-info' (and everything under it)
[3.625s] Copying ../../build/lidar_socket_pub/lidar_socket_pub.egg-info to /home/angelina/EAT40005-Project/ros2_ws/install/lidar_socket_pub/lib/python3.10/site-packages/lidar_socket_pub-0.0.0-py3.10.egg-info
[3.628s] running install_scripts
[3.657s] Installing lidar_socket_pub script to /home/angelina/EAT40005-Project/ros2_ws/install/lidar_socket_pub/lib/lidar_socket_pub
[3.657s] writing list of installed files to '/home/angelina/EAT40005-Project/ros2_ws/build/lidar_socket_pub/install.log'
[3.680s] Invoked command in '/home/angelina/EAT40005-Project/ros2_ws/src/lidar_socket_pub' returned '0': PYTHONPATH=/home/angelina/EAT40005-Project/ros2_ws/build/lidar_socket_pub/prefix_override:/usr/lib/python3/dist-packages/colcon_core/task/python/colcon_distutils_commands:/home/angelina/EAT40005-Project/ros2_ws/install/lidar_socket_pub/lib/python3.10/site-packages:${PYTHONPATH} /usr/bin/python3 -W ignore:setup.py install is deprecated -W ignore:easy_install command is deprecated setup.py egg_info --egg-base ../../build/lidar_socket_pub build --build-base /home/angelina/EAT40005-Project/ros2_ws/build/lidar_socket_pub/build install --record /home/angelina/EAT40005-Project/ros2_ws/build/lidar_socket_pub/install.log --single-version-externally-managed install_data
