[3.098s] Invoking command in '/home/angelina/EAT40005-Project/ros2_ws/src/odom_receiver': PYTHONPATH=/home/angelina/EAT40005-Project/ros2_ws/build/odom_receiver/prefix_override:/usr/lib/python3/dist-packages/colcon_core/task/python/colcon_distutils_commands:/home/angelina/EAT40005-Project/ros2_ws/install/odom_receiver/lib/python3.10/site-packages:${PYTHONPATH} /usr/bin/python3 -W ignore:setup.py install is deprecated -W ignore:easy_install command is deprecated setup.py egg_info --egg-base ../../build/odom_receiver build --build-base /home/angelina/EAT40005-Project/ros2_ws/build/odom_receiver/build install --record /home/angelina/EAT40005-Project/ros2_ws/build/odom_receiver/install.log --single-version-externally-managed
[3.381s] running egg_info
[3.383s] writing ../../build/odom_receiver/odom_receiver.egg-info/PKG-INFO
[3.383s] writing dependency_links to ../../build/odom_receiver/odom_receiver.egg-info/dependency_links.txt
[3.383s] writing entry points to ../../build/odom_receiver/odom_receiver.egg-info/entry_points.txt
[3.384s] writing requirements to ../../build/odom_receiver/odom_receiver.egg-info/requires.txt
[3.384s] writing top-level names to ../../build/odom_receiver/odom_receiver.egg-info/top_level.txt
[3.389s] reading manifest file '../../build/odom_receiver/odom_receiver.egg-info/SOURCES.txt'
[3.392s] writing manifest file '../../build/odom_receiver/odom_receiver.egg-info/SOURCES.txt'
[3.392s] running build
[3.392s] running build_py
[3.393s] running install
[3.393s] running install_lib
[3.396s] running install_egg_info
[3.400s] removing '/home/angelina/EAT40005-Project/ros2_ws/install/odom_receiver/lib/python3.10/site-packages/odom_receiver-0.0.0-py3.10.egg-info' (and everything under it)
[3.401s] Copying ../../build/odom_receiver/odom_receiver.egg-info to /home/angelina/EAT40005-Project/ros2_ws/install/odom_receiver/lib/python3.10/site-packages/odom_receiver-0.0.0-py3.10.egg-info
[3.405s] running install_scripts
[3.445s] Installing odom_receiver script to /home/angelina/EAT40005-Project/ros2_ws/install/odom_receiver/lib/odom_receiver
[3.446s] writing list of installed files to '/home/angelina/EAT40005-Project/ros2_ws/build/odom_receiver/install.log'
[3.496s] Invoked command in '/home/angelina/EAT40005-Project/ros2_ws/src/odom_receiver' returned '0': PYTHONPATH=/home/angelina/EAT40005-Project/ros2_ws/build/odom_receiver/prefix_override:/usr/lib/python3/dist-packages/colcon_core/task/python/colcon_distutils_commands:/home/angelina/EAT40005-Project/ros2_ws/install/odom_receiver/lib/python3.10/site-packages:${PYTHONPATH} /usr/bin/python3 -W ignore:setup.py install is deprecated -W ignore:easy_install command is deprecated setup.py egg_info --egg-base ../../build/odom_receiver build --build-base /home/angelina/EAT40005-Project/ros2_ws/build/odom_receiver/build install --record /home/angelina/EAT40005-Project/ros2_ws/build/odom_receiver/install.log --single-version-externally-managed
