[3.148s] Invoking command in '/home/angelina/EAT40005-Project/ros2_ws/src/cam_lidar_tools/lidar/learned_lidar_detector': PYTHONPATH=/home/angelina/EAT40005-Project/ros2_ws/build/learned_lidar_detector/prefix_override:/usr/lib/python3/dist-packages/colcon_core/task/python/colcon_distutils_commands:/home/angelina/EAT40005-Project/ros2_ws/install/learned_lidar_detector/lib/python3.10/site-packages:${PYTHONPATH} /usr/bin/python3 -W ignore:setup.py install is deprecated -W ignore:easy_install command is deprecated setup.py egg_info --egg-base ../../../../build/learned_lidar_detector build --build-base /home/angelina/EAT40005-Project/ros2_ws/build/learned_lidar_detector/build install --record /home/angelina/EAT40005-Project/ros2_ws/build/learned_lidar_detector/install.log --single-version-externally-managed install_data
[3.509s] running egg_info
[3.509s] creating ../../../../build/learned_lidar_detector/learned_lidar_detector.egg-info
[3.509s] writing ../../../../build/learned_lidar_detector/learned_lidar_detector.egg-info/PKG-INFO
[3.509s] writing dependency_links to ../../../../build/learned_lidar_detector/learned_lidar_detector.egg-info/dependency_links.txt
[3.509s] writing entry points to ../../../../build/learned_lidar_detector/learned_lidar_detector.egg-info/entry_points.txt
[3.510s] writing requirements to ../../../../build/learned_lidar_detector/learned_lidar_detector.egg-info/requires.txt
[3.510s] writing top-level names to ../../../../build/learned_lidar_detector/learned_lidar_detector.egg-info/top_level.txt
[3.510s] writing manifest file '../../../../build/learned_lidar_detector/learned_lidar_detector.egg-info/SOURCES.txt'
[3.510s] reading manifest file '../../../../build/learned_lidar_detector/learned_lidar_detector.egg-info/SOURCES.txt'
[3.510s] writing manifest file '../../../../build/learned_lidar_detector/learned_lidar_detector.egg-info/SOURCES.txt'
[3.510s] running build
[3.510s] running build_py
[3.510s] creating /home/angelina/EAT40005-Project/ros2_ws/build/learned_lidar_detector/build
[3.511s] creating /home/angelina/EAT40005-Project/ros2_ws/build/learned_lidar_detector/build/lib
[3.511s] creating /home/angelina/EAT40005-Project/ros2_ws/build/learned_lidar_detector/build/lib/learned_lidar_detector
[3.511s] copying learned_lidar_detector/__init__.py -> /home/angelina/EAT40005-Project/ros2_ws/build/learned_lidar_detector/build/lib/learned_lidar_detector
[3.511s] copying learned_lidar_detector/lidar_2_bev.py -> /home/angelina/EAT40005-Project/ros2_ws/build/learned_lidar_detector/build/lib/learned_lidar_detector
[3.511s] copying learned_lidar_detector/detection_node.py -> /home/angelina/EAT40005-Project/ros2_ws/build/learned_lidar_detector/build/lib/learned_lidar_detector
[3.511s] copying learned_lidar_detector/a9_dataset_creator.py -> /home/angelina/EAT40005-Project/ros2_ws/build/learned_lidar_detector/build/lib/learned_lidar_detector
[3.512s] creating /home/angelina/EAT40005-Project/ros2_ws/build/learned_lidar_detector/build/lib/learned_lidar_detector/configs
[3.512s] copying learned_lidar_detector/configs/__init__.py -> /home/angelina/EAT40005-Project/ros2_ws/build/learned_lidar_detector/build/lib/learned_lidar_detector/configs
[3.512s] copying learned_lidar_detector/configs/a9_config.py -> /home/angelina/EAT40005-Project/ros2_ws/build/learned_lidar_detector/build/lib/learned_lidar_detector/configs
[3.512s] running install
[3.512s] running install_lib
[3.512s] creating /home/angelina/EAT40005-Project/ros2_ws/install/learned_lidar_detector/lib/python3.10/site-packages/learned_lidar_detector
[3.513s] copying /home/angelina/EAT40005-Project/ros2_ws/build/learned_lidar_detector/build/lib/learned_lidar_detector/__init__.py -> /home/angelina/EAT40005-Project/ros2_ws/install/learned_lidar_detector/lib/python3.10/site-packages/learned_lidar_detector
[3.513s] copying /home/angelina/EAT40005-Project/ros2_ws/build/learned_lidar_detector/build/lib/learned_lidar_detector/lidar_2_bev.py -> /home/angelina/EAT40005-Project/ros2_ws/install/learned_lidar_detector/lib/python3.10/site-packages/learned_lidar_detector
[3.513s] copying /home/angelina/EAT40005-Project/ros2_ws/build/learned_lidar_detector/build/lib/learned_lidar_detector/detection_node.py -> /home/angelina/EAT40005-Project/ros2_ws/install/learned_lidar_detector/lib/python3.10/site-packages/learned_lidar_detector
[3.513s] creating /home/angelina/EAT40005-Project/ros2_ws/install/learned_lidar_detector/lib/python3.10/site-packages/learned_lidar_detector/configs
[3.513s] copying /home/angelina/EAT40005-Project/ros2_ws/build/learned_lidar_detector/build/lib/learned_lidar_detector/configs/__init__.py -> /home/angelina/EAT40005-Project/ros2_ws/install/learned_lidar_detector/lib/python3.10/site-packages/learned_lidar_detector/configs
[3.513s] copying /home/angelina/EAT40005-Project/ros2_ws/build/learned_lidar_detector/build/lib/learned_lidar_detector/configs/a9_config.py -> /home/angelina/EAT40005-Project/ros2_ws/install/learned_lidar_detector/lib/python3.10/site-packages/learned_lidar_detector/configs
[3.514s] copying /home/angelina/EAT40005-Project/ros2_ws/build/learned_lidar_detector/build/lib/learned_lidar_detector/a9_dataset_creator.py -> /home/angelina/EAT40005-Project/ros2_ws/install/learned_lidar_detector/lib/python3.10/site-packages/learned_lidar_detector
[3.514s] byte-compiling /home/angelina/EAT40005-Project/ros2_ws/install/learned_lidar_detector/lib/python3.10/site-packages/learned_lidar_detector/__init__.py to __init__.cpython-310.pyc
[3.514s] byte-compiling /home/angelina/EAT40005-Project/ros2_ws/install/learned_lidar_detector/lib/python3.10/site-packages/learned_lidar_detector/lidar_2_bev.py to lidar_2_bev.cpython-310.pyc
[3.515s] byte-compiling /home/angelina/EAT40005-Project/ros2_ws/install/learned_lidar_detector/lib/python3.10/site-packages/learned_lidar_detector/detection_node.py to detection_node.cpython-310.pyc
[3.515s] byte-compiling /home/angelina/EAT40005-Project/ros2_ws/install/learned_lidar_detector/lib/python3.10/site-packages/learned_lidar_detector/configs/__init__.py to __init__.cpython-310.pyc
[3.515s] byte-compiling /home/angelina/EAT40005-Project/ros2_ws/install/learned_lidar_detector/lib/python3.10/site-packages/learned_lidar_detector/configs/a9_config.py to a9_config.cpython-310.pyc
[3.515s] byte-compiling /home/angelina/EAT40005-Project/ros2_ws/install/learned_lidar_detector/lib/python3.10/site-packages/learned_lidar_detector/a9_dataset_creator.py to a9_dataset_creator.cpython-310.pyc
[3.516s] running install_data
[3.517s] creating /home/angelina/EAT40005-Project/ros2_ws/install/learned_lidar_detector/share/ament_index
[3.518s] creating /home/angelina/EAT40005-Project/ros2_ws/install/learned_lidar_detector/share/ament_index/resource_index
[3.518s] creating /home/angelina/EAT40005-Project/ros2_ws/install/learned_lidar_detector/share/ament_index/resource_index/packages
[3.518s] copying resource/learned_lidar_detector -> /home/angelina/EAT40005-Project/ros2_ws/install/learned_lidar_detector/share/ament_index/resource_index/packages
[3.518s] copying package.xml -> /home/angelina/EAT40005-Project/ros2_ws/install/learned_lidar_detector/share/learned_lidar_detector
[3.518s] copying launch/learned_lidar_detector.launch.py -> /home/angelina/EAT40005-Project/ros2_ws/install/learned_lidar_detector/share/learned_lidar_detector
[3.518s] copying rviz.rviz -> /home/angelina/EAT40005-Project/ros2_ws/install/learned_lidar_detector/share/learned_lidar_detector
[3.519s] running install_egg_info
[3.519s] Copying ../../../../build/learned_lidar_detector/learned_lidar_detector.egg-info to /home/angelina/EAT40005-Project/ros2_ws/install/learned_lidar_detector/lib/python3.10/site-packages/learned_lidar_detector-0.0.0-py3.10.egg-info
[3.519s] running install_scripts
[3.519s] Installing learned_lidar_detector script to /home/angelina/EAT40005-Project/ros2_ws/install/learned_lidar_detector/lib/learned_lidar_detector
[3.519s] writing list of installed files to '/home/angelina/EAT40005-Project/ros2_ws/build/learned_lidar_detector/install.log'
[3.533s] Invoked command in '/home/angelina/EAT40005-Project/ros2_ws/src/cam_lidar_tools/lidar/learned_lidar_detector' returned '0': PYTHONPATH=/home/angelina/EAT40005-Project/ros2_ws/build/learned_lidar_detector/prefix_override:/usr/lib/python3/dist-packages/colcon_core/task/python/colcon_distutils_commands:/home/angelina/EAT40005-Project/ros2_ws/install/learned_lidar_detector/lib/python3.10/site-packages:${PYTHONPATH} /usr/bin/python3 -W ignore:setup.py install is deprecated -W ignore:easy_install command is deprecated setup.py egg_info --egg-base ../../../../build/learned_lidar_detector build --build-base /home/angelina/EAT40005-Project/ros2_ws/build/learned_lidar_detector/build install --record /home/angelina/EAT40005-Project/ros2_ws/build/learned_lidar_detector/install.log --single-version-externally-managed install_data
