running egg_info
creating ../../../../build/fusion_2d/fusion_2d.egg-info
writing ../../../../build/fusion_2d/fusion_2d.egg-info/PKG-INFO
writing dependency_links to ../../../../build/fusion_2d/fusion_2d.egg-info/dependency_links.txt
writing entry points to ../../../../build/fusion_2d/fusion_2d.egg-info/entry_points.txt
writing requirements to ../../../../build/fusion_2d/fusion_2d.egg-info/requires.txt
writing top-level names to ../../../../build/fusion_2d/fusion_2d.egg-info/top_level.txt
writing manifest file '../../../../build/fusion_2d/fusion_2d.egg-info/SOURCES.txt'
reading manifest file '../../../../build/fusion_2d/fusion_2d.egg-info/SOURCES.txt'
writing manifest file '../../../../build/fusion_2d/fusion_2d.egg-info/SOURCES.txt'
running build
running build_py
creating /home/angelina/EAT40005-Project/ros2_ws/build/fusion_2d/build
creating /home/angelina/EAT40005-Project/ros2_ws/build/fusion_2d/build/lib
creating /home/angelina/EAT40005-Project/ros2_ws/build/fusion_2d/build/lib/fusion_2d
copying fusion_2d/__init__.py -> /home/angelina/EAT40005-Project/ros2_ws/build/fusion_2d/build/lib/fusion_2d
copying fusion_2d/fusion_visualizer_node.py -> /home/angelina/EAT40005-Project/ros2_ws/build/fusion_2d/build/lib/fusion_2d
copying fusion_2d/fusion_2d_node.py -> /home/angelina/EAT40005-Project/ros2_ws/build/fusion_2d/build/lib/fusion_2d
copying fusion_2d/detection2csv_node.py -> /home/angelina/EAT40005-Project/ros2_ws/build/fusion_2d/build/lib/fusion_2d
copying fusion_2d/sort.py -> /home/angelina/EAT40005-Project/ros2_ws/build/fusion_2d/build/lib/fusion_2d
copying fusion_2d/utils.py -> /home/angelina/EAT40005-Project/ros2_ws/build/fusion_2d/build/lib/fusion_2d
running install
running install_lib
creating /home/angelina/EAT40005-Project/ros2_ws/install/fusion_2d/lib/python3.10/site-packages/fusion_2d
copying /home/angelina/EAT40005-Project/ros2_ws/build/fusion_2d/build/lib/fusion_2d/__init__.py -> /home/angelina/EAT40005-Project/ros2_ws/install/fusion_2d/lib/python3.10/site-packages/fusion_2d
copying /home/angelina/EAT40005-Project/ros2_ws/build/fusion_2d/build/lib/fusion_2d/fusion_visualizer_node.py -> /home/angelina/EAT40005-Project/ros2_ws/install/fusion_2d/lib/python3.10/site-packages/fusion_2d
copying /home/angelina/EAT40005-Project/ros2_ws/build/fusion_2d/build/lib/fusion_2d/fusion_2d_node.py -> /home/angelina/EAT40005-Project/ros2_ws/install/fusion_2d/lib/python3.10/site-packages/fusion_2d
copying /home/angelina/EAT40005-Project/ros2_ws/build/fusion_2d/build/lib/fusion_2d/detection2csv_node.py -> /home/angelina/EAT40005-Project/ros2_ws/install/fusion_2d/lib/python3.10/site-packages/fusion_2d
copying /home/angelina/EAT40005-Project/ros2_ws/build/fusion_2d/build/lib/fusion_2d/sort.py -> /home/angelina/EAT40005-Project/ros2_ws/install/fusion_2d/lib/python3.10/site-packages/fusion_2d
copying /home/angelina/EAT40005-Project/ros2_ws/build/fusion_2d/build/lib/fusion_2d/utils.py -> /home/angelina/EAT40005-Project/ros2_ws/install/fusion_2d/lib/python3.10/site-packages/fusion_2d
byte-compiling /home/angelina/EAT40005-Project/ros2_ws/install/fusion_2d/lib/python3.10/site-packages/fusion_2d/__init__.py to __init__.cpython-310.pyc
byte-compiling /home/angelina/EAT40005-Project/ros2_ws/install/fusion_2d/lib/python3.10/site-packages/fusion_2d/fusion_visualizer_node.py to fusion_visualizer_node.cpython-310.pyc
byte-compiling /home/angelina/EAT40005-Project/ros2_ws/install/fusion_2d/lib/python3.10/site-packages/fusion_2d/fusion_2d_node.py to fusion_2d_node.cpython-310.pyc
byte-compiling /home/angelina/EAT40005-Project/ros2_ws/install/fusion_2d/lib/python3.10/site-packages/fusion_2d/detection2csv_node.py to detection2csv_node.cpython-310.pyc
byte-compiling /home/angelina/EAT40005-Project/ros2_ws/install/fusion_2d/lib/python3.10/site-packages/fusion_2d/sort.py to sort.cpython-310.pyc
byte-compiling /home/angelina/EAT40005-Project/ros2_ws/install/fusion_2d/lib/python3.10/site-packages/fusion_2d/utils.py to utils.cpython-310.pyc
running install_data
creating /home/angelina/EAT40005-Project/ros2_ws/install/fusion_2d/share/ament_index
creating /home/angelina/EAT40005-Project/ros2_ws/install/fusion_2d/share/ament_index/resource_index
creating /home/angelina/EAT40005-Project/ros2_ws/install/fusion_2d/share/ament_index/resource_index/packages
copying resource/fusion_2d -> /home/angelina/EAT40005-Project/ros2_ws/install/fusion_2d/share/ament_index/resource_index/packages
copying package.xml -> /home/angelina/EAT40005-Project/ros2_ws/install/fusion_2d/share/fusion_2d
running install_egg_info
Copying ../../../../build/fusion_2d/fusion_2d.egg-info to /home/angelina/EAT40005-Project/ros2_ws/install/fusion_2d/lib/python3.10/site-packages/fusion_2d-0.0.0-py3.10.egg-info
running install_scripts
Installing detection2csv_node script to /home/angelina/EAT40005-Project/ros2_ws/install/fusion_2d/lib/fusion_2d
Installing fusion_node script to /home/angelina/EAT40005-Project/ros2_ws/install/fusion_2d/lib/fusion_2d
Installing fusion_viz_node script to /home/angelina/EAT40005-Project/ros2_ws/install/fusion_2d/lib/fusion_2d
writing list of installed files to '/home/angelina/EAT40005-Project/ros2_ws/build/fusion_2d/install.log'
