[0.456s] Invoking command in '/home/angelina/EAT40005-Project/ros2_ws/src/odom_receiver': PYTHONPATH=/home/angelina/EAT40005-Project/ros2_ws/build/odom_receiver/prefix_override:/usr/lib/python3/dist-packages/colcon_core/task/python/colcon_distutils_commands:/home/angelina/EAT40005-Project/ros2_ws/install/odom_receiver/lib/python3.10/site-packages:${PYTHONPATH} /usr/bin/python3 -W ignore:setup.py install is deprecated -W ignore:easy_install command is deprecated setup.py egg_info --egg-base ../../build/odom_receiver build --build-base /home/angelina/EAT40005-Project/ros2_ws/build/odom_receiver/build install --record /home/angelina/EAT40005-Project/ros2_ws/build/odom_receiver/install.log --single-version-externally-managed install_data
[0.584s] running egg_info
[0.584s] writing ../../build/odom_receiver/odom_receiver.egg-info/PKG-INFO
[0.584s] writing dependency_links to ../../build/odom_receiver/odom_receiver.egg-info/dependency_links.txt
[0.584s] writing entry points to ../../build/odom_receiver/odom_receiver.egg-info/entry_points.txt
[0.584s] writing requirements to ../../build/odom_receiver/odom_receiver.egg-info/requires.txt
[0.584s] writing top-level names to ../../build/odom_receiver/odom_receiver.egg-info/top_level.txt
[0.585s] reading manifest file '../../build/odom_receiver/odom_receiver.egg-info/SOURCES.txt'
[0.585s] writing manifest file '../../build/odom_receiver/odom_receiver.egg-info/SOURCES.txt'
[0.586s] running build
[0.586s] running build_py
[0.586s] running install
[0.586s] running install_lib
[0.587s] running install_data
[0.587s] running install_egg_info
[0.588s] removing '/home/angelina/EAT40005-Project/ros2_ws/install/odom_receiver/lib/python3.10/site-packages/odom_receiver-0.0.0-py3.10.egg-info' (and everything under it)
[0.588s] Copying ../../build/odom_receiver/odom_receiver.egg-info to /home/angelina/EAT40005-Project/ros2_ws/install/odom_receiver/lib/python3.10/site-packages/odom_receiver-0.0.0-py3.10.egg-info
[0.588s] running install_scripts
[0.599s] writing list of installed files to '/home/angelina/EAT40005-Project/ros2_ws/build/odom_receiver/install.log'
[0.612s] Invoked command in '/home/angelina/EAT40005-Project/ros2_ws/src/odom_receiver' returned '0': PYTHONPATH=/home/angelina/EAT40005-Project/ros2_ws/build/odom_receiver/prefix_override:/usr/lib/python3/dist-packages/colcon_core/task/python/colcon_distutils_commands:/home/angelina/EAT40005-Project/ros2_ws/install/odom_receiver/lib/python3.10/site-packages:${PYTHONPATH} /usr/bin/python3 -W ignore:setup.py install is deprecated -W ignore:easy_install command is deprecated setup.py egg_info --egg-base ../../build/odom_receiver build --build-base /home/angelina/EAT40005-Project/ros2_ws/build/odom_receiver/build install --record /home/angelina/EAT40005-Project/ros2_ws/build/odom_receiver/install.log --single-version-externally-managed install_data
