[0.006s] Invoking command in '/home/angelina/EAT40005-Project/ros2_ws/build/data_tools': CMAKE_PREFIX_PATH=${CMAKE_PREFIX_PATH}:/home/angelina/turtlebot3_ws/install/turtlebot3_teleop:/home/angelina/turtlebot3_ws/install/turtlebot3_example:/opt/ros/humble /usr/bin/cmake /home/angelina/EAT40005-Project/ros2_ws/src/cam_lidar_tools/data_tools -DCMAKE_INSTALL_PREFIX=/home/angelina/EAT40005-Project/ros2_ws/install/data_tools
[0.019s] -- Found ament_cmake: 1.3.11 (/opt/ros/humble/share/ament_cmake/cmake)
[0.102s] -- Found rclcpp: 16.0.12 (/opt/ros/humble/share/rclcpp/cmake)
[0.118s] -- Found rosidl_generator_c: 3.1.6 (/opt/ros/humble/share/rosidl_generator_c/cmake)
[0.120s] -- Found rosidl_adapter: 3.1.6 (/opt/ros/humble/share/rosidl_adapter/cmake)
[0.125s] -- Found rosidl_generator_cpp: 3.1.6 (/opt/ros/humble/share/rosidl_generator_cpp/cmake)
[0.131s] -- Using all available rosidl_typesupport_c: rosidl_typesupport_fastrtps_c;rosidl_typesupport_introspection_c
[0.139s] -- Using all available rosidl_typesupport_cpp: rosidl_typesupport_fastrtps_cpp;rosidl_typesupport_introspection_cpp
[0.158s] -- Found rmw_implementation_cmake: 6.1.2 (/opt/ros/humble/share/rmw_implementation_cmake/cmake)
[0.159s] -- Found rmw_cyclonedds_cpp: 1.3.4 (/opt/ros/humble/share/rmw_cyclonedds_cpp/cmake)
[0.170s] -- Using RMW implementation 'rmw_cyclonedds_cpp' as default
[0.201s] -- Found sensor_msgs: 4.8.0 (/opt/ros/humble/share/sensor_msgs/cmake)
[0.218s] -- Found visualization_msgs: 4.8.0 (/opt/ros/humble/share/visualization_msgs/cmake)
[0.236s] [31mCMake Error at CMakeLists.txt:27 (find_package):
[0.236s]   By not providing "Findpcl_ros.cmake" in CMAKE_MODULE_PATH this project has
[0.236s]   asked CMake to find a package configuration file provided by "pcl_ros", but
[0.236s]   CMake did not find one.
[0.236s] 
[0.236s]   Could not find a package configuration file provided by "pcl_ros" with any
[0.236s]   of the following names:
[0.236s] 
[0.236s]     pcl_rosConfig.cmake
[0.236s]     pcl_ros-config.cmake
[0.236s] 
[0.236s]   Add the installation prefix of "pcl_ros" to CMAKE_PREFIX_PATH or set
[0.236s]   "pcl_ros_DIR" to a directory containing one of the above files.  If
[0.236s]   "pcl_ros" provides a separate development package or SDK, be sure it has
[0.236s]   been installed.
[0.236s] 
[0.236s] [0m
[0.236s] -- Configuring incomplete, errors occurred!
[0.236s] See also "/home/angelina/EAT40005-Project/ros2_ws/build/data_tools/CMakeFiles/CMakeOutput.log".
[0.241s] Invoked command in '/home/angelina/EAT40005-Project/ros2_ws/build/data_tools' returned '1': CMAKE_PREFIX_PATH=${CMAKE_PREFIX_PATH}:/home/angelina/turtlebot3_ws/install/turtlebot3_teleop:/home/angelina/turtlebot3_ws/install/turtlebot3_example:/opt/ros/humble /usr/bin/cmake /home/angelina/EAT40005-Project/ros2_ws/src/cam_lidar_tools/data_tools -DCMAKE_INSTALL_PREFIX=/home/angelina/EAT40005-Project/ros2_ws/install/data_tools
