[0.055s] DEBUG:colcon:Command line arguments: ['/usr/bin/colcon', 'build']
[0.055s] DEBUG:colcon:Parsed command line arguments: Namespace(log_base=None, log_level=None, verb_name='build', build_base='build', install_base='install', merge_install=False, symlink_install=False, test_result_base=None, continue_on_error=False, executor='parallel', parallel_workers=20, event_handlers=None, ignore_user_meta=False, metas=['./colcon.meta'], base_paths=['.'], packages_ignore=None, packages_ignore_regex=None, paths=None, packages_up_to=None, packages_up_to_regex=None, packages_above=None, packages_above_and_dependencies=None, packages_above_depth=None, packages_select_by_dep=None, packages_skip_by_dep=None, packages_skip_up_to=None, packages_select_build_failed=False, packages_skip_build_finished=False, packages_select_test_failures=False, packages_skip_test_passed=False, packages_select=None, packages_skip=None, packages_select_regex=None, packages_skip_regex=None, packages_start=None, packages_end=None, allow_overriding=[], cmake_args=None, cmake_target=None, cmake_target_skip_unavailable=False, cmake_clean_cache=False, cmake_clean_first=False, cmake_force_configure=False, ament_cmake_args=None, catkin_cmake_args=None, catkin_skip_building_tests=False, verb_parser=<colcon_defaults.argument_parser.defaults.DefaultArgumentsDecorator object at 0x707ae17517e0>, verb_extension=<colcon_core.verb.build.BuildVerb object at 0x707ae1751210>, main=<bound method BuildVerb.main of <colcon_core.verb.build.BuildVerb object at 0x707ae1751210>>)
[0.138s] Level 1:colcon.colcon_core.package_discovery:discover_packages(colcon_meta) check parameters
[0.138s] Level 1:colcon.colcon_core.package_discovery:discover_packages(recursive) check parameters
[0.138s] Level 1:colcon.colcon_core.package_discovery:discover_packages(ignore) check parameters
[0.138s] Level 1:colcon.colcon_core.package_discovery:discover_packages(path) check parameters
[0.138s] Level 1:colcon.colcon_core.package_discovery:discover_packages(colcon_meta) discover
[0.138s] Level 1:colcon.colcon_core.package_discovery:discover_packages(recursive) discover
[0.138s] INFO:colcon.colcon_core.package_discovery:Crawling recursively for packages in '/home/angelina/EAT40005-Project/ros2_ws'
[0.138s] Level 1:colcon.colcon_core.package_identification:_identify(.) by extensions ['ignore', 'ignore_ament_install']
[0.138s] Level 1:colcon.colcon_core.package_identification:_identify(.) by extension 'ignore'
[0.138s] Level 1:colcon.colcon_core.package_identification:_identify(.) by extension 'ignore_ament_install'
[0.138s] Level 1:colcon.colcon_core.package_identification:_identify(.) by extensions ['colcon_pkg']
[0.138s] Level 1:colcon.colcon_core.package_identification:_identify(.) by extension 'colcon_pkg'
[0.138s] Level 1:colcon.colcon_core.package_identification:_identify(.) by extensions ['colcon_meta']
[0.138s] Level 1:colcon.colcon_core.package_identification:_identify(.) by extension 'colcon_meta'
[0.138s] Level 1:colcon.colcon_core.package_identification:_identify(.) by extensions ['ros']
[0.138s] Level 1:colcon.colcon_core.package_identification:_identify(.) by extension 'ros'
[0.144s] Level 1:colcon.colcon_core.package_identification:_identify(.) by extensions ['cmake', 'python']
[0.144s] Level 1:colcon.colcon_core.package_identification:_identify(.) by extension 'cmake'
[0.144s] Level 1:colcon.colcon_core.package_identification:_identify(.) by extension 'python'
[0.144s] Level 1:colcon.colcon_core.package_identification:_identify(.) by extensions ['python_setup_py']
[0.144s] Level 1:colcon.colcon_core.package_identification:_identify(.) by extension 'python_setup_py'
[0.144s] Level 1:colcon.colcon_core.package_identification:_identify(build) by extensions ['ignore', 'ignore_ament_install']
[0.144s] Level 1:colcon.colcon_core.package_identification:_identify(build) by extension 'ignore'
[0.144s] Level 1:colcon.colcon_core.package_identification:_identify(build) ignored
[0.144s] Level 1:colcon.colcon_core.package_identification:_identify(install) by extensions ['ignore', 'ignore_ament_install']
[0.144s] Level 1:colcon.colcon_core.package_identification:_identify(install) by extension 'ignore'
[0.144s] Level 1:colcon.colcon_core.package_identification:_identify(install) ignored
[0.144s] Level 1:colcon.colcon_core.package_identification:_identify(log) by extensions ['ignore', 'ignore_ament_install']
[0.145s] Level 1:colcon.colcon_core.package_identification:_identify(log) by extension 'ignore'
[0.145s] Level 1:colcon.colcon_core.package_identification:_identify(log) ignored
[0.145s] Level 1:colcon.colcon_core.package_identification:_identify(src) by extensions ['ignore', 'ignore_ament_install']
[0.145s] Level 1:colcon.colcon_core.package_identification:_identify(src) by extension 'ignore'
[0.145s] Level 1:colcon.colcon_core.package_identification:_identify(src) by extension 'ignore_ament_install'
[0.145s] Level 1:colcon.colcon_core.package_identification:_identify(src) by extensions ['colcon_pkg']
[0.145s] Level 1:colcon.colcon_core.package_identification:_identify(src) by extension 'colcon_pkg'
[0.145s] Level 1:colcon.colcon_core.package_identification:_identify(src) by extensions ['colcon_meta']
[0.145s] Level 1:colcon.colcon_core.package_identification:_identify(src) by extension 'colcon_meta'
[0.145s] Level 1:colcon.colcon_core.package_identification:_identify(src) by extensions ['ros']
[0.145s] Level 1:colcon.colcon_core.package_identification:_identify(src) by extension 'ros'
[0.145s] Level 1:colcon.colcon_core.package_identification:_identify(src) by extensions ['cmake', 'python']
[0.145s] Level 1:colcon.colcon_core.package_identification:_identify(src) by extension 'cmake'
[0.145s] Level 1:colcon.colcon_core.package_identification:_identify(src) by extension 'python'
[0.145s] Level 1:colcon.colcon_core.package_identification:_identify(src) by extensions ['python_setup_py']
[0.145s] Level 1:colcon.colcon_core.package_identification:_identify(src) by extension 'python_setup_py'
[0.145s] Level 1:colcon.colcon_core.package_identification:_identify(src/lidar_socket_pub) by extensions ['ignore', 'ignore_ament_install']
[0.145s] Level 1:colcon.colcon_core.package_identification:_identify(src/lidar_socket_pub) by extension 'ignore'
[0.145s] Level 1:colcon.colcon_core.package_identification:_identify(src/lidar_socket_pub) by extension 'ignore_ament_install'
[0.145s] Level 1:colcon.colcon_core.package_identification:_identify(src/lidar_socket_pub) by extensions ['colcon_pkg']
[0.145s] Level 1:colcon.colcon_core.package_identification:_identify(src/lidar_socket_pub) by extension 'colcon_pkg'
[0.145s] Level 1:colcon.colcon_core.package_identification:_identify(src/lidar_socket_pub) by extensions ['colcon_meta']
[0.145s] Level 1:colcon.colcon_core.package_identification:_identify(src/lidar_socket_pub) by extension 'colcon_meta'
[0.145s] Level 1:colcon.colcon_core.package_identification:_identify(src/lidar_socket_pub) by extensions ['ros']
[0.145s] Level 1:colcon.colcon_core.package_identification:_identify(src/lidar_socket_pub) by extension 'ros'
[0.146s] DEBUG:colcon.colcon_core.package_identification:Package 'src/lidar_socket_pub' with type 'ros.ament_python' and name 'lidar_socket_pub'
[0.147s] Level 1:colcon.colcon_core.package_identification:_identify(src/map_to_odom_broadcaster) by extensions ['ignore', 'ignore_ament_install']
[0.147s] Level 1:colcon.colcon_core.package_identification:_identify(src/map_to_odom_broadcaster) by extension 'ignore'
[0.147s] Level 1:colcon.colcon_core.package_identification:_identify(src/map_to_odom_broadcaster) by extension 'ignore_ament_install'
[0.147s] Level 1:colcon.colcon_core.package_identification:_identify(src/map_to_odom_broadcaster) by extensions ['colcon_pkg']
[0.147s] Level 1:colcon.colcon_core.package_identification:_identify(src/map_to_odom_broadcaster) by extension 'colcon_pkg'
[0.147s] Level 1:colcon.colcon_core.package_identification:_identify(src/map_to_odom_broadcaster) by extensions ['colcon_meta']
[0.147s] Level 1:colcon.colcon_core.package_identification:_identify(src/map_to_odom_broadcaster) by extension 'colcon_meta'
[0.147s] Level 1:colcon.colcon_core.package_identification:_identify(src/map_to_odom_broadcaster) by extensions ['ros']
[0.147s] Level 1:colcon.colcon_core.package_identification:_identify(src/map_to_odom_broadcaster) by extension 'ros'
[0.147s] DEBUG:colcon.colcon_core.package_identification:Package 'src/map_to_odom_broadcaster' with type 'ros.ament_python' and name 'map_to_odom_broadcaster'
[0.147s] Level 1:colcon.colcon_core.package_identification:_identify(src/odom_receiver) by extensions ['ignore', 'ignore_ament_install']
[0.147s] Level 1:colcon.colcon_core.package_identification:_identify(src/odom_receiver) by extension 'ignore'
[0.147s] Level 1:colcon.colcon_core.package_identification:_identify(src/odom_receiver) by extension 'ignore_ament_install'
[0.147s] Level 1:colcon.colcon_core.package_identification:_identify(src/odom_receiver) by extensions ['colcon_pkg']
[0.147s] Level 1:colcon.colcon_core.package_identification:_identify(src/odom_receiver) by extension 'colcon_pkg'
[0.147s] Level 1:colcon.colcon_core.package_identification:_identify(src/odom_receiver) by extensions ['colcon_meta']
[0.147s] Level 1:colcon.colcon_core.package_identification:_identify(src/odom_receiver) by extension 'colcon_meta'
[0.147s] Level 1:colcon.colcon_core.package_identification:_identify(src/odom_receiver) by extensions ['ros']
[0.147s] Level 1:colcon.colcon_core.package_identification:_identify(src/odom_receiver) by extension 'ros'
[0.148s] DEBUG:colcon.colcon_core.package_identification:Package 'src/odom_receiver' with type 'ros.ament_python' and name 'odom_receiver'
[0.148s] Level 1:colcon.colcon_core.package_identification:_identify(src/odom_to_base_link_tf) by extensions ['ignore', 'ignore_ament_install']
[0.148s] Level 1:colcon.colcon_core.package_identification:_identify(src/odom_to_base_link_tf) by extension 'ignore'
[0.148s] Level 1:colcon.colcon_core.package_identification:_identify(src/odom_to_base_link_tf) by extension 'ignore_ament_install'
[0.148s] Level 1:colcon.colcon_core.package_identification:_identify(src/odom_to_base_link_tf) by extensions ['colcon_pkg']
[0.148s] Level 1:colcon.colcon_core.package_identification:_identify(src/odom_to_base_link_tf) by extension 'colcon_pkg'
[0.148s] Level 1:colcon.colcon_core.package_identification:_identify(src/odom_to_base_link_tf) by extensions ['colcon_meta']
[0.148s] Level 1:colcon.colcon_core.package_identification:_identify(src/odom_to_base_link_tf) by extension 'colcon_meta'
[0.148s] Level 1:colcon.colcon_core.package_identification:_identify(src/odom_to_base_link_tf) by extensions ['ros']
[0.148s] Level 1:colcon.colcon_core.package_identification:_identify(src/odom_to_base_link_tf) by extension 'ros'
[0.148s] DEBUG:colcon.colcon_core.package_identification:Package 'src/odom_to_base_link_tf' with type 'ros.ament_python' and name 'odom_to_base_link_tf'
[0.148s] Level 1:colcon.colcon_core.package_identification:_identify(src/test_odom) by extensions ['ignore', 'ignore_ament_install']
[0.148s] Level 1:colcon.colcon_core.package_identification:_identify(src/test_odom) by extension 'ignore'
[0.148s] Level 1:colcon.colcon_core.package_identification:_identify(src/test_odom) by extension 'ignore_ament_install'
[0.148s] Level 1:colcon.colcon_core.package_identification:_identify(src/test_odom) by extensions ['colcon_pkg']
[0.148s] Level 1:colcon.colcon_core.package_identification:_identify(src/test_odom) by extension 'colcon_pkg'
[0.148s] Level 1:colcon.colcon_core.package_identification:_identify(src/test_odom) by extensions ['colcon_meta']
[0.148s] Level 1:colcon.colcon_core.package_identification:_identify(src/test_odom) by extension 'colcon_meta'
[0.148s] Level 1:colcon.colcon_core.package_identification:_identify(src/test_odom) by extensions ['ros']
[0.148s] Level 1:colcon.colcon_core.package_identification:_identify(src/test_odom) by extension 'ros'
[0.149s] Level 1:colcon.colcon_core.package_identification:_identify(src/test_odom) by extensions ['cmake', 'python']
[0.149s] Level 1:colcon.colcon_core.package_identification:_identify(src/test_odom) by extension 'cmake'
[0.149s] Level 1:colcon.colcon_core.package_identification:_identify(src/test_odom) by extension 'python'
[0.149s] Level 1:colcon.colcon_core.package_identification:_identify(src/test_odom) by extensions ['python_setup_py']
[0.149s] Level 1:colcon.colcon_core.package_identification:_identify(src/test_odom) by extension 'python_setup_py'
[0.149s] Level 1:colcon.colcon_core.package_discovery:discover_packages(recursive) using defaults
[0.149s] Level 1:colcon.colcon_core.package_discovery:discover_packages(ignore) discover
[0.149s] Level 1:colcon.colcon_core.package_discovery:discover_packages(ignore) using defaults
[0.149s] Level 1:colcon.colcon_core.package_discovery:discover_packages(path) discover
[0.149s] Level 1:colcon.colcon_core.package_discovery:discover_packages(path) using defaults
[0.165s] Level 1:colcon.colcon_core.package_discovery:discover_packages(prefix_path) check parameters
[0.165s] Level 1:colcon.colcon_core.package_discovery:discover_packages(prefix_path) discover
[0.166s] DEBUG:colcon.colcon_installed_package_information.package_discovery:Found 0 installed packages in /home/angelina/EAT40005-Project/ros2_ws/build/install
[0.166s] DEBUG:colcon.colcon_installed_package_information.package_discovery:Found 15 installed packages in /home/angelina/turtlebot3_ws/install
[0.167s] DEBUG:colcon.colcon_installed_package_information.package_discovery:Found 402 installed packages in /opt/ros/humble
[0.168s] Level 1:colcon.colcon_core.package_discovery:discover_packages(prefix_path) using defaults
[0.192s] Level 5:colcon.colcon_core.verb:set package 'lidar_socket_pub' build argument 'cmake_args' from command line to 'None'
[0.192s] Level 5:colcon.colcon_core.verb:set package 'lidar_socket_pub' build argument 'cmake_target' from command line to 'None'
[0.193s] Level 5:colcon.colcon_core.verb:set package 'lidar_socket_pub' build argument 'cmake_target_skip_unavailable' from command line to 'False'
[0.193s] Level 5:colcon.colcon_core.verb:set package 'lidar_socket_pub' build argument 'cmake_clean_cache' from command line to 'False'
[0.193s] Level 5:colcon.colcon_core.verb:set package 'lidar_socket_pub' build argument 'cmake_clean_first' from command line to 'False'
[0.193s] Level 5:colcon.colcon_core.verb:set package 'lidar_socket_pub' build argument 'cmake_force_configure' from command line to 'False'
[0.193s] Level 5:colcon.colcon_core.verb:set package 'lidar_socket_pub' build argument 'ament_cmake_args' from command line to 'None'
[0.193s] Level 5:colcon.colcon_core.verb:set package 'lidar_socket_pub' build argument 'catkin_cmake_args' from command line to 'None'
[0.193s] Level 5:colcon.colcon_core.verb:set package 'lidar_socket_pub' build argument 'catkin_skip_building_tests' from command line to 'False'
[0.193s] DEBUG:colcon.colcon_core.verb:Building package 'lidar_socket_pub' with the following arguments: {'ament_cmake_args': None, 'build_base': '/home/angelina/EAT40005-Project/ros2_ws/build/lidar_socket_pub', 'catkin_cmake_args': None, 'catkin_skip_building_tests': False, 'cmake_args': None, 'cmake_clean_cache': False, 'cmake_clean_first': False, 'cmake_force_configure': False, 'cmake_target': None, 'cmake_target_skip_unavailable': False, 'install_base': '/home/angelina/EAT40005-Project/ros2_ws/install/lidar_socket_pub', 'merge_install': False, 'path': '/home/angelina/EAT40005-Project/ros2_ws/src/lidar_socket_pub', 'symlink_install': False, 'test_result_base': None}
[0.193s] Level 5:colcon.colcon_core.verb:set package 'map_to_odom_broadcaster' build argument 'cmake_args' from command line to 'None'
[0.193s] Level 5:colcon.colcon_core.verb:set package 'map_to_odom_broadcaster' build argument 'cmake_target' from command line to 'None'
[0.193s] Level 5:colcon.colcon_core.verb:set package 'map_to_odom_broadcaster' build argument 'cmake_target_skip_unavailable' from command line to 'False'
[0.193s] Level 5:colcon.colcon_core.verb:set package 'map_to_odom_broadcaster' build argument 'cmake_clean_cache' from command line to 'False'
[0.193s] Level 5:colcon.colcon_core.verb:set package 'map_to_odom_broadcaster' build argument 'cmake_clean_first' from command line to 'False'
[0.193s] Level 5:colcon.colcon_core.verb:set package 'map_to_odom_broadcaster' build argument 'cmake_force_configure' from command line to 'False'
[0.193s] Level 5:colcon.colcon_core.verb:set package 'map_to_odom_broadcaster' build argument 'ament_cmake_args' from command line to 'None'
[0.193s] Level 5:colcon.colcon_core.verb:set package 'map_to_odom_broadcaster' build argument 'catkin_cmake_args' from command line to 'None'
[0.193s] Level 5:colcon.colcon_core.verb:set package 'map_to_odom_broadcaster' build argument 'catkin_skip_building_tests' from command line to 'False'
[0.193s] DEBUG:colcon.colcon_core.verb:Building package 'map_to_odom_broadcaster' with the following arguments: {'ament_cmake_args': None, 'build_base': '/home/angelina/EAT40005-Project/ros2_ws/build/map_to_odom_broadcaster', 'catkin_cmake_args': None, 'catkin_skip_building_tests': False, 'cmake_args': None, 'cmake_clean_cache': False, 'cmake_clean_first': False, 'cmake_force_configure': False, 'cmake_target': None, 'cmake_target_skip_unavailable': False, 'install_base': '/home/angelina/EAT40005-Project/ros2_ws/install/map_to_odom_broadcaster', 'merge_install': False, 'path': '/home/angelina/EAT40005-Project/ros2_ws/src/map_to_odom_broadcaster', 'symlink_install': False, 'test_result_base': None}
[0.193s] Level 5:colcon.colcon_core.verb:set package 'odom_receiver' build argument 'cmake_args' from command line to 'None'
[0.193s] Level 5:colcon.colcon_core.verb:set package 'odom_receiver' build argument 'cmake_target' from command line to 'None'
[0.193s] Level 5:colcon.colcon_core.verb:set package 'odom_receiver' build argument 'cmake_target_skip_unavailable' from command line to 'False'
[0.193s] Level 5:colcon.colcon_core.verb:set package 'odom_receiver' build argument 'cmake_clean_cache' from command line to 'False'
[0.193s] Level 5:colcon.colcon_core.verb:set package 'odom_receiver' build argument 'cmake_clean_first' from command line to 'False'
[0.193s] Level 5:colcon.colcon_core.verb:set package 'odom_receiver' build argument 'cmake_force_configure' from command line to 'False'
[0.193s] Level 5:colcon.colcon_core.verb:set package 'odom_receiver' build argument 'ament_cmake_args' from command line to 'None'
[0.193s] Level 5:colcon.colcon_core.verb:set package 'odom_receiver' build argument 'catkin_cmake_args' from command line to 'None'
[0.193s] Level 5:colcon.colcon_core.verb:set package 'odom_receiver' build argument 'catkin_skip_building_tests' from command line to 'False'
[0.193s] DEBUG:colcon.colcon_core.verb:Building package 'odom_receiver' with the following arguments: {'ament_cmake_args': None, 'build_base': '/home/angelina/EAT40005-Project/ros2_ws/build/odom_receiver', 'catkin_cmake_args': None, 'catkin_skip_building_tests': False, 'cmake_args': None, 'cmake_clean_cache': False, 'cmake_clean_first': False, 'cmake_force_configure': False, 'cmake_target': None, 'cmake_target_skip_unavailable': False, 'install_base': '/home/angelina/EAT40005-Project/ros2_ws/install/odom_receiver', 'merge_install': False, 'path': '/home/angelina/EAT40005-Project/ros2_ws/src/odom_receiver', 'symlink_install': False, 'test_result_base': None}
[0.193s] Level 5:colcon.colcon_core.verb:set package 'odom_to_base_link_tf' build argument 'cmake_args' from command line to 'None'
[0.193s] Level 5:colcon.colcon_core.verb:set package 'odom_to_base_link_tf' build argument 'cmake_target' from command line to 'None'
[0.193s] Level 5:colcon.colcon_core.verb:set package 'odom_to_base_link_tf' build argument 'cmake_target_skip_unavailable' from command line to 'False'
[0.193s] Level 5:colcon.colcon_core.verb:set package 'odom_to_base_link_tf' build argument 'cmake_clean_cache' from command line to 'False'
[0.193s] Level 5:colcon.colcon_core.verb:set package 'odom_to_base_link_tf' build argument 'cmake_clean_first' from command line to 'False'
[0.193s] Level 5:colcon.colcon_core.verb:set package 'odom_to_base_link_tf' build argument 'cmake_force_configure' from command line to 'False'
[0.193s] Level 5:colcon.colcon_core.verb:set package 'odom_to_base_link_tf' build argument 'ament_cmake_args' from command line to 'None'
[0.193s] Level 5:colcon.colcon_core.verb:set package 'odom_to_base_link_tf' build argument 'catkin_cmake_args' from command line to 'None'
[0.193s] Level 5:colcon.colcon_core.verb:set package 'odom_to_base_link_tf' build argument 'catkin_skip_building_tests' from command line to 'False'
[0.193s] DEBUG:colcon.colcon_core.verb:Building package 'odom_to_base_link_tf' with the following arguments: {'ament_cmake_args': None, 'build_base': '/home/angelina/EAT40005-Project/ros2_ws/build/odom_to_base_link_tf', 'catkin_cmake_args': None, 'catkin_skip_building_tests': False, 'cmake_args': None, 'cmake_clean_cache': False, 'cmake_clean_first': False, 'cmake_force_configure': False, 'cmake_target': None, 'cmake_target_skip_unavailable': False, 'install_base': '/home/angelina/EAT40005-Project/ros2_ws/install/odom_to_base_link_tf', 'merge_install': False, 'path': '/home/angelina/EAT40005-Project/ros2_ws/src/odom_to_base_link_tf', 'symlink_install': False, 'test_result_base': None}
[0.194s] INFO:colcon.colcon_core.executor:Executing jobs using 'parallel' executor
[0.194s] DEBUG:colcon.colcon_parallel_executor.executor.parallel:run_until_complete
[0.194s] INFO:colcon.colcon_ros.task.ament_python.build:Building ROS package in '/home/angelina/EAT40005-Project/ros2_ws/src/lidar_socket_pub' with build type 'ament_python'
[0.194s] Level 1:colcon.colcon_core.shell:create_environment_hook('lidar_socket_pub', 'ament_prefix_path')
[0.196s] INFO:colcon.colcon_core.plugin_system:Skipping extension 'colcon_core.shell.bat': Not used on non-Windows systems
[0.196s] INFO:colcon.colcon_core.shell:Creating environment hook '/home/angelina/EAT40005-Project/ros2_ws/install/lidar_socket_pub/share/lidar_socket_pub/hook/ament_prefix_path.ps1'
[0.196s] INFO:colcon.colcon_core.shell:Creating environment descriptor '/home/angelina/EAT40005-Project/ros2_ws/install/lidar_socket_pub/share/lidar_socket_pub/hook/ament_prefix_path.dsv'
[0.196s] INFO:colcon.colcon_core.shell:Creating environment hook '/home/angelina/EAT40005-Project/ros2_ws/install/lidar_socket_pub/share/lidar_socket_pub/hook/ament_prefix_path.sh'
[0.197s] INFO:colcon.colcon_core.shell:Skip shell extension 'powershell' for command environment: Not usable outside of PowerShell
[0.197s] DEBUG:colcon.colcon_core.shell:Skip shell extension 'dsv' for command environment
[0.199s] INFO:colcon.colcon_ros.task.ament_python.build:Building ROS package in '/home/angelina/EAT40005-Project/ros2_ws/src/map_to_odom_broadcaster' with build type 'ament_python'
[0.199s] Level 1:colcon.colcon_core.shell:create_environment_hook('map_to_odom_broadcaster', 'ament_prefix_path')
[0.200s] INFO:colcon.colcon_core.shell:Creating environment hook '/home/angelina/EAT40005-Project/ros2_ws/install/map_to_odom_broadcaster/share/map_to_odom_broadcaster/hook/ament_prefix_path.ps1'
[0.200s] INFO:colcon.colcon_core.shell:Creating environment descriptor '/home/angelina/EAT40005-Project/ros2_ws/install/map_to_odom_broadcaster/share/map_to_odom_broadcaster/hook/ament_prefix_path.dsv'
[0.200s] INFO:colcon.colcon_core.shell:Creating environment hook '/home/angelina/EAT40005-Project/ros2_ws/install/map_to_odom_broadcaster/share/map_to_odom_broadcaster/hook/ament_prefix_path.sh'
[0.200s] INFO:colcon.colcon_core.shell:Skip shell extension 'powershell' for command environment: Not usable outside of PowerShell
[0.200s] DEBUG:colcon.colcon_core.shell:Skip shell extension 'dsv' for command environment
[0.202s] INFO:colcon.colcon_ros.task.ament_python.build:Building ROS package in '/home/angelina/EAT40005-Project/ros2_ws/src/odom_receiver' with build type 'ament_python'
[0.202s] Level 1:colcon.colcon_core.shell:create_environment_hook('odom_receiver', 'ament_prefix_path')
[0.203s] INFO:colcon.colcon_core.shell:Creating environment hook '/home/angelina/EAT40005-Project/ros2_ws/install/odom_receiver/share/odom_receiver/hook/ament_prefix_path.ps1'
[0.203s] INFO:colcon.colcon_core.shell:Creating environment descriptor '/home/angelina/EAT40005-Project/ros2_ws/install/odom_receiver/share/odom_receiver/hook/ament_prefix_path.dsv'
[0.203s] INFO:colcon.colcon_core.shell:Creating environment hook '/home/angelina/EAT40005-Project/ros2_ws/install/odom_receiver/share/odom_receiver/hook/ament_prefix_path.sh'
[0.203s] INFO:colcon.colcon_core.shell:Skip shell extension 'powershell' for command environment: Not usable outside of PowerShell
[0.203s] DEBUG:colcon.colcon_core.shell:Skip shell extension 'dsv' for command environment
[0.206s] INFO:colcon.colcon_ros.task.ament_python.build:Building ROS package in '/home/angelina/EAT40005-Project/ros2_ws/src/odom_to_base_link_tf' with build type 'ament_python'
[0.206s] Level 1:colcon.colcon_core.shell:create_environment_hook('odom_to_base_link_tf', 'ament_prefix_path')
[0.206s] INFO:colcon.colcon_core.shell:Creating environment hook '/home/angelina/EAT40005-Project/ros2_ws/install/odom_to_base_link_tf/share/odom_to_base_link_tf/hook/ament_prefix_path.ps1'
[0.206s] INFO:colcon.colcon_core.shell:Creating environment descriptor '/home/angelina/EAT40005-Project/ros2_ws/install/odom_to_base_link_tf/share/odom_to_base_link_tf/hook/ament_prefix_path.dsv'
[0.206s] INFO:colcon.colcon_core.shell:Creating environment hook '/home/angelina/EAT40005-Project/ros2_ws/install/odom_to_base_link_tf/share/odom_to_base_link_tf/hook/ament_prefix_path.sh'
[0.207s] INFO:colcon.colcon_core.shell:Skip shell extension 'powershell' for command environment: Not usable outside of PowerShell
[0.207s] DEBUG:colcon.colcon_core.shell:Skip shell extension 'dsv' for command environment
[0.342s] INFO:colcon.colcon_core.task.python.build:Building Python package in '/home/angelina/EAT40005-Project/ros2_ws/src/lidar_socket_pub'
[0.342s] INFO:colcon.colcon_core.shell:Skip shell extension 'powershell' for command environment: Not usable outside of PowerShell
[0.342s] DEBUG:colcon.colcon_core.shell:Skip shell extension 'dsv' for command environment
[0.475s] INFO:colcon.colcon_core.task.python.build:Building Python package in '/home/angelina/EAT40005-Project/ros2_ws/src/map_to_odom_broadcaster'
[0.476s] INFO:colcon.colcon_core.shell:Skip shell extension 'powershell' for command environment: Not usable outside of PowerShell
[0.476s] DEBUG:colcon.colcon_core.shell:Skip shell extension 'dsv' for command environment
[0.616s] WARNING:colcon.colcon_ros.task.ament_python.build:Package 'odom_receiver' doesn't explicitly install a marker in the package index (colcon-ros currently does it implicitly but that fallback will be removed in the future)
[0.616s] WARNING:colcon.colcon_ros.task.ament_python.build:Package 'odom_receiver' doesn't explicitly install the 'package.xml' file (colcon-ros currently does it implicitly but that fallback will be removed in the future)
[0.616s] INFO:colcon.colcon_core.task.python.build:Building Python package in '/home/angelina/EAT40005-Project/ros2_ws/src/odom_receiver'
[0.616s] INFO:colcon.colcon_core.shell:Skip shell extension 'powershell' for command environment: Not usable outside of PowerShell
[0.616s] DEBUG:colcon.colcon_core.shell:Skip shell extension 'dsv' for command environment
[0.754s] INFO:colcon.colcon_core.task.python.build:Building Python package in '/home/angelina/EAT40005-Project/ros2_ws/src/odom_to_base_link_tf'
[0.754s] INFO:colcon.colcon_core.shell:Skip shell extension 'powershell' for command environment: Not usable outside of PowerShell
[0.754s] DEBUG:colcon.colcon_core.shell:Skip shell extension 'dsv' for command environment
[0.986s] DEBUG:colcon.colcon_core.event_handler.log_command:Invoking command in '/home/angelina/EAT40005-Project/ros2_ws/src/map_to_odom_broadcaster': PYTHONPATH=/home/angelina/EAT40005-Project/ros2_ws/build/map_to_odom_broadcaster/prefix_override:/usr/lib/python3/dist-packages/colcon_core/task/python/colcon_distutils_commands:/home/angelina/EAT40005-Project/ros2_ws/install/map_to_odom_broadcaster/lib/python3.10/site-packages:${PYTHONPATH} /usr/bin/python3 -W ignore:setup.py install is deprecated -W ignore:easy_install command is deprecated setup.py egg_info --egg-base ../../build/map_to_odom_broadcaster build --build-base /home/angelina/EAT40005-Project/ros2_ws/build/map_to_odom_broadcaster/build install --record /home/angelina/EAT40005-Project/ros2_ws/build/map_to_odom_broadcaster/install.log --single-version-externally-managed install_data
[0.987s] DEBUG:colcon.colcon_core.event_handler.log_command:Invoking command in '/home/angelina/EAT40005-Project/ros2_ws/src/lidar_socket_pub': PYTHONPATH=/home/angelina/EAT40005-Project/ros2_ws/build/lidar_socket_pub/prefix_override:/usr/lib/python3/dist-packages/colcon_core/task/python/colcon_distutils_commands:/home/angelina/EAT40005-Project/ros2_ws/install/lidar_socket_pub/lib/python3.10/site-packages:${PYTHONPATH} /usr/bin/python3 -W ignore:setup.py install is deprecated -W ignore:easy_install command is deprecated setup.py egg_info --egg-base ../../build/lidar_socket_pub build --build-base /home/angelina/EAT40005-Project/ros2_ws/build/lidar_socket_pub/build install --record /home/angelina/EAT40005-Project/ros2_ws/build/lidar_socket_pub/install.log --single-version-externally-managed install_data
[0.992s] DEBUG:colcon.colcon_core.event_handler.log_command:Invoking command in '/home/angelina/EAT40005-Project/ros2_ws/src/odom_receiver': PYTHONPATH=/home/angelina/EAT40005-Project/ros2_ws/build/odom_receiver/prefix_override:/usr/lib/python3/dist-packages/colcon_core/task/python/colcon_distutils_commands:/home/angelina/EAT40005-Project/ros2_ws/install/odom_receiver/lib/python3.10/site-packages:${PYTHONPATH} /usr/bin/python3 -W ignore:setup.py install is deprecated -W ignore:easy_install command is deprecated setup.py egg_info --egg-base ../../build/odom_receiver build --build-base /home/angelina/EAT40005-Project/ros2_ws/build/odom_receiver/build install --record /home/angelina/EAT40005-Project/ros2_ws/build/odom_receiver/install.log --single-version-externally-managed
[0.993s] DEBUG:colcon.colcon_core.event_handler.log_command:Invoking command in '/home/angelina/EAT40005-Project/ros2_ws/src/odom_to_base_link_tf': PYTHONPATH=/home/angelina/EAT40005-Project/ros2_ws/build/odom_to_base_link_tf/prefix_override:/usr/lib/python3/dist-packages/colcon_core/task/python/colcon_distutils_commands:/home/angelina/EAT40005-Project/ros2_ws/install/odom_to_base_link_tf/lib/python3.10/site-packages:${PYTHONPATH} /usr/bin/python3 -W ignore:setup.py install is deprecated -W ignore:easy_install command is deprecated setup.py egg_info --egg-base ../../build/odom_to_base_link_tf build --build-base /home/angelina/EAT40005-Project/ros2_ws/build/odom_to_base_link_tf/build install --record /home/angelina/EAT40005-Project/ros2_ws/build/odom_to_base_link_tf/install.log --single-version-externally-managed install_data
[1.177s] DEBUG:colcon.colcon_core.event_handler.log_command:Invoked command in '/home/angelina/EAT40005-Project/ros2_ws/src/map_to_odom_broadcaster' returned '0': PYTHONPATH=/home/angelina/EAT40005-Project/ros2_ws/build/map_to_odom_broadcaster/prefix_override:/usr/lib/python3/dist-packages/colcon_core/task/python/colcon_distutils_commands:/home/angelina/EAT40005-Project/ros2_ws/install/map_to_odom_broadcaster/lib/python3.10/site-packages:${PYTHONPATH} /usr/bin/python3 -W ignore:setup.py install is deprecated -W ignore:easy_install command is deprecated setup.py egg_info --egg-base ../../build/map_to_odom_broadcaster build --build-base /home/angelina/EAT40005-Project/ros2_ws/build/map_to_odom_broadcaster/build install --record /home/angelina/EAT40005-Project/ros2_ws/build/map_to_odom_broadcaster/install.log --single-version-externally-managed install_data
[1.179s] Level 1:colcon.colcon_core.environment:checking '/home/angelina/EAT40005-Project/ros2_ws/install/map_to_odom_broadcaster' for CMake module files
[1.179s] Level 1:colcon.colcon_core.environment:checking '/home/angelina/EAT40005-Project/ros2_ws/install/map_to_odom_broadcaster' for CMake config files
[1.180s] Level 1:colcon.colcon_core.environment:checking '/home/angelina/EAT40005-Project/ros2_ws/install/map_to_odom_broadcaster/lib'
[1.180s] Level 1:colcon.colcon_core.environment:checking '/home/angelina/EAT40005-Project/ros2_ws/install/map_to_odom_broadcaster/bin'
[1.180s] Level 1:colcon.colcon_core.environment:checking '/home/angelina/EAT40005-Project/ros2_ws/install/map_to_odom_broadcaster/lib/pkgconfig/map_to_odom_broadcaster.pc'
[1.180s] Level 1:colcon.colcon_core.environment:checking '/home/angelina/EAT40005-Project/ros2_ws/install/map_to_odom_broadcaster/lib/python3.10/site-packages'
[1.180s] Level 1:colcon.colcon_core.shell:create_environment_hook('map_to_odom_broadcaster', 'pythonpath')
[1.180s] INFO:colcon.colcon_core.shell:Creating environment hook '/home/angelina/EAT40005-Project/ros2_ws/install/map_to_odom_broadcaster/share/map_to_odom_broadcaster/hook/pythonpath.ps1'
[1.180s] INFO:colcon.colcon_core.shell:Creating environment descriptor '/home/angelina/EAT40005-Project/ros2_ws/install/map_to_odom_broadcaster/share/map_to_odom_broadcaster/hook/pythonpath.dsv'
[1.181s] INFO:colcon.colcon_core.shell:Creating environment hook '/home/angelina/EAT40005-Project/ros2_ws/install/map_to_odom_broadcaster/share/map_to_odom_broadcaster/hook/pythonpath.sh'
[1.181s] Level 1:colcon.colcon_core.environment:checking '/home/angelina/EAT40005-Project/ros2_ws/install/map_to_odom_broadcaster/bin'
[1.181s] Level 1:colcon.colcon_core.environment:create_environment_scripts_only(map_to_odom_broadcaster)
[1.182s] INFO:colcon.colcon_core.shell:Creating package script '/home/angelina/EAT40005-Project/ros2_ws/install/map_to_odom_broadcaster/share/map_to_odom_broadcaster/package.ps1'
[1.182s] INFO:colcon.colcon_core.shell:Creating package descriptor '/home/angelina/EAT40005-Project/ros2_ws/install/map_to_odom_broadcaster/share/map_to_odom_broadcaster/package.dsv'
[1.182s] INFO:colcon.colcon_core.shell:Creating package script '/home/angelina/EAT40005-Project/ros2_ws/install/map_to_odom_broadcaster/share/map_to_odom_broadcaster/package.sh'
[1.183s] INFO:colcon.colcon_core.shell:Creating package script '/home/angelina/EAT40005-Project/ros2_ws/install/map_to_odom_broadcaster/share/map_to_odom_broadcaster/package.bash'
[1.183s] INFO:colcon.colcon_core.shell:Creating package script '/home/angelina/EAT40005-Project/ros2_ws/install/map_to_odom_broadcaster/share/map_to_odom_broadcaster/package.zsh'
[1.184s] Level 1:colcon.colcon_core.environment:create_file_with_runtime_dependencies(/home/angelina/EAT40005-Project/ros2_ws/install/map_to_odom_broadcaster/share/colcon-core/packages/map_to_odom_broadcaster)
[1.185s] Level 1:colcon.colcon_core.environment:checking '/home/angelina/EAT40005-Project/ros2_ws/install/lidar_socket_pub' for CMake module files
[1.186s] DEBUG:colcon.colcon_core.event_handler.log_command:Invoked command in '/home/angelina/EAT40005-Project/ros2_ws/src/lidar_socket_pub' returned '0': PYTHONPATH=/home/angelina/EAT40005-Project/ros2_ws/build/lidar_socket_pub/prefix_override:/usr/lib/python3/dist-packages/colcon_core/task/python/colcon_distutils_commands:/home/angelina/EAT40005-Project/ros2_ws/install/lidar_socket_pub/lib/python3.10/site-packages:${PYTHONPATH} /usr/bin/python3 -W ignore:setup.py install is deprecated -W ignore:easy_install command is deprecated setup.py egg_info --egg-base ../../build/lidar_socket_pub build --build-base /home/angelina/EAT40005-Project/ros2_ws/build/lidar_socket_pub/build install --record /home/angelina/EAT40005-Project/ros2_ws/build/lidar_socket_pub/install.log --single-version-externally-managed install_data
[1.186s] Level 1:colcon.colcon_core.environment:checking '/home/angelina/EAT40005-Project/ros2_ws/install/lidar_socket_pub' for CMake config files
[1.187s] Level 1:colcon.colcon_core.environment:checking '/home/angelina/EAT40005-Project/ros2_ws/install/lidar_socket_pub/lib'
[1.187s] Level 1:colcon.colcon_core.environment:checking '/home/angelina/EAT40005-Project/ros2_ws/install/lidar_socket_pub/bin'
[1.187s] Level 1:colcon.colcon_core.environment:checking '/home/angelina/EAT40005-Project/ros2_ws/install/lidar_socket_pub/lib/pkgconfig/lidar_socket_pub.pc'
[1.187s] Level 1:colcon.colcon_core.environment:checking '/home/angelina/EAT40005-Project/ros2_ws/install/lidar_socket_pub/lib/python3.10/site-packages'
[1.187s] Level 1:colcon.colcon_core.shell:create_environment_hook('lidar_socket_pub', 'pythonpath')
[1.187s] INFO:colcon.colcon_core.shell:Creating environment hook '/home/angelina/EAT40005-Project/ros2_ws/install/lidar_socket_pub/share/lidar_socket_pub/hook/pythonpath.ps1'
[1.187s] INFO:colcon.colcon_core.shell:Creating environment descriptor '/home/angelina/EAT40005-Project/ros2_ws/install/lidar_socket_pub/share/lidar_socket_pub/hook/pythonpath.dsv'
[1.188s] INFO:colcon.colcon_core.shell:Creating environment hook '/home/angelina/EAT40005-Project/ros2_ws/install/lidar_socket_pub/share/lidar_socket_pub/hook/pythonpath.sh'
[1.188s] Level 1:colcon.colcon_core.environment:checking '/home/angelina/EAT40005-Project/ros2_ws/install/lidar_socket_pub/bin'
[1.188s] Level 1:colcon.colcon_core.environment:create_environment_scripts_only(lidar_socket_pub)
[1.188s] INFO:colcon.colcon_core.shell:Creating package script '/home/angelina/EAT40005-Project/ros2_ws/install/lidar_socket_pub/share/lidar_socket_pub/package.ps1'
[1.188s] INFO:colcon.colcon_core.shell:Creating package descriptor '/home/angelina/EAT40005-Project/ros2_ws/install/lidar_socket_pub/share/lidar_socket_pub/package.dsv'
[1.189s] INFO:colcon.colcon_core.shell:Creating package script '/home/angelina/EAT40005-Project/ros2_ws/install/lidar_socket_pub/share/lidar_socket_pub/package.sh'
[1.189s] INFO:colcon.colcon_core.shell:Creating package script '/home/angelina/EAT40005-Project/ros2_ws/install/lidar_socket_pub/share/lidar_socket_pub/package.bash'
[1.189s] INFO:colcon.colcon_core.shell:Creating package script '/home/angelina/EAT40005-Project/ros2_ws/install/lidar_socket_pub/share/lidar_socket_pub/package.zsh'
[1.189s] Level 1:colcon.colcon_core.environment:create_file_with_runtime_dependencies(/home/angelina/EAT40005-Project/ros2_ws/install/lidar_socket_pub/share/colcon-core/packages/lidar_socket_pub)
[1.190s] Level 1:colcon.colcon_core.environment:checking '/home/angelina/EAT40005-Project/ros2_ws/install/odom_to_base_link_tf' for CMake module files
[1.191s] DEBUG:colcon.colcon_core.event_handler.log_command:Invoked command in '/home/angelina/EAT40005-Project/ros2_ws/src/odom_to_base_link_tf' returned '0': PYTHONPATH=/home/angelina/EAT40005-Project/ros2_ws/build/odom_to_base_link_tf/prefix_override:/usr/lib/python3/dist-packages/colcon_core/task/python/colcon_distutils_commands:/home/angelina/EAT40005-Project/ros2_ws/install/odom_to_base_link_tf/lib/python3.10/site-packages:${PYTHONPATH} /usr/bin/python3 -W ignore:setup.py install is deprecated -W ignore:easy_install command is deprecated setup.py egg_info --egg-base ../../build/odom_to_base_link_tf build --build-base /home/angelina/EAT40005-Project/ros2_ws/build/odom_to_base_link_tf/build install --record /home/angelina/EAT40005-Project/ros2_ws/build/odom_to_base_link_tf/install.log --single-version-externally-managed install_data
[1.191s] Level 1:colcon.colcon_core.environment:checking '/home/angelina/EAT40005-Project/ros2_ws/install/odom_to_base_link_tf' for CMake config files
[1.192s] Level 1:colcon.colcon_core.environment:checking '/home/angelina/EAT40005-Project/ros2_ws/install/odom_to_base_link_tf/lib'
[1.192s] Level 1:colcon.colcon_core.environment:checking '/home/angelina/EAT40005-Project/ros2_ws/install/odom_to_base_link_tf/bin'
[1.192s] Level 1:colcon.colcon_core.environment:checking '/home/angelina/EAT40005-Project/ros2_ws/install/odom_to_base_link_tf/lib/pkgconfig/odom_to_base_link_tf.pc'
[1.192s] Level 1:colcon.colcon_core.environment:checking '/home/angelina/EAT40005-Project/ros2_ws/install/odom_to_base_link_tf/lib/python3.10/site-packages'
[1.192s] Level 1:colcon.colcon_core.shell:create_environment_hook('odom_to_base_link_tf', 'pythonpath')
[1.192s] INFO:colcon.colcon_core.shell:Creating environment hook '/home/angelina/EAT40005-Project/ros2_ws/install/odom_to_base_link_tf/share/odom_to_base_link_tf/hook/pythonpath.ps1'
[1.192s] INFO:colcon.colcon_core.shell:Creating environment descriptor '/home/angelina/EAT40005-Project/ros2_ws/install/odom_to_base_link_tf/share/odom_to_base_link_tf/hook/pythonpath.dsv'
[1.192s] INFO:colcon.colcon_core.shell:Creating environment hook '/home/angelina/EAT40005-Project/ros2_ws/install/odom_to_base_link_tf/share/odom_to_base_link_tf/hook/pythonpath.sh'
[1.193s] Level 1:colcon.colcon_core.environment:checking '/home/angelina/EAT40005-Project/ros2_ws/install/odom_to_base_link_tf/bin'
[1.193s] Level 1:colcon.colcon_core.environment:create_environment_scripts_only(odom_to_base_link_tf)
[1.193s] INFO:colcon.colcon_core.shell:Creating package script '/home/angelina/EAT40005-Project/ros2_ws/install/odom_to_base_link_tf/share/odom_to_base_link_tf/package.ps1'
[1.193s] INFO:colcon.colcon_core.shell:Creating package descriptor '/home/angelina/EAT40005-Project/ros2_ws/install/odom_to_base_link_tf/share/odom_to_base_link_tf/package.dsv'
[1.193s] INFO:colcon.colcon_core.shell:Creating package script '/home/angelina/EAT40005-Project/ros2_ws/install/odom_to_base_link_tf/share/odom_to_base_link_tf/package.sh'
[1.194s] INFO:colcon.colcon_core.shell:Creating package script '/home/angelina/EAT40005-Project/ros2_ws/install/odom_to_base_link_tf/share/odom_to_base_link_tf/package.bash'
[1.194s] INFO:colcon.colcon_core.shell:Creating package script '/home/angelina/EAT40005-Project/ros2_ws/install/odom_to_base_link_tf/share/odom_to_base_link_tf/package.zsh'
[1.194s] Level 1:colcon.colcon_core.environment:create_file_with_runtime_dependencies(/home/angelina/EAT40005-Project/ros2_ws/install/odom_to_base_link_tf/share/colcon-core/packages/odom_to_base_link_tf)
[1.194s] Level 1:colcon.colcon_core.environment:checking '/home/angelina/EAT40005-Project/ros2_ws/install/odom_receiver' for CMake module files
[1.195s] Level 1:colcon.colcon_core.environment:checking '/home/angelina/EAT40005-Project/ros2_ws/install/odom_receiver' for CMake config files
[1.195s] DEBUG:colcon.colcon_core.event_handler.log_command:Invoked command in '/home/angelina/EAT40005-Project/ros2_ws/src/odom_receiver' returned '0': PYTHONPATH=/home/angelina/EAT40005-Project/ros2_ws/build/odom_receiver/prefix_override:/usr/lib/python3/dist-packages/colcon_core/task/python/colcon_distutils_commands:/home/angelina/EAT40005-Project/ros2_ws/install/odom_receiver/lib/python3.10/site-packages:${PYTHONPATH} /usr/bin/python3 -W ignore:setup.py install is deprecated -W ignore:easy_install command is deprecated setup.py egg_info --egg-base ../../build/odom_receiver build --build-base /home/angelina/EAT40005-Project/ros2_ws/build/odom_receiver/build install --record /home/angelina/EAT40005-Project/ros2_ws/build/odom_receiver/install.log --single-version-externally-managed
[1.195s] Level 1:colcon.colcon_core.environment:checking '/home/angelina/EAT40005-Project/ros2_ws/install/odom_receiver/lib'
[1.195s] Level 1:colcon.colcon_core.environment:checking '/home/angelina/EAT40005-Project/ros2_ws/install/odom_receiver/bin'
[1.195s] Level 1:colcon.colcon_core.environment:checking '/home/angelina/EAT40005-Project/ros2_ws/install/odom_receiver/lib/pkgconfig/odom_receiver.pc'
[1.196s] Level 1:colcon.colcon_core.environment:checking '/home/angelina/EAT40005-Project/ros2_ws/install/odom_receiver/lib/python3.10/site-packages'
[1.196s] Level 1:colcon.colcon_core.shell:create_environment_hook('odom_receiver', 'pythonpath')
[1.196s] INFO:colcon.colcon_core.shell:Creating environment hook '/home/angelina/EAT40005-Project/ros2_ws/install/odom_receiver/share/odom_receiver/hook/pythonpath.ps1'
[1.196s] INFO:colcon.colcon_core.shell:Creating environment descriptor '/home/angelina/EAT40005-Project/ros2_ws/install/odom_receiver/share/odom_receiver/hook/pythonpath.dsv'
[1.196s] INFO:colcon.colcon_core.shell:Creating environment hook '/home/angelina/EAT40005-Project/ros2_ws/install/odom_receiver/share/odom_receiver/hook/pythonpath.sh'
[1.196s] Level 1:colcon.colcon_core.environment:checking '/home/angelina/EAT40005-Project/ros2_ws/install/odom_receiver/bin'
[1.196s] Level 1:colcon.colcon_core.environment:create_environment_scripts_only(odom_receiver)
[1.197s] INFO:colcon.colcon_core.shell:Creating package script '/home/angelina/EAT40005-Project/ros2_ws/install/odom_receiver/share/odom_receiver/package.ps1'
[1.197s] INFO:colcon.colcon_core.shell:Creating package descriptor '/home/angelina/EAT40005-Project/ros2_ws/install/odom_receiver/share/odom_receiver/package.dsv'
[1.197s] INFO:colcon.colcon_core.shell:Creating package script '/home/angelina/EAT40005-Project/ros2_ws/install/odom_receiver/share/odom_receiver/package.sh'
[1.197s] INFO:colcon.colcon_core.shell:Creating package script '/home/angelina/EAT40005-Project/ros2_ws/install/odom_receiver/share/odom_receiver/package.bash'
[1.198s] INFO:colcon.colcon_core.shell:Creating package script '/home/angelina/EAT40005-Project/ros2_ws/install/odom_receiver/share/odom_receiver/package.zsh'
[1.198s] Level 1:colcon.colcon_core.environment:create_file_with_runtime_dependencies(/home/angelina/EAT40005-Project/ros2_ws/install/odom_receiver/share/colcon-core/packages/odom_receiver)
[1.198s] DEBUG:colcon.colcon_parallel_executor.executor.parallel:closing loop
[1.198s] DEBUG:colcon.colcon_parallel_executor.executor.parallel:loop closed
[1.198s] DEBUG:colcon.colcon_parallel_executor.executor.parallel:run_until_complete finished with '0'
[1.198s] DEBUG:colcon.colcon_core.event_reactor:joining thread
[1.202s] INFO:colcon.colcon_core.plugin_system:Skipping extension 'colcon_notification.desktop_notification.terminal_notifier': Not used on non-Darwin systems
[1.202s] INFO:colcon.colcon_core.plugin_system:Skipping extension 'colcon_notification.desktop_notification.win32': Not used on non-Windows systems
[1.202s] INFO:colcon.colcon_notification.desktop_notification:Sending desktop notification using 'notify2'
[1.209s] DEBUG:colcon.colcon_core.event_reactor:joined thread
[1.209s] INFO:colcon.colcon_core.shell:Creating prefix script '/home/angelina/EAT40005-Project/ros2_ws/install/local_setup.ps1'
[1.210s] INFO:colcon.colcon_core.shell:Creating prefix util module '/home/angelina/EAT40005-Project/ros2_ws/install/_local_setup_util_ps1.py'
[1.210s] INFO:colcon.colcon_core.shell:Creating prefix chain script '/home/angelina/EAT40005-Project/ros2_ws/install/setup.ps1'
[1.211s] INFO:colcon.colcon_core.shell:Creating prefix script '/home/angelina/EAT40005-Project/ros2_ws/install/local_setup.sh'
[1.211s] INFO:colcon.colcon_core.shell:Creating prefix util module '/home/angelina/EAT40005-Project/ros2_ws/install/_local_setup_util_sh.py'
[1.212s] INFO:colcon.colcon_core.shell:Creating prefix chain script '/home/angelina/EAT40005-Project/ros2_ws/install/setup.sh'
[1.212s] INFO:colcon.colcon_core.shell:Creating prefix script '/home/angelina/EAT40005-Project/ros2_ws/install/local_setup.bash'
[1.213s] INFO:colcon.colcon_core.shell:Creating prefix chain script '/home/angelina/EAT40005-Project/ros2_ws/install/setup.bash'
[1.213s] INFO:colcon.colcon_core.shell:Creating prefix script '/home/angelina/EAT40005-Project/ros2_ws/install/local_setup.zsh'
[1.214s] INFO:colcon.colcon_core.shell:Creating prefix chain script '/home/angelina/EAT40005-Project/ros2_ws/install/setup.zsh'
