[0.078s] Invoking command in '/home/angelina/EAT40005-Project/ros2_ws/build/pipeline_interfaces': CMAKE_PREFIX_PATH=${CMAKE_PREFIX_PATH}:/home/angelina/turtlebot3_ws/install/turtlebot3_teleop:/home/angelina/turtlebot3_ws/install/turtlebot3_example:/opt/ros/humble /usr/bin/cmake /home/angelina/EAT40005-Project/ros2_ws/src/cam_lidar_tools/lidar/pipeline_interfaces -DCMAKE_INSTALL_PREFIX=/home/angelina/EAT40005-Project/ros2_ws/install/pipeline_interfaces
[1.933s] -- The C compiler identification is GNU 11.4.0
[1.964s] -- The CXX compiler identification is GNU 11.4.0
[1.988s] -- Detecting C compiler ABI info
[2.070s] -- Detecting C compiler ABI info - done
[2.078s] -- Check for working C compiler: /usr/bin/cc - skipped
[2.080s] -- Detecting C compile features
[2.082s] -- Detecting C compile features - done
[2.088s] -- Detecting CXX compiler ABI info
[2.175s] -- Detecting CXX compiler ABI info - done
[2.186s] -- Check for working CXX compiler: /usr/bin/c++ - skipped
[2.186s] -- Detecting CXX compile features
[2.186s] -- Detecting CXX compile features - done
[2.198s] -- Found ament_cmake: 1.3.11 (/opt/ros/humble/share/ament_cmake/cmake)
[2.510s] -- Found Python3: /usr/bin/python3 (found version "3.10.12") found components: Interpreter 
[2.743s] -- Found builtin_interfaces: 1.2.1 (/opt/ros/humble/share/builtin_interfaces/cmake)
[2.860s] -- Found rosidl_generator_c: 3.1.6 (/opt/ros/humble/share/rosidl_generator_c/cmake)
[2.877s] -- Found rosidl_adapter: 3.1.6 (/opt/ros/humble/share/rosidl_adapter/cmake)
[2.905s] -- Found rosidl_generator_cpp: 3.1.6 (/opt/ros/humble/share/rosidl_generator_cpp/cmake)
[2.952s] -- Using all available rosidl_typesupport_c: rosidl_typesupport_fastrtps_c;rosidl_typesupport_introspection_c
[3.014s] -- Using all available rosidl_typesupport_cpp: rosidl_typesupport_fastrtps_cpp;rosidl_typesupport_introspection_cpp
[3.062s] -- Found std_msgs: 4.8.0 (/opt/ros/humble/share/std_msgs/cmake)
[3.116s] -- Found sensor_msgs: 4.8.0 (/opt/ros/humble/share/sensor_msgs/cmake)
[3.218s] -- Found rosidl_default_generators: 1.2.0 (/opt/ros/humble/share/rosidl_default_generators/cmake)
[3.741s] -- Found ament_cmake_ros: 0.10.0 (/opt/ros/humble/share/ament_cmake_ros/cmake)
[4.192s] -- Using all available rosidl_typesupport_c: rosidl_typesupport_fastrtps_c;rosidl_typesupport_introspection_c
[4.329s] -- Using all available rosidl_typesupport_cpp: rosidl_typesupport_fastrtps_cpp;rosidl_typesupport_introspection_cpp
[4.346s] -- Found PythonInterp: /usr/bin/python3 (found suitable version "3.10.12", minimum required is "3.6") 
[4.349s] -- Found python_cmake_module: 0.10.0 (/opt/ros/humble/share/python_cmake_module/cmake)
[4.367s] -- Found PythonLibs: /usr/lib/x86_64-linux-gnu/libpython3.10.so (found suitable version "3.10.12", minimum required is "3.5") 
[4.367s] -- Using PYTHON_EXECUTABLE: /usr/bin/python3
[4.367s] -- Using PYTHON_INCLUDE_DIRS: /usr/include/python3.10
[4.367s] -- Using PYTHON_LIBRARIES: /usr/lib/x86_64-linux-gnu/libpython3.10.so
[4.382s] -- Found PythonExtra: .so  
[4.442s] -- Found ament_lint_auto: 0.12.12 (/opt/ros/humble/share/ament_lint_auto/cmake)
[4.469s] -- Added test 'copyright' to check source files copyright and LICENSE
[4.470s] -- Added test 'lint_cmake' to check CMake code style
[4.471s] -- Added test 'xmllint' to check XML markup files
[4.473s] -- Configuring done
[4.495s] -- Generating done
[4.502s] -- Build files have been written to: /home/angelina/EAT40005-Project/ros2_ws/build/pipeline_interfaces
