running egg_info
creating ../../build/odom_to_base_link_tf/odom_to_base_link_tf.egg-info
writing ../../build/odom_to_base_link_tf/odom_to_base_link_tf.egg-info/PKG-INFO
writing dependency_links to ../../build/odom_to_base_link_tf/odom_to_base_link_tf.egg-info/dependency_links.txt
writing entry points to ../../build/odom_to_base_link_tf/odom_to_base_link_tf.egg-info/entry_points.txt
writing requirements to ../../build/odom_to_base_link_tf/odom_to_base_link_tf.egg-info/requires.txt
writing top-level names to ../../build/odom_to_base_link_tf/odom_to_base_link_tf.egg-info/top_level.txt
writing manifest file '../../build/odom_to_base_link_tf/odom_to_base_link_tf.egg-info/SOURCES.txt'
reading manifest file '../../build/odom_to_base_link_tf/odom_to_base_link_tf.egg-info/SOURCES.txt'
writing manifest file '../../build/odom_to_base_link_tf/odom_to_base_link_tf.egg-info/SOURCES.txt'
running build
running build_py
creating /home/angelina/EAT40005-Project/ros2_ws/build/odom_to_base_link_tf/build
creating /home/angelina/EAT40005-Project/ros2_ws/build/odom_to_base_link_tf/build/lib
creating /home/angelina/EAT40005-Project/ros2_ws/build/odom_to_base_link_tf/build/lib/odom_to_base_link_tf
copying odom_to_base_link_tf/__init__.py -> /home/angelina/EAT40005-Project/ros2_ws/build/odom_to_base_link_tf/build/lib/odom_to_base_link_tf
copying odom_to_base_link_tf/odom_to_base_link_tf.py -> /home/angelina/EAT40005-Project/ros2_ws/build/odom_to_base_link_tf/build/lib/odom_to_base_link_tf
running install
running install_lib
creating /home/angelina/EAT40005-Project/ros2_ws/install/odom_to_base_link_tf/lib/python3.10/site-packages/odom_to_base_link_tf
copying /home/angelina/EAT40005-Project/ros2_ws/build/odom_to_base_link_tf/build/lib/odom_to_base_link_tf/__init__.py -> /home/angelina/EAT40005-Project/ros2_ws/install/odom_to_base_link_tf/lib/python3.10/site-packages/odom_to_base_link_tf
copying /home/angelina/EAT40005-Project/ros2_ws/build/odom_to_base_link_tf/build/lib/odom_to_base_link_tf/odom_to_base_link_tf.py -> /home/angelina/EAT40005-Project/ros2_ws/install/odom_to_base_link_tf/lib/python3.10/site-packages/odom_to_base_link_tf
byte-compiling /home/angelina/EAT40005-Project/ros2_ws/install/odom_to_base_link_tf/lib/python3.10/site-packages/odom_to_base_link_tf/__init__.py to __init__.cpython-310.pyc
byte-compiling /home/angelina/EAT40005-Project/ros2_ws/install/odom_to_base_link_tf/lib/python3.10/site-packages/odom_to_base_link_tf/odom_to_base_link_tf.py to odom_to_base_link_tf.cpython-310.pyc
running install_data
creating /home/angelina/EAT40005-Project/ros2_ws/install/odom_to_base_link_tf/share/ament_index
creating /home/angelina/EAT40005-Project/ros2_ws/install/odom_to_base_link_tf/share/ament_index/resource_index
creating /home/angelina/EAT40005-Project/ros2_ws/install/odom_to_base_link_tf/share/ament_index/resource_index/packages
copying resource/odom_to_base_link_tf -> /home/angelina/EAT40005-Project/ros2_ws/install/odom_to_base_link_tf/share/ament_index/resource_index/packages
copying package.xml -> /home/angelina/EAT40005-Project/ros2_ws/install/odom_to_base_link_tf/share/odom_to_base_link_tf
running install_egg_info
Copying ../../build/odom_to_base_link_tf/odom_to_base_link_tf.egg-info to /home/angelina/EAT40005-Project/ros2_ws/install/odom_to_base_link_tf/lib/python3.10/site-packages/odom_to_base_link_tf-0.0.0-py3.10.egg-info
running install_scripts
Installing odom_to_base_link_tf_node script to /home/angelina/EAT40005-Project/ros2_ws/install/odom_to_base_link_tf/lib/odom_to_base_link_tf
writing list of installed files to '/home/angelina/EAT40005-Project/ros2_ws/build/odom_to_base_link_tf/install.log'
