[0.322s] Invoking command in '/home/angelina/EAT40005-Project/ros2_ws/src/odom_to_base_link_tf': PYTHONPATH=/home/angelina/EAT40005-Project/ros2_ws/build/odom_to_base_link_tf/prefix_override:/usr/lib/python3/dist-packages/colcon_core/task/python/colcon_distutils_commands:/home/angelina/EAT40005-Project/ros2_ws/install/odom_to_base_link_tf/lib/python3.10/site-packages:${PYTHONPATH} /usr/bin/python3 -W ignore:setup.py install is deprecated -W ignore:easy_install command is deprecated setup.py egg_info --egg-base ../../build/odom_to_base_link_tf build --build-base /home/angelina/EAT40005-Project/ros2_ws/build/odom_to_base_link_tf/build install --record /home/angelina/EAT40005-Project/ros2_ws/build/odom_to_base_link_tf/install.log --single-version-externally-managed install_data
[0.441s] running egg_info
[0.442s] creating ../../build/odom_to_base_link_tf/odom_to_base_link_tf.egg-info
[0.442s] writing ../../build/odom_to_base_link_tf/odom_to_base_link_tf.egg-info/PKG-INFO
[0.442s] writing dependency_links to ../../build/odom_to_base_link_tf/odom_to_base_link_tf.egg-info/dependency_links.txt
[0.442s] writing entry points to ../../build/odom_to_base_link_tf/odom_to_base_link_tf.egg-info/entry_points.txt
[0.442s] writing requirements to ../../build/odom_to_base_link_tf/odom_to_base_link_tf.egg-info/requires.txt
[0.442s] writing top-level names to ../../build/odom_to_base_link_tf/odom_to_base_link_tf.egg-info/top_level.txt
[0.442s] writing manifest file '../../build/odom_to_base_link_tf/odom_to_base_link_tf.egg-info/SOURCES.txt'
[0.443s] reading manifest file '../../build/odom_to_base_link_tf/odom_to_base_link_tf.egg-info/SOURCES.txt'
[0.443s] writing manifest file '../../build/odom_to_base_link_tf/odom_to_base_link_tf.egg-info/SOURCES.txt'
[0.443s] running build
[0.443s] running build_py
[0.443s] creating /home/angelina/EAT40005-Project/ros2_ws/build/odom_to_base_link_tf/build
[0.443s] creating /home/angelina/EAT40005-Project/ros2_ws/build/odom_to_base_link_tf/build/lib
[0.443s] creating /home/angelina/EAT40005-Project/ros2_ws/build/odom_to_base_link_tf/build/lib/odom_to_base_link_tf
[0.443s] copying odom_to_base_link_tf/__init__.py -> /home/angelina/EAT40005-Project/ros2_ws/build/odom_to_base_link_tf/build/lib/odom_to_base_link_tf
[0.443s] copying odom_to_base_link_tf/odom_to_base_link_tf.py -> /home/angelina/EAT40005-Project/ros2_ws/build/odom_to_base_link_tf/build/lib/odom_to_base_link_tf
[0.443s] running install
[0.443s] running install_lib
[0.444s] creating /home/angelina/EAT40005-Project/ros2_ws/install/odom_to_base_link_tf/lib/python3.10/site-packages/odom_to_base_link_tf
[0.444s] copying /home/angelina/EAT40005-Project/ros2_ws/build/odom_to_base_link_tf/build/lib/odom_to_base_link_tf/__init__.py -> /home/angelina/EAT40005-Project/ros2_ws/install/odom_to_base_link_tf/lib/python3.10/site-packages/odom_to_base_link_tf
[0.444s] copying /home/angelina/EAT40005-Project/ros2_ws/build/odom_to_base_link_tf/build/lib/odom_to_base_link_tf/odom_to_base_link_tf.py -> /home/angelina/EAT40005-Project/ros2_ws/install/odom_to_base_link_tf/lib/python3.10/site-packages/odom_to_base_link_tf
[0.444s] byte-compiling /home/angelina/EAT40005-Project/ros2_ws/install/odom_to_base_link_tf/lib/python3.10/site-packages/odom_to_base_link_tf/__init__.py to __init__.cpython-310.pyc
[0.444s] byte-compiling /home/angelina/EAT40005-Project/ros2_ws/install/odom_to_base_link_tf/lib/python3.10/site-packages/odom_to_base_link_tf/odom_to_base_link_tf.py to odom_to_base_link_tf.cpython-310.pyc
[0.444s] running install_data
[0.444s] creating /home/angelina/EAT40005-Project/ros2_ws/install/odom_to_base_link_tf/share/ament_index
[0.445s] creating /home/angelina/EAT40005-Project/ros2_ws/install/odom_to_base_link_tf/share/ament_index/resource_index
[0.445s] creating /home/angelina/EAT40005-Project/ros2_ws/install/odom_to_base_link_tf/share/ament_index/resource_index/packages
[0.445s] copying resource/odom_to_base_link_tf -> /home/angelina/EAT40005-Project/ros2_ws/install/odom_to_base_link_tf/share/ament_index/resource_index/packages
[0.445s] copying package.xml -> /home/angelina/EAT40005-Project/ros2_ws/install/odom_to_base_link_tf/share/odom_to_base_link_tf
[0.445s] running install_egg_info
[0.446s] Copying ../../build/odom_to_base_link_tf/odom_to_base_link_tf.egg-info to /home/angelina/EAT40005-Project/ros2_ws/install/odom_to_base_link_tf/lib/python3.10/site-packages/odom_to_base_link_tf-0.0.0-py3.10.egg-info
[0.446s] running install_scripts
[0.457s] Installing odom_to_base_link_tf_node script to /home/angelina/EAT40005-Project/ros2_ws/install/odom_to_base_link_tf/lib/odom_to_base_link_tf
[0.457s] writing list of installed files to '/home/angelina/EAT40005-Project/ros2_ws/build/odom_to_base_link_tf/install.log'
[0.469s] Invoked command in '/home/angelina/EAT40005-Project/ros2_ws/src/odom_to_base_link_tf' returned '0': PYTHONPATH=/home/angelina/EAT40005-Project/ros2_ws/build/odom_to_base_link_tf/prefix_override:/usr/lib/python3/dist-packages/colcon_core/task/python/colcon_distutils_commands:/home/angelina/EAT40005-Project/ros2_ws/install/odom_to_base_link_tf/lib/python3.10/site-packages:${PYTHONPATH} /usr/bin/python3 -W ignore:setup.py install is deprecated -W ignore:easy_install command is deprecated setup.py egg_info --egg-base ../../build/odom_to_base_link_tf build --build-base /home/angelina/EAT40005-Project/ros2_ws/build/odom_to_base_link_tf/build install --record /home/angelina/EAT40005-Project/ros2_ws/build/odom_to_base_link_tf/install.log --single-version-externally-managed install_data
