-- Install configuration: ""
-- Up-to-date: /home/angelina/EAT40005-Project/ros2_ws/install/cam_lidar_bringup/share/cam_lidar_bringup/launch
-- Up-to-date: /home/angelina/EAT40005-Project/ros2_ws/install/cam_lidar_bringup/share/cam_lidar_bringup/launch/transform_explorer.launch.py
-- Up-to-date: /home/angelina/EAT40005-Project/ros2_ws/install/cam_lidar_bringup/share/cam_lidar_bringup/launch/ouster_driver_launch.py
-- Up-to-date: /home/angelina/EAT40005-Project/ros2_ws/install/cam_lidar_bringup/share/cam_lidar_bringup/launch/2d_fusion_demo.launch.py
-- Up-to-date: /home/angelina/EAT40005-Project/ros2_ws/install/cam_lidar_bringup/share/cam_lidar_bringup/launch/3d_fusion_demo.launch.py
-- Up-to-date: /home/angelina/EAT40005-Project/ros2_ws/install/cam_lidar_bringup/share/cam_lidar_bringup/launch/lidar_camera_drivers_launch.py
-- Up-to-date: /home/angelina/EAT40005-Project/ros2_ws/install/cam_lidar_bringup/share/cam_lidar_bringup/configs
-- Up-to-date: /home/angelina/EAT40005-Project/ros2_ws/install/cam_lidar_bringup/share/cam_lidar_bringup/configs/3d_demo_config.rviz
-- Up-to-date: /home/angelina/EAT40005-Project/ros2_ws/install/cam_lidar_bringup/share/cam_lidar_bringup/configs/rviz.rviz
-- Up-to-date: /home/angelina/EAT40005-Project/ros2_ws/install/cam_lidar_bringup/share/cam_lidar_bringup/configs/ouster_driver_config.yaml
-- Up-to-date: /home/angelina/EAT40005-Project/ros2_ws/install/cam_lidar_bringup/share/ament_index/resource_index/package_run_dependencies/cam_lidar_bringup
-- Up-to-date: /home/angelina/EAT40005-Project/ros2_ws/install/cam_lidar_bringup/share/ament_index/resource_index/parent_prefix_path/cam_lidar_bringup
-- Up-to-date: /home/angelina/EAT40005-Project/ros2_ws/install/cam_lidar_bringup/share/cam_lidar_bringup/environment/ament_prefix_path.sh
-- Up-to-date: /home/angelina/EAT40005-Project/ros2_ws/install/cam_lidar_bringup/share/cam_lidar_bringup/environment/ament_prefix_path.dsv
-- Up-to-date: /home/angelina/EAT40005-Project/ros2_ws/install/cam_lidar_bringup/share/cam_lidar_bringup/environment/path.sh
-- Up-to-date: /home/angelina/EAT40005-Project/ros2_ws/install/cam_lidar_bringup/share/cam_lidar_bringup/environment/path.dsv
-- Up-to-date: /home/angelina/EAT40005-Project/ros2_ws/install/cam_lidar_bringup/share/cam_lidar_bringup/local_setup.bash
-- Up-to-date: /home/angelina/EAT40005-Project/ros2_ws/install/cam_lidar_bringup/share/cam_lidar_bringup/local_setup.sh
-- Up-to-date: /home/angelina/EAT40005-Project/ros2_ws/install/cam_lidar_bringup/share/cam_lidar_bringup/local_setup.zsh
-- Up-to-date: /home/angelina/EAT40005-Project/ros2_ws/install/cam_lidar_bringup/share/cam_lidar_bringup/local_setup.dsv
-- Up-to-date: /home/angelina/EAT40005-Project/ros2_ws/install/cam_lidar_bringup/share/cam_lidar_bringup/package.dsv
-- Up-to-date: /home/angelina/EAT40005-Project/ros2_ws/install/cam_lidar_bringup/share/ament_index/resource_index/packages/cam_lidar_bringup
-- Up-to-date: /home/angelina/EAT40005-Project/ros2_ws/install/cam_lidar_bringup/share/cam_lidar_bringup/cmake/cam_lidar_bringupConfig.cmake
-- Up-to-date: /home/angelina/EAT40005-Project/ros2_ws/install/cam_lidar_bringup/share/cam_lidar_bringup/cmake/cam_lidar_bringupConfig-version.cmake
-- Up-to-date: /home/angelina/EAT40005-Project/ros2_ws/install/cam_lidar_bringup/share/cam_lidar_bringup/package.xml
