[0.067s] Invoking command in '/home/angelina/EAT40005-Project/ros2_ws/build/cam_lidar_bringup': CMAKE_PREFIX_PATH=${CMAKE_PREFIX_PATH}:/home/angelina/turtlebot3_ws/install/turtlebot3_teleop:/home/angelina/turtlebot3_ws/install/turtlebot3_example:/opt/ros/humble /usr/bin/cmake --build /home/angelina/EAT40005-Project/ros2_ws/build/cam_lidar_bringup -- -j20 -l20
[2.929s] Invoked command in '/home/angelina/EAT40005-Project/ros2_ws/build/cam_lidar_bringup' returned '0': CMAKE_PREFIX_PATH=${CMAKE_PREFIX_PATH}:/home/angelina/turtlebot3_ws/install/turtlebot3_teleop:/home/angelina/turtlebot3_ws/install/turtlebot3_example:/opt/ros/humble /usr/bin/cmake --build /home/angelina/EAT40005-Project/ros2_ws/build/cam_lidar_bringup -- -j20 -l20
[2.945s] Invoking command in '/home/angelina/EAT40005-Project/ros2_ws/build/cam_lidar_bringup': CMAKE_PREFIX_PATH=${CMAKE_PREFIX_PATH}:/home/angelina/turtlebot3_ws/install/turtlebot3_teleop:/home/angelina/turtlebot3_ws/install/turtlebot3_example:/opt/ros/humble /usr/bin/cmake --install /home/angelina/EAT40005-Project/ros2_ws/build/cam_lidar_bringup
[2.957s] -- Install configuration: ""
[2.957s] -- Up-to-date: /home/angelina/EAT40005-Project/ros2_ws/install/cam_lidar_bringup/share/cam_lidar_bringup/launch
[2.958s] -- Up-to-date: /home/angelina/EAT40005-Project/ros2_ws/install/cam_lidar_bringup/share/cam_lidar_bringup/launch/transform_explorer.launch.py
[2.958s] -- Up-to-date: /home/angelina/EAT40005-Project/ros2_ws/install/cam_lidar_bringup/share/cam_lidar_bringup/launch/ouster_driver_launch.py
[2.958s] -- Up-to-date: /home/angelina/EAT40005-Project/ros2_ws/install/cam_lidar_bringup/share/cam_lidar_bringup/launch/2d_fusion_demo.launch.py
[2.958s] -- Up-to-date: /home/angelina/EAT40005-Project/ros2_ws/install/cam_lidar_bringup/share/cam_lidar_bringup/launch/3d_fusion_demo.launch.py
[2.958s] -- Up-to-date: /home/angelina/EAT40005-Project/ros2_ws/install/cam_lidar_bringup/share/cam_lidar_bringup/launch/lidar_camera_drivers_launch.py
[2.959s] -- Up-to-date: /home/angelina/EAT40005-Project/ros2_ws/install/cam_lidar_bringup/share/cam_lidar_bringup/configs
[2.959s] -- Up-to-date: /home/angelina/EAT40005-Project/ros2_ws/install/cam_lidar_bringup/share/cam_lidar_bringup/configs/3d_demo_config.rviz
[2.959s] -- Up-to-date: /home/angelina/EAT40005-Project/ros2_ws/install/cam_lidar_bringup/share/cam_lidar_bringup/configs/rviz.rviz
[2.959s] -- Up-to-date: /home/angelina/EAT40005-Project/ros2_ws/install/cam_lidar_bringup/share/cam_lidar_bringup/configs/ouster_driver_config.yaml
[2.960s] -- Up-to-date: /home/angelina/EAT40005-Project/ros2_ws/install/cam_lidar_bringup/share/ament_index/resource_index/package_run_dependencies/cam_lidar_bringup
[2.960s] -- Up-to-date: /home/angelina/EAT40005-Project/ros2_ws/install/cam_lidar_bringup/share/ament_index/resource_index/parent_prefix_path/cam_lidar_bringup
[2.960s] -- Up-to-date: /home/angelina/EAT40005-Project/ros2_ws/install/cam_lidar_bringup/share/cam_lidar_bringup/environment/ament_prefix_path.sh
[2.960s] -- Up-to-date: /home/angelina/EAT40005-Project/ros2_ws/install/cam_lidar_bringup/share/cam_lidar_bringup/environment/ament_prefix_path.dsv
[2.960s] -- Up-to-date: /home/angelina/EAT40005-Project/ros2_ws/install/cam_lidar_bringup/share/cam_lidar_bringup/environment/path.sh
[2.960s] -- Up-to-date: /home/angelina/EAT40005-Project/ros2_ws/install/cam_lidar_bringup/share/cam_lidar_bringup/environment/path.dsv
[2.961s] -- Up-to-date: /home/angelina/EAT40005-Project/ros2_ws/install/cam_lidar_bringup/share/cam_lidar_bringup/local_setup.bash
[2.961s] -- Up-to-date: /home/angelina/EAT40005-Project/ros2_ws/install/cam_lidar_bringup/share/cam_lidar_bringup/local_setup.sh
[2.961s] -- Up-to-date: /home/angelina/EAT40005-Project/ros2_ws/install/cam_lidar_bringup/share/cam_lidar_bringup/local_setup.zsh
[2.961s] -- Up-to-date: /home/angelina/EAT40005-Project/ros2_ws/install/cam_lidar_bringup/share/cam_lidar_bringup/local_setup.dsv
[2.961s] -- Up-to-date: /home/angelina/EAT40005-Project/ros2_ws/install/cam_lidar_bringup/share/cam_lidar_bringup/package.dsv
[2.961s] -- Up-to-date: /home/angelina/EAT40005-Project/ros2_ws/install/cam_lidar_bringup/share/ament_index/resource_index/packages/cam_lidar_bringup
[2.962s] -- Up-to-date: /home/angelina/EAT40005-Project/ros2_ws/install/cam_lidar_bringup/share/cam_lidar_bringup/cmake/cam_lidar_bringupConfig.cmake
[2.962s] -- Up-to-date: /home/angelina/EAT40005-Project/ros2_ws/install/cam_lidar_bringup/share/cam_lidar_bringup/cmake/cam_lidar_bringupConfig-version.cmake
[2.962s] -- Up-to-date: /home/angelina/EAT40005-Project/ros2_ws/install/cam_lidar_bringup/share/cam_lidar_bringup/package.xml
