running egg_info
creating ../../../../build/camera_det3d/camera_det3d.egg-info
writing ../../../../build/camera_det3d/camera_det3d.egg-info/PKG-INFO
writing dependency_links to ../../../../build/camera_det3d/camera_det3d.egg-info/dependency_links.txt
writing entry points to ../../../../build/camera_det3d/camera_det3d.egg-info/entry_points.txt
writing requirements to ../../../../build/camera_det3d/camera_det3d.egg-info/requires.txt
writing top-level names to ../../../../build/camera_det3d/camera_det3d.egg-info/top_level.txt
writing manifest file '../../../../build/camera_det3d/camera_det3d.egg-info/SOURCES.txt'
reading manifest file '../../../../build/camera_det3d/camera_det3d.egg-info/SOURCES.txt'
writing manifest file '../../../../build/camera_det3d/camera_det3d.egg-info/SOURCES.txt'
running build
running build_py
creating /home/angelina/EAT40005-Project/ros2_ws/build/camera_det3d/build
creating /home/angelina/EAT40005-Project/ros2_ws/build/camera_det3d/build/lib
creating /home/angelina/EAT40005-Project/ros2_ws/build/camera_det3d/build/lib/camera_det3d
copying camera_det3d/__init__.py -> /home/angelina/EAT40005-Project/ros2_ws/build/camera_det3d/build/lib/camera_det3d
copying camera_det3d/l_shape.py -> /home/angelina/EAT40005-Project/ros2_ws/build/camera_det3d/build/lib/camera_det3d
copying camera_det3d/camera_det3d_node.py -> /home/angelina/EAT40005-Project/ros2_ws/build/camera_det3d/build/lib/camera_det3d
running install
running install_lib
creating /home/angelina/EAT40005-Project/ros2_ws/install/camera_det3d/lib/python3.10/site-packages/camera_det3d
copying /home/angelina/EAT40005-Project/ros2_ws/build/camera_det3d/build/lib/camera_det3d/__init__.py -> /home/angelina/EAT40005-Project/ros2_ws/install/camera_det3d/lib/python3.10/site-packages/camera_det3d
copying /home/angelina/EAT40005-Project/ros2_ws/build/camera_det3d/build/lib/camera_det3d/l_shape.py -> /home/angelina/EAT40005-Project/ros2_ws/install/camera_det3d/lib/python3.10/site-packages/camera_det3d
copying /home/angelina/EAT40005-Project/ros2_ws/build/camera_det3d/build/lib/camera_det3d/camera_det3d_node.py -> /home/angelina/EAT40005-Project/ros2_ws/install/camera_det3d/lib/python3.10/site-packages/camera_det3d
byte-compiling /home/angelina/EAT40005-Project/ros2_ws/install/camera_det3d/lib/python3.10/site-packages/camera_det3d/__init__.py to __init__.cpython-310.pyc
byte-compiling /home/angelina/EAT40005-Project/ros2_ws/install/camera_det3d/lib/python3.10/site-packages/camera_det3d/l_shape.py to l_shape.cpython-310.pyc
byte-compiling /home/angelina/EAT40005-Project/ros2_ws/install/camera_det3d/lib/python3.10/site-packages/camera_det3d/camera_det3d_node.py to camera_det3d_node.cpython-310.pyc
running install_data
creating /home/angelina/EAT40005-Project/ros2_ws/install/camera_det3d/share/ament_index
creating /home/angelina/EAT40005-Project/ros2_ws/install/camera_det3d/share/ament_index/resource_index
creating /home/angelina/EAT40005-Project/ros2_ws/install/camera_det3d/share/ament_index/resource_index/packages
copying resource/camera_det3d -> /home/angelina/EAT40005-Project/ros2_ws/install/camera_det3d/share/ament_index/resource_index/packages
copying package.xml -> /home/angelina/EAT40005-Project/ros2_ws/install/camera_det3d/share/camera_det3d
copying launch/cam_det3d_demo.launch.py -> /home/angelina/EAT40005-Project/ros2_ws/install/camera_det3d/share/camera_det3d
running install_egg_info
Copying ../../../../build/camera_det3d/camera_det3d.egg-info to /home/angelina/EAT40005-Project/ros2_ws/install/camera_det3d/lib/python3.10/site-packages/camera_det3d-0.0.0-py3.10.egg-info
running install_scripts
Installing camera_det3d script to /home/angelina/EAT40005-Project/ros2_ws/install/camera_det3d/lib/camera_det3d
writing list of installed files to '/home/angelina/EAT40005-Project/ros2_ws/build/camera_det3d/install.log'
