[3.148s] Invoking command in '/home/angelina/EAT40005-Project/ros2_ws/src/cam_lidar_tools/camera/camera_det3d': PYTHONPATH=/home/angelina/EAT40005-Project/ros2_ws/build/camera_det3d/prefix_override:/usr/lib/python3/dist-packages/colcon_core/task/python/colcon_distutils_commands:/home/angelina/EAT40005-Project/ros2_ws/install/camera_det3d/lib/python3.10/site-packages:${PYTHONPATH} /usr/bin/python3 -W ignore:setup.py install is deprecated -W ignore:easy_install command is deprecated setup.py egg_info --egg-base ../../../../build/camera_det3d build --build-base /home/angelina/EAT40005-Project/ros2_ws/build/camera_det3d/build install --record /home/angelina/EAT40005-Project/ros2_ws/build/camera_det3d/install.log --single-version-externally-managed install_data
[3.447s] running egg_info
[3.447s] creating ../../../../build/camera_det3d/camera_det3d.egg-info
[3.447s] writing ../../../../build/camera_det3d/camera_det3d.egg-info/PKG-INFO
[3.447s] writing dependency_links to ../../../../build/camera_det3d/camera_det3d.egg-info/dependency_links.txt
[3.448s] writing entry points to ../../../../build/camera_det3d/camera_det3d.egg-info/entry_points.txt
[3.448s] writing requirements to ../../../../build/camera_det3d/camera_det3d.egg-info/requires.txt
[3.448s] writing top-level names to ../../../../build/camera_det3d/camera_det3d.egg-info/top_level.txt
[3.448s] writing manifest file '../../../../build/camera_det3d/camera_det3d.egg-info/SOURCES.txt'
[3.450s] reading manifest file '../../../../build/camera_det3d/camera_det3d.egg-info/SOURCES.txt'
[3.451s] writing manifest file '../../../../build/camera_det3d/camera_det3d.egg-info/SOURCES.txt'
[3.451s] running build
[3.451s] running build_py
[3.452s] creating /home/angelina/EAT40005-Project/ros2_ws/build/camera_det3d/build
[3.452s] creating /home/angelina/EAT40005-Project/ros2_ws/build/camera_det3d/build/lib
[3.452s] creating /home/angelina/EAT40005-Project/ros2_ws/build/camera_det3d/build/lib/camera_det3d
[3.452s] copying camera_det3d/__init__.py -> /home/angelina/EAT40005-Project/ros2_ws/build/camera_det3d/build/lib/camera_det3d
[3.452s] copying camera_det3d/l_shape.py -> /home/angelina/EAT40005-Project/ros2_ws/build/camera_det3d/build/lib/camera_det3d
[3.452s] copying camera_det3d/camera_det3d_node.py -> /home/angelina/EAT40005-Project/ros2_ws/build/camera_det3d/build/lib/camera_det3d
[3.452s] running install
[3.453s] running install_lib
[3.454s] creating /home/angelina/EAT40005-Project/ros2_ws/install/camera_det3d/lib/python3.10/site-packages/camera_det3d
[3.454s] copying /home/angelina/EAT40005-Project/ros2_ws/build/camera_det3d/build/lib/camera_det3d/__init__.py -> /home/angelina/EAT40005-Project/ros2_ws/install/camera_det3d/lib/python3.10/site-packages/camera_det3d
[3.455s] copying /home/angelina/EAT40005-Project/ros2_ws/build/camera_det3d/build/lib/camera_det3d/l_shape.py -> /home/angelina/EAT40005-Project/ros2_ws/install/camera_det3d/lib/python3.10/site-packages/camera_det3d
[3.455s] copying /home/angelina/EAT40005-Project/ros2_ws/build/camera_det3d/build/lib/camera_det3d/camera_det3d_node.py -> /home/angelina/EAT40005-Project/ros2_ws/install/camera_det3d/lib/python3.10/site-packages/camera_det3d
[3.456s] byte-compiling /home/angelina/EAT40005-Project/ros2_ws/install/camera_det3d/lib/python3.10/site-packages/camera_det3d/__init__.py to __init__.cpython-310.pyc
[3.457s] byte-compiling /home/angelina/EAT40005-Project/ros2_ws/install/camera_det3d/lib/python3.10/site-packages/camera_det3d/l_shape.py to l_shape.cpython-310.pyc
[3.461s] byte-compiling /home/angelina/EAT40005-Project/ros2_ws/install/camera_det3d/lib/python3.10/site-packages/camera_det3d/camera_det3d_node.py to camera_det3d_node.cpython-310.pyc
[3.466s] running install_data
[3.467s] creating /home/angelina/EAT40005-Project/ros2_ws/install/camera_det3d/share/ament_index
[3.468s] creating /home/angelina/EAT40005-Project/ros2_ws/install/camera_det3d/share/ament_index/resource_index
[3.468s] creating /home/angelina/EAT40005-Project/ros2_ws/install/camera_det3d/share/ament_index/resource_index/packages
[3.468s] copying resource/camera_det3d -> /home/angelina/EAT40005-Project/ros2_ws/install/camera_det3d/share/ament_index/resource_index/packages
[3.468s] copying package.xml -> /home/angelina/EAT40005-Project/ros2_ws/install/camera_det3d/share/camera_det3d
[3.469s] copying launch/cam_det3d_demo.launch.py -> /home/angelina/EAT40005-Project/ros2_ws/install/camera_det3d/share/camera_det3d
[3.469s] running install_egg_info
[3.472s] Copying ../../../../build/camera_det3d/camera_det3d.egg-info to /home/angelina/EAT40005-Project/ros2_ws/install/camera_det3d/lib/python3.10/site-packages/camera_det3d-0.0.0-py3.10.egg-info
[3.474s] running install_scripts
[3.508s] Installing camera_det3d script to /home/angelina/EAT40005-Project/ros2_ws/install/camera_det3d/lib/camera_det3d
[3.508s] writing list of installed files to '/home/angelina/EAT40005-Project/ros2_ws/build/camera_det3d/install.log'
[3.592s] Invoked command in '/home/angelina/EAT40005-Project/ros2_ws/src/cam_lidar_tools/camera/camera_det3d' returned '0': PYTHONPATH=/home/angelina/EAT40005-Project/ros2_ws/build/camera_det3d/prefix_override:/usr/lib/python3/dist-packages/colcon_core/task/python/colcon_distutils_commands:/home/angelina/EAT40005-Project/ros2_ws/install/camera_det3d/lib/python3.10/site-packages:${PYTHONPATH} /usr/bin/python3 -W ignore:setup.py install is deprecated -W ignore:easy_install command is deprecated setup.py egg_info --egg-base ../../../../build/camera_det3d build --build-base /home/angelina/EAT40005-Project/ros2_ws/build/camera_det3d/build install --record /home/angelina/EAT40005-Project/ros2_ws/build/camera_det3d/install.log --single-version-externally-managed install_data
